<!doctype html public "-//w3c//dtd html 4.0 transitional//en">
<html><head>
<title>Static Call Graph - [stm32f407-ucosii\stm32f407-ucosii.axf]</title></head>
<body><HR>
<H1>Static Call Graph for image stm32f407-ucosii\stm32f407-ucosii.axf</H1><HR>
<BR><P>#&#060CALLGRAPH&#062# ARM Linker, 5060750: Last Updated: Mon Jun 15 18:35:52 2020
<BR><P>
<H3>Maximum Stack Usage =       1792 bytes + Unknown(Functions without stacksize, Cycles, Untraceable Function Pointers)</H3><H3>
Call chain for Maximum Stack Depth:</H3>
tcp_task &rArr; publish_info_to_aliyun &rArr; mqttClientPublish &rArr; mqttClientProcessEvents &rArr; mqttClientReceivePacket &rArr; mqttClientReceiveData &rArr; webSocketReceive &rArr; webSocketReceiveEx &rArr; webSocketReceiveData &rArr; tlsRead &rArr; tlsConnect &rArr; tlsPerformHandshake &rArr; tlsPerformClientHandshake &rArr; tlsReceiveHandshakeMessage &rArr; tlsParseHandshakeMessage &rArr; tlsParseServerHandshakeMessage &rArr; tlsParseCertificate &rArr; tlsParseCertificateList &rArr; tlsValidateCertificate &rArr; x509ValidateCertificate &rArr; x509VerifySignature &rArr; ecdsaVerifySignature &rArr; ecTwinMult &rArr; ecFullSub &rArr; ecFullAdd &rArr; ecAdd &rArr; ecSqrMod &rArr; mpiMul &rArr; mpiCopy &rArr; mpiGrow &rArr; osFreeMem &rArr; osResumeAllTasks &rArr; OSSchedUnlock &rArr; OS_Sched
<P>
<H3>
Functions with no stack information
</H3><UL>
 <LI><a href="#[12e]">OS_CPU_FP_Reg_Push</a>
 <LI><a href="#[12f]">OS_CPU_FP_Reg_Pop</a>
 <LI><a href="#[f4]">OS_CPU_SR_Save</a>
 <LI><a href="#[f5]">OS_CPU_SR_Restore</a>
 <LI><a href="#[118]">OSStartHighRdy</a>
 <LI><a href="#[13e]">OSCtxSw</a>
 <LI><a href="#[10c]">OSIntCtxSw</a>
 <LI><a href="#[8]">PendSV_Handler</a>
</UL>
</UL>
<P>
<H3>
Mutually Recursive functions
</H3> <LI><a href="#[1c]">ADC_IRQHandler</a>&nbsp;&nbsp;&nbsp;&rArr;&nbsp;&nbsp;&nbsp;<a href="#[1c]">ADC_IRQHandler</a><BR>
 <LI><a href="#[4]">BusFault_Handler</a>&nbsp;&nbsp;&nbsp;&rArr;&nbsp;&nbsp;&nbsp;<a href="#[4]">BusFault_Handler</a><BR>
 <LI><a href="#[2]">HardFault_Handler</a>&nbsp;&nbsp;&nbsp;&rArr;&nbsp;&nbsp;&nbsp;<a href="#[2]">HardFault_Handler</a><BR>
 <LI><a href="#[3]">MemManage_Handler</a>&nbsp;&nbsp;&nbsp;&rArr;&nbsp;&nbsp;&nbsp;<a href="#[3]">MemManage_Handler</a><BR>
 <LI><a href="#[5]">UsageFault_Handler</a>&nbsp;&nbsp;&nbsp;&rArr;&nbsp;&nbsp;&nbsp;<a href="#[5]">UsageFault_Handler</a><BR>
 <LI><a href="#[1ce]">dnsParseName</a>&nbsp;&nbsp;&nbsp;&rArr;&nbsp;&nbsp;&nbsp;<a href="#[1ce]">dnsParseName</a><BR>
 <LI><a href="#[1c7]">dnsCompareName</a>&nbsp;&nbsp;&nbsp;&rArr;&nbsp;&nbsp;&nbsp;<a href="#[1c7]">dnsCompareName</a><BR>
 <LI><a href="#[251]">icmpv6SendErrorMessage</a>&nbsp;&nbsp;&nbsp;&rArr;&nbsp;&nbsp;&nbsp;<a href="#[246]">ipv6SendDatagram</a><BR>
 <LI><a href="#[327]">ndpSendNeighborSol</a>&nbsp;&nbsp;&nbsp;&rArr;&nbsp;&nbsp;&nbsp;<a href="#[246]">ipv6SendDatagram</a><BR>
 <LI><a href="#[29b]">ipv6ParseFragmentHeader</a>&nbsp;&nbsp;&nbsp;&rArr;&nbsp;&nbsp;&nbsp;<a href="#[224]">ipv6ProcessPacket</a><BR>
</UL>
<P>
<H3>
Function Pointers
</H3><UL>
 <LI><a href="#[1c]">ADC_IRQHandler</a> from startup_stm32f407xx.o(.text) referenced from startup_stm32f407xx.o(RESET)
 <LI><a href="#[4]">BusFault_Handler</a> from stm32f4xx_it.o(i.BusFault_Handler) referenced from startup_stm32f407xx.o(RESET)
 <LI><a href="#[1e]">CAN1_RX0_IRQHandler</a> from startup_stm32f407xx.o(.text) referenced from startup_stm32f407xx.o(RESET)
 <LI><a href="#[1f]">CAN1_RX1_IRQHandler</a> from startup_stm32f407xx.o(.text) referenced from startup_stm32f407xx.o(RESET)
 <LI><a href="#[20]">CAN1_SCE_IRQHandler</a> from startup_stm32f407xx.o(.text) referenced from startup_stm32f407xx.o(RESET)
 <LI><a href="#[1d]">CAN1_TX_IRQHandler</a> from startup_stm32f407xx.o(.text) referenced from startup_stm32f407xx.o(RESET)
 <LI><a href="#[4a]">CAN2_RX0_IRQHandler</a> from startup_stm32f407xx.o(.text) referenced from startup_stm32f407xx.o(RESET)
 <LI><a href="#[4b]">CAN2_RX1_IRQHandler</a> from startup_stm32f407xx.o(.text) referenced from startup_stm32f407xx.o(RESET)
 <LI><a href="#[4c]">CAN2_SCE_IRQHandler</a> from startup_stm32f407xx.o(.text) referenced from startup_stm32f407xx.o(RESET)
 <LI><a href="#[49]">CAN2_TX_IRQHandler</a> from startup_stm32f407xx.o(.text) referenced from startup_stm32f407xx.o(RESET)
 <LI><a href="#[58]">DCMI_IRQHandler</a> from startup_stm32f407xx.o(.text) referenced from startup_stm32f407xx.o(RESET)
 <LI><a href="#[15]">DMA1_Stream0_IRQHandler</a> from startup_stm32f407xx.o(.text) referenced from startup_stm32f407xx.o(RESET)
 <LI><a href="#[16]">DMA1_Stream1_IRQHandler</a> from startup_stm32f407xx.o(.text) referenced from startup_stm32f407xx.o(RESET)
 <LI><a href="#[17]">DMA1_Stream2_IRQHandler</a> from startup_stm32f407xx.o(.text) referenced from startup_stm32f407xx.o(RESET)
 <LI><a href="#[18]">DMA1_Stream3_IRQHandler</a> from startup_stm32f407xx.o(.text) referenced from startup_stm32f407xx.o(RESET)
 <LI><a href="#[19]">DMA1_Stream4_IRQHandler</a> from startup_stm32f407xx.o(.text) referenced from startup_stm32f407xx.o(RESET)
 <LI><a href="#[1a]">DMA1_Stream5_IRQHandler</a> from startup_stm32f407xx.o(.text) referenced from startup_stm32f407xx.o(RESET)
 <LI><a href="#[1b]">DMA1_Stream6_IRQHandler</a> from startup_stm32f407xx.o(.text) referenced from startup_stm32f407xx.o(RESET)
 <LI><a href="#[39]">DMA1_Stream7_IRQHandler</a> from startup_stm32f407xx.o(.text) referenced from startup_stm32f407xx.o(RESET)
 <LI><a href="#[42]">DMA2_Stream0_IRQHandler</a> from startup_stm32f407xx.o(.text) referenced from startup_stm32f407xx.o(RESET)
 <LI><a href="#[43]">DMA2_Stream1_IRQHandler</a> from startup_stm32f407xx.o(.text) referenced from startup_stm32f407xx.o(RESET)
 <LI><a href="#[44]">DMA2_Stream2_IRQHandler</a> from startup_stm32f407xx.o(.text) referenced from startup_stm32f407xx.o(RESET)
 <LI><a href="#[45]">DMA2_Stream3_IRQHandler</a> from startup_stm32f407xx.o(.text) referenced from startup_stm32f407xx.o(RESET)
 <LI><a href="#[46]">DMA2_Stream4_IRQHandler</a> from startup_stm32f407xx.o(.text) referenced from startup_stm32f407xx.o(RESET)
 <LI><a href="#[4e]">DMA2_Stream5_IRQHandler</a> from startup_stm32f407xx.o(.text) referenced from startup_stm32f407xx.o(RESET)
 <LI><a href="#[4f]">DMA2_Stream6_IRQHandler</a> from startup_stm32f407xx.o(.text) referenced from startup_stm32f407xx.o(RESET)
 <LI><a href="#[50]">DMA2_Stream7_IRQHandler</a> from startup_stm32f407xx.o(.text) referenced from startup_stm32f407xx.o(RESET)
 <LI><a href="#[7]">DebugMon_Handler</a> from stm32f4xx_it.o(i.DebugMon_Handler) referenced from startup_stm32f407xx.o(RESET)
 <LI><a href="#[47]">ETH_IRQHandler</a> from stm32f4xx_eth_driver.o(i.ETH_IRQHandler) referenced from startup_stm32f407xx.o(RESET)
 <LI><a href="#[48]">ETH_WKUP_IRQHandler</a> from startup_stm32f407xx.o(.text) referenced from startup_stm32f407xx.o(RESET)
 <LI><a href="#[10]">EXTI0_IRQHandler</a> from startup_stm32f407xx.o(.text) referenced from startup_stm32f407xx.o(RESET)
 <LI><a href="#[32]">EXTI15_10_IRQHandler</a> from startup_stm32f407xx.o(.text) referenced from startup_stm32f407xx.o(RESET)
 <LI><a href="#[11]">EXTI1_IRQHandler</a> from startup_stm32f407xx.o(.text) referenced from startup_stm32f407xx.o(RESET)
 <LI><a href="#[12]">EXTI2_IRQHandler</a> from startup_stm32f407xx.o(.text) referenced from startup_stm32f407xx.o(RESET)
 <LI><a href="#[13]">EXTI3_IRQHandler</a> from startup_stm32f407xx.o(.text) referenced from startup_stm32f407xx.o(RESET)
 <LI><a href="#[14]">EXTI4_IRQHandler</a> from startup_stm32f407xx.o(.text) referenced from startup_stm32f407xx.o(RESET)
 <LI><a href="#[21]">EXTI9_5_IRQHandler</a> from startup_stm32f407xx.o(.text) referenced from startup_stm32f407xx.o(RESET)
 <LI><a href="#[e]">FLASH_IRQHandler</a> from startup_stm32f407xx.o(.text) referenced from startup_stm32f407xx.o(RESET)
 <LI><a href="#[3a]">FMC_IRQHandler</a> from startup_stm32f407xx.o(.text) referenced from startup_stm32f407xx.o(RESET)
 <LI><a href="#[5a]">FPU_IRQHandler</a> from startup_stm32f407xx.o(.text) referenced from startup_stm32f407xx.o(RESET)
 <LI><a href="#[59]">HASH_RNG_IRQHandler</a> from startup_stm32f407xx.o(.text) referenced from startup_stm32f407xx.o(RESET)
 <LI><a href="#[2]">HardFault_Handler</a> from stm32f4xx_it.o(i.HardFault_Handler) referenced from startup_stm32f407xx.o(RESET)
 <LI><a href="#[2a]">I2C1_ER_IRQHandler</a> from startup_stm32f407xx.o(.text) referenced from startup_stm32f407xx.o(RESET)
 <LI><a href="#[29]">I2C1_EV_IRQHandler</a> from startup_stm32f407xx.o(.text) referenced from startup_stm32f407xx.o(RESET)
 <LI><a href="#[2c]">I2C2_ER_IRQHandler</a> from startup_stm32f407xx.o(.text) referenced from startup_stm32f407xx.o(RESET)
 <LI><a href="#[2b]">I2C2_EV_IRQHandler</a> from startup_stm32f407xx.o(.text) referenced from startup_stm32f407xx.o(RESET)
 <LI><a href="#[53]">I2C3_ER_IRQHandler</a> from startup_stm32f407xx.o(.text) referenced from startup_stm32f407xx.o(RESET)
 <LI><a href="#[52]">I2C3_EV_IRQHandler</a> from startup_stm32f407xx.o(.text) referenced from startup_stm32f407xx.o(RESET)
 <LI><a href="#[3]">MemManage_Handler</a> from stm32f4xx_it.o(i.MemManage_Handler) referenced from startup_stm32f407xx.o(RESET)
 <LI><a href="#[1]">NMI_Handler</a> from stm32f4xx_it.o(i.NMI_Handler) referenced from startup_stm32f407xx.o(RESET)
 <LI><a href="#[5e]">OSTaskSwHook</a> from os_cpu_c.o(i.OSTaskSwHook) referenced from os_cpu_a.o(.text)
 <LI><a href="#[63]">OSTmr_Task</a> from os_tmr.o(i.OSTmr_Task) referenced from os_tmr.o(i.OSTmr_Init)
 <LI><a href="#[60]">OS_TaskIdle</a> from os_core.o(i.OS_TaskIdle) referenced from os_core.o(i.OSInit)
 <LI><a href="#[62]">OS_TaskReturn</a> from os_task.o(i.OS_TaskReturn) referenced from os_cpu_c.o(i.OSTaskStkInit)
 <LI><a href="#[61]">OS_TaskStat</a> from os_core.o(i.OS_TaskStat) referenced from os_core.o(i.OSInit)
 <LI><a href="#[4d]">OTG_FS_IRQHandler</a> from startup_stm32f407xx.o(.text) referenced from startup_stm32f407xx.o(RESET)
 <LI><a href="#[34]">OTG_FS_WKUP_IRQHandler</a> from startup_stm32f407xx.o(.text) referenced from startup_stm32f407xx.o(RESET)
 <LI><a href="#[55]">OTG_HS_EP1_IN_IRQHandler</a> from startup_stm32f407xx.o(.text) referenced from startup_stm32f407xx.o(RESET)
 <LI><a href="#[54]">OTG_HS_EP1_OUT_IRQHandler</a> from startup_stm32f407xx.o(.text) referenced from startup_stm32f407xx.o(RESET)
 <LI><a href="#[57]">OTG_HS_IRQHandler</a> from startup_stm32f407xx.o(.text) referenced from startup_stm32f407xx.o(RESET)
 <LI><a href="#[56]">OTG_HS_WKUP_IRQHandler</a> from startup_stm32f407xx.o(.text) referenced from startup_stm32f407xx.o(RESET)
 <LI><a href="#[b]">PVD_IRQHandler</a> from startup_stm32f407xx.o(.text) referenced from startup_stm32f407xx.o(RESET)
 <LI><a href="#[8]">PendSV_Handler</a> from os_cpu_a.o(.text) referenced from startup_stm32f407xx.o(RESET)
 <LI><a href="#[f]">RCC_IRQHandler</a> from startup_stm32f407xx.o(.text) referenced from startup_stm32f407xx.o(RESET)
 <LI><a href="#[33]">RTC_Alarm_IRQHandler</a> from startup_stm32f407xx.o(.text) referenced from startup_stm32f407xx.o(RESET)
 <LI><a href="#[d]">RTC_WKUP_IRQHandler</a> from startup_stm32f407xx.o(.text) referenced from startup_stm32f407xx.o(RESET)
 <LI><a href="#[0]">Reset_Handler</a> from startup_stm32f407xx.o(.text) referenced from startup_stm32f407xx.o(RESET)
 <LI><a href="#[3b]">SDIO_IRQHandler</a> from startup_stm32f407xx.o(.text) referenced from startup_stm32f407xx.o(RESET)
 <LI><a href="#[2d]">SPI1_IRQHandler</a> from startup_stm32f407xx.o(.text) referenced from startup_stm32f407xx.o(RESET)
 <LI><a href="#[2e]">SPI2_IRQHandler</a> from startup_stm32f407xx.o(.text) referenced from startup_stm32f407xx.o(RESET)
 <LI><a href="#[3d]">SPI3_IRQHandler</a> from startup_stm32f407xx.o(.text) referenced from startup_stm32f407xx.o(RESET)
 <LI><a href="#[6]">SVC_Handler</a> from stm32f4xx_it.o(i.SVC_Handler) referenced from startup_stm32f407xx.o(RESET)
 <LI><a href="#[9]">SysTick_Handler</a> from stm32f4xx_it.o(i.SysTick_Handler) referenced from startup_stm32f407xx.o(RESET)
 <LI><a href="#[5c]">SystemInit</a> from system_stm32f4xx.o(i.SystemInit) referenced from startup_stm32f407xx.o(.text)
 <LI><a href="#[c]">TAMP_STAMP_IRQHandler</a> from startup_stm32f407xx.o(.text) referenced from startup_stm32f407xx.o(RESET)
 <LI><a href="#[22]">TIM1_BRK_TIM9_IRQHandler</a> from startup_stm32f407xx.o(.text) referenced from startup_stm32f407xx.o(RESET)
 <LI><a href="#[25]">TIM1_CC_IRQHandler</a> from startup_stm32f407xx.o(.text) referenced from startup_stm32f407xx.o(RESET)
 <LI><a href="#[24]">TIM1_TRG_COM_TIM11_IRQHandler</a> from startup_stm32f407xx.o(.text) referenced from startup_stm32f407xx.o(RESET)
 <LI><a href="#[23]">TIM1_UP_TIM10_IRQHandler</a> from startup_stm32f407xx.o(.text) referenced from startup_stm32f407xx.o(RESET)
 <LI><a href="#[26]">TIM2_IRQHandler</a> from startup_stm32f407xx.o(.text) referenced from startup_stm32f407xx.o(RESET)
 <LI><a href="#[27]">TIM3_IRQHandler</a> from startup_stm32f407xx.o(.text) referenced from startup_stm32f407xx.o(RESET)
 <LI><a href="#[28]">TIM4_IRQHandler</a> from startup_stm32f407xx.o(.text) referenced from startup_stm32f407xx.o(RESET)
 <LI><a href="#[3c]">TIM5_IRQHandler</a> from startup_stm32f407xx.o(.text) referenced from startup_stm32f407xx.o(RESET)
 <LI><a href="#[40]">TIM6_DAC_IRQHandler</a> from startup_stm32f407xx.o(.text) referenced from startup_stm32f407xx.o(RESET)
 <LI><a href="#[41]">TIM7_IRQHandler</a> from startup_stm32f407xx.o(.text) referenced from startup_stm32f407xx.o(RESET)
 <LI><a href="#[35]">TIM8_BRK_TIM12_IRQHandler</a> from startup_stm32f407xx.o(.text) referenced from startup_stm32f407xx.o(RESET)
 <LI><a href="#[38]">TIM8_CC_IRQHandler</a> from startup_stm32f407xx.o(.text) referenced from startup_stm32f407xx.o(RESET)
 <LI><a href="#[37]">TIM8_TRG_COM_TIM14_IRQHandler</a> from startup_stm32f407xx.o(.text) referenced from startup_stm32f407xx.o(RESET)
 <LI><a href="#[36]">TIM8_UP_TIM13_IRQHandler</a> from startup_stm32f407xx.o(.text) referenced from startup_stm32f407xx.o(RESET)
 <LI><a href="#[3e]">UART4_IRQHandler</a> from startup_stm32f407xx.o(.text) referenced from startup_stm32f407xx.o(RESET)
 <LI><a href="#[3f]">UART5_IRQHandler</a> from startup_stm32f407xx.o(.text) referenced from startup_stm32f407xx.o(RESET)
 <LI><a href="#[5f]">UART_DMAAbortOnError</a> from stm32f4xx_hal_uart.o(i.UART_DMAAbortOnError) referenced from stm32f4xx_hal_uart.o(i.HAL_UART_IRQHandler)
 <LI><a href="#[2f]">USART1_IRQHandler</a> from stm32f4xx_it.o(i.USART1_IRQHandler) referenced from startup_stm32f407xx.o(RESET)
 <LI><a href="#[30]">USART2_IRQHandler</a> from startup_stm32f407xx.o(.text) referenced from startup_stm32f407xx.o(RESET)
 <LI><a href="#[31]">USART3_IRQHandler</a> from startup_stm32f407xx.o(.text) referenced from startup_stm32f407xx.o(RESET)
 <LI><a href="#[51]">USART6_IRQHandler</a> from startup_stm32f407xx.o(.text) referenced from startup_stm32f407xx.o(RESET)
 <LI><a href="#[5]">UsageFault_Handler</a> from stm32f4xx_it.o(i.UsageFault_Handler) referenced from startup_stm32f407xx.o(RESET)
 <LI><a href="#[a]">WWDG_IRQHandler</a> from startup_stm32f407xx.o(.text) referenced from startup_stm32f407xx.o(RESET)
 <LI><a href="#[5d]">__main</a> from entry.o(.ARM.Collect$$$$00000000) referenced from startup_stm32f407xx.o(.text)
 <LI><a href="#[66]">_snputc</a> from printfa.o(i._snputc) referenced from printfa.o(i.__0vsnprintf)
 <LI><a href="#[65]">_sputc</a> from printfa.o(i._sputc) referenced from printfa.o(i.__0sprintf)
 <LI><a href="#[8c]">aesDecryptBlock</a> from aes.o(i.aesDecryptBlock) referenced from aes.o(.constdata)
 <LI><a href="#[8b]">aesEncryptBlock</a> from aes.o(i.aesEncryptBlock) referenced from aes.o(.constdata)
 <LI><a href="#[8a]">aesInit</a> from aes.o(i.aesInit) referenced from aes.o(.constdata)
 <LI><a href="#[6a]">dhcpClientProcessMessage</a> from dhcp_client.o(i.dhcpClientProcessMessage) referenced from dhcp_client.o(i.dhcpClientInit)
 <LI><a href="#[6b]">dnsProcessResponse</a> from dns_client.o(i.dnsProcessResponse) referenced from dns_client.o(i.dnsResolve)
 <LI><a href="#[64]">fputc</a> from debug.o(i.fputc) referenced from printfa.o(i.__0fprintf)
 <LI><a href="#[9e]">lan8720DisableIrq</a> from lan8720_driver.o(i.lan8720DisableIrq) referenced from lan8720_driver.o(.constdata)
 <LI><a href="#[9d]">lan8720EnableIrq</a> from lan8720_driver.o(i.lan8720EnableIrq) referenced from lan8720_driver.o(.constdata)
 <LI><a href="#[9f]">lan8720EventHandler</a> from lan8720_driver.o(i.lan8720EventHandler) referenced from lan8720_driver.o(.constdata)
 <LI><a href="#[9b]">lan8720Init</a> from lan8720_driver.o(i.lan8720Init) referenced from lan8720_driver.o(.constdata)
 <LI><a href="#[9c]">lan8720Tick</a> from lan8720_driver.o(i.lan8720Tick) referenced from lan8720_driver.o(.constdata)
 <LI><a href="#[67]">led_blink_task</a> from app_main.o(i.led_blink_task) referenced from app_main.o(i.create_app_task)
 <LI><a href="#[6c]">llmnrProcessQuery</a> from llmnr_responder.o(i.llmnrProcessQuery) referenced from llmnr_responder.o(i.llmnrResponderInit)
 <LI><a href="#[5b]">main</a> from main.o(i.main) referenced from entry9a.o(.ARM.Collect$$$$0000000B)
 <LI><a href="#[72]">md5Compute</a> from md5.o(i.md5Compute) referenced from md5.o(.constdata)
 <LI><a href="#[75]">md5Final</a> from md5.o(i.md5Final) referenced from md5.o(.constdata)
 <LI><a href="#[76]">md5FinalRaw</a> from md5.o(i.md5FinalRaw) referenced from md5.o(.constdata)
 <LI><a href="#[73]">md5Init</a> from md5.o(i.md5Init) referenced from md5.o(.constdata)
 <LI><a href="#[74]">md5Update</a> from md5.o(i.md5Update) referenced from md5.o(.constdata)
 <LI><a href="#[6f]">mqttTestPublishCallback</a> from app_mqtt.o(i.mqttTestPublishCallback) referenced from app_mqtt.o(i.mqttConnect)
 <LI><a href="#[70]">nbnsProcessMessage</a> from nbns_common.o(i.nbnsProcessMessage) referenced from nbns_common.o(i.nbnsInit)
 <LI><a href="#[71]">netTask</a> from net.o(i.netTask) referenced from net.o(i.netInit)
 <LI><a href="#[8d]">secp224r1Mod</a> from ec_curves.o(i.secp224r1Mod) referenced from ec_curves.o(.constdata)
 <LI><a href="#[8e]">secp256r1Mod</a> from ec_curves.o(i.secp256r1Mod) referenced from ec_curves.o(.constdata)
 <LI><a href="#[8f]">secp384r1Mod</a> from ec_curves.o(i.secp384r1Mod) referenced from ec_curves.o(.constdata)
 <LI><a href="#[90]">secp521r1Mod</a> from ec_curves.o(i.secp521r1Mod) referenced from ec_curves.o(.constdata)
 <LI><a href="#[77]">sha1Compute</a> from sha1.o(i.sha1Compute) referenced from sha1.o(.constdata)
 <LI><a href="#[7a]">sha1Final</a> from sha1.o(i.sha1Final) referenced from sha1.o(.constdata)
 <LI><a href="#[7b]">sha1FinalRaw</a> from sha1.o(i.sha1FinalRaw) referenced from sha1.o(.constdata)
 <LI><a href="#[78]">sha1Init</a> from sha1.o(i.sha1Init) referenced from sha1.o(.constdata)
 <LI><a href="#[79]">sha1Update</a> from sha1.o(i.sha1Update) referenced from sha1.o(.constdata)
 <LI><a href="#[7c]">sha256Compute</a> from sha256.o(i.sha256Compute) referenced from sha256.o(.constdata)
 <LI><a href="#[7f]">sha256Final</a> from sha256.o(i.sha256Final) referenced from sha256.o(.constdata)
 <LI><a href="#[80]">sha256FinalRaw</a> from sha256.o(i.sha256FinalRaw) referenced from sha256.o(.constdata)
 <LI><a href="#[7d]">sha256Init</a> from sha256.o(i.sha256Init) referenced from sha256.o(.constdata)
 <LI><a href="#[7e]">sha256Update</a> from sha256.o(i.sha256Update) referenced from sha256.o(.constdata)
 <LI><a href="#[81]">sha384Compute</a> from sha384.o(i.sha384Compute) referenced from sha384.o(.constdata)
 <LI><a href="#[84]">sha384Final</a> from sha384.o(i.sha384Final) referenced from sha384.o(.constdata)
 <LI><a href="#[85]">sha384FinalRaw</a> from sha384.o(i.sha384FinalRaw) referenced from sha384.o(.constdata)
 <LI><a href="#[82]">sha384Init</a> from sha384.o(i.sha384Init) referenced from sha384.o(.constdata)
 <LI><a href="#[83]">sha384Update</a> from sha384.o(i.sha384Update) referenced from sha384.o(.constdata)
 <LI><a href="#[86]">sha512Compute</a> from sha512.o(i.sha512Compute) referenced from sha512.o(.constdata)
 <LI><a href="#[89]">sha512Final</a> from sha512.o(i.sha512Final) referenced from sha512.o(.constdata)
 <LI><a href="#[87]">sha512Init</a> from sha512.o(i.sha512Init) referenced from sha512.o(.constdata)
 <LI><a href="#[88]">sha512Update</a> from sha512.o(i.sha512Update) referenced from sha512.o(.constdata)
 <LI><a href="#[6d]">socketReceive</a> from socket.o(i.socketReceive) referenced from mqtt_client_transport.o(i.mqttClientOpenConnection)
 <LI><a href="#[6d]">socketReceive</a> from socket.o(i.socketReceive) referenced from web_socket_transport.o(i.webSocketOpenConnection)
 <LI><a href="#[6e]">socketSend</a> from socket.o(i.socketSend) referenced from mqtt_client_transport.o(i.mqttClientOpenConnection)
 <LI><a href="#[6e]">socketSend</a> from socket.o(i.socketSend) referenced from web_socket_transport.o(i.webSocketOpenConnection)
 <LI><a href="#[94]">stm32f4xxEthDisableIrq</a> from stm32f4xx_eth_driver.o(i.stm32f4xxEthDisableIrq) referenced from stm32f4xx_eth_driver.o(.constdata)
 <LI><a href="#[93]">stm32f4xxEthEnableIrq</a> from stm32f4xx_eth_driver.o(i.stm32f4xxEthEnableIrq) referenced from stm32f4xx_eth_driver.o(.constdata)
 <LI><a href="#[95]">stm32f4xxEthEventHandler</a> from stm32f4xx_eth_driver.o(i.stm32f4xxEthEventHandler) referenced from stm32f4xx_eth_driver.o(.constdata)
 <LI><a href="#[91]">stm32f4xxEthInit</a> from stm32f4xx_eth_driver.o(i.stm32f4xxEthInit) referenced from stm32f4xx_eth_driver.o(.constdata)
 <LI><a href="#[9a]">stm32f4xxEthReadPhyReg</a> from stm32f4xx_eth_driver.o(i.stm32f4xxEthReadPhyReg) referenced from stm32f4xx_eth_driver.o(.constdata)
 <LI><a href="#[96]">stm32f4xxEthSendPacket</a> from stm32f4xx_eth_driver.o(i.stm32f4xxEthSendPacket) referenced from stm32f4xx_eth_driver.o(.constdata)
 <LI><a href="#[92]">stm32f4xxEthTick</a> from stm32f4xx_eth_driver.o(i.stm32f4xxEthTick) referenced from stm32f4xx_eth_driver.o(.constdata)
 <LI><a href="#[97]">stm32f4xxEthUpdateMacAddrFilter</a> from stm32f4xx_eth_driver.o(i.stm32f4xxEthUpdateMacAddrFilter) referenced from stm32f4xx_eth_driver.o(.constdata)
 <LI><a href="#[98]">stm32f4xxEthUpdateMacConfig</a> from stm32f4xx_eth_driver.o(i.stm32f4xxEthUpdateMacConfig) referenced from stm32f4xx_eth_driver.o(.constdata)
 <LI><a href="#[99]">stm32f4xxEthWritePhyReg</a> from stm32f4xx_eth_driver.o(i.stm32f4xxEthWritePhyReg) referenced from stm32f4xx_eth_driver.o(.constdata)
 <LI><a href="#[69]">tcp_task</a> from app_main.o(i.tcp_task) referenced from app_main.o(i.create_app_task)
 <LI><a href="#[68]">uart_task</a> from app_main.o(i.uart_task) referenced from app_main.o(i.create_app_task)
</UL>
<P>
<H3>
Global Symbols
</H3>
<P><STRONG><a name="[5d]"></a>__main</STRONG> (Thumb, 0 bytes, Stack size unknown bytes, entry.o(.ARM.Collect$$$$00000000))
<BR>[Address Reference Count : 1]<UL><LI> startup_stm32f407xx.o(.text)
</UL>
<P><STRONG><a name="[4b1]"></a>_main_stk</STRONG> (Thumb, 0 bytes, Stack size unknown bytes, entry2.o(.ARM.Collect$$$$00000001))

<P><STRONG><a name="[a0]"></a>_main_scatterload</STRONG> (Thumb, 0 bytes, Stack size unknown bytes, entry5.o(.ARM.Collect$$$$00000004))
<BR><BR>[Calls]<UL><LI><a href="#[a1]">&gt;&gt;</a>&nbsp;&nbsp;&nbsp;__scatterload
</UL>

<P><STRONG><a name="[bb]"></a>__main_after_scatterload</STRONG> (Thumb, 0 bytes, Stack size unknown bytes, entry5.o(.ARM.Collect$$$$00000004))
<BR><BR>[Called By]<UL><LI><a href="#[a1]">&gt;&gt;</a>&nbsp;&nbsp;&nbsp;__scatterload
</UL>

<P><STRONG><a name="[4b2]"></a>_main_clock</STRONG> (Thumb, 0 bytes, Stack size unknown bytes, entry7b.o(.ARM.Collect$$$$00000008))

<P><STRONG><a name="[4b3]"></a>_main_cpp_init</STRONG> (Thumb, 0 bytes, Stack size unknown bytes, entry8b.o(.ARM.Collect$$$$0000000A))

<P><STRONG><a name="[4b4]"></a>_main_init</STRONG> (Thumb, 0 bytes, Stack size unknown bytes, entry9a.o(.ARM.Collect$$$$0000000B))

<P><STRONG><a name="[4b5]"></a>__rt_final_cpp</STRONG> (Thumb, 0 bytes, Stack size unknown bytes, entry10a.o(.ARM.Collect$$$$0000000D))

<P><STRONG><a name="[4b6]"></a>__rt_final_exit</STRONG> (Thumb, 0 bytes, Stack size unknown bytes, entry11a.o(.ARM.Collect$$$$0000000F))

<P><STRONG><a name="[0]"></a>Reset_Handler</STRONG> (Thumb, 8 bytes, Stack size 0 bytes, startup_stm32f407xx.o(.text))
<BR>[Address Reference Count : 1]<UL><LI> startup_stm32f407xx.o(RESET)
</UL>
<P><STRONG><a name="[1c]"></a>ADC_IRQHandler</STRONG> (Thumb, 0 bytes, Stack size 0 bytes, startup_stm32f407xx.o(.text))
<BR><BR>[Calls]<UL><LI><a href="#[1c]">&gt;&gt;</a>&nbsp;&nbsp;&nbsp;ADC_IRQHandler
</UL>
<BR>[Called By]<UL><LI><a href="#[1c]">&gt;&gt;</a>&nbsp;&nbsp;&nbsp;ADC_IRQHandler
</UL>
<BR>[Address Reference Count : 1]<UL><LI> startup_stm32f407xx.o(RESET)
</UL>
<P><STRONG><a name="[1e]"></a>CAN1_RX0_IRQHandler</STRONG> (Thumb, 0 bytes, Stack size 0 bytes, startup_stm32f407xx.o(.text))
<BR>[Address Reference Count : 1]<UL><LI> startup_stm32f407xx.o(RESET)
</UL>
<P><STRONG><a name="[1f]"></a>CAN1_RX1_IRQHandler</STRONG> (Thumb, 0 bytes, Stack size 0 bytes, startup_stm32f407xx.o(.text))
<BR>[Address Reference Count : 1]<UL><LI> startup_stm32f407xx.o(RESET)
</UL>
<P><STRONG><a name="[20]"></a>CAN1_SCE_IRQHandler</STRONG> (Thumb, 0 bytes, Stack size 0 bytes, startup_stm32f407xx.o(.text))
<BR>[Address Reference Count : 1]<UL><LI> startup_stm32f407xx.o(RESET)
</UL>
<P><STRONG><a name="[1d]"></a>CAN1_TX_IRQHandler</STRONG> (Thumb, 0 bytes, Stack size 0 bytes, startup_stm32f407xx.o(.text))
<BR>[Address Reference Count : 1]<UL><LI> startup_stm32f407xx.o(RESET)
</UL>
<P><STRONG><a name="[4a]"></a>CAN2_RX0_IRQHandler</STRONG> (Thumb, 0 bytes, Stack size 0 bytes, startup_stm32f407xx.o(.text))
<BR>[Address Reference Count : 1]<UL><LI> startup_stm32f407xx.o(RESET)
</UL>
<P><STRONG><a name="[4b]"></a>CAN2_RX1_IRQHandler</STRONG> (Thumb, 0 bytes, Stack size 0 bytes, startup_stm32f407xx.o(.text))
<BR>[Address Reference Count : 1]<UL><LI> startup_stm32f407xx.o(RESET)
</UL>
<P><STRONG><a name="[4c]"></a>CAN2_SCE_IRQHandler</STRONG> (Thumb, 0 bytes, Stack size 0 bytes, startup_stm32f407xx.o(.text))
<BR>[Address Reference Count : 1]<UL><LI> startup_stm32f407xx.o(RESET)
</UL>
<P><STRONG><a name="[49]"></a>CAN2_TX_IRQHandler</STRONG> (Thumb, 0 bytes, Stack size 0 bytes, startup_stm32f407xx.o(.text))
<BR>[Address Reference Count : 1]<UL><LI> startup_stm32f407xx.o(RESET)
</UL>
<P><STRONG><a name="[58]"></a>DCMI_IRQHandler</STRONG> (Thumb, 0 bytes, Stack size 0 bytes, startup_stm32f407xx.o(.text))
<BR>[Address Reference Count : 1]<UL><LI> startup_stm32f407xx.o(RESET)
</UL>
<P><STRONG><a name="[15]"></a>DMA1_Stream0_IRQHandler</STRONG> (Thumb, 0 bytes, Stack size 0 bytes, startup_stm32f407xx.o(.text))
<BR>[Address Reference Count : 1]<UL><LI> startup_stm32f407xx.o(RESET)
</UL>
<P><STRONG><a name="[16]"></a>DMA1_Stream1_IRQHandler</STRONG> (Thumb, 0 bytes, Stack size 0 bytes, startup_stm32f407xx.o(.text))
<BR>[Address Reference Count : 1]<UL><LI> startup_stm32f407xx.o(RESET)
</UL>
<P><STRONG><a name="[17]"></a>DMA1_Stream2_IRQHandler</STRONG> (Thumb, 0 bytes, Stack size 0 bytes, startup_stm32f407xx.o(.text))
<BR>[Address Reference Count : 1]<UL><LI> startup_stm32f407xx.o(RESET)
</UL>
<P><STRONG><a name="[18]"></a>DMA1_Stream3_IRQHandler</STRONG> (Thumb, 0 bytes, Stack size 0 bytes, startup_stm32f407xx.o(.text))
<BR>[Address Reference Count : 1]<UL><LI> startup_stm32f407xx.o(RESET)
</UL>
<P><STRONG><a name="[19]"></a>DMA1_Stream4_IRQHandler</STRONG> (Thumb, 0 bytes, Stack size 0 bytes, startup_stm32f407xx.o(.text))
<BR>[Address Reference Count : 1]<UL><LI> startup_stm32f407xx.o(RESET)
</UL>
<P><STRONG><a name="[1a]"></a>DMA1_Stream5_IRQHandler</STRONG> (Thumb, 0 bytes, Stack size 0 bytes, startup_stm32f407xx.o(.text))
<BR>[Address Reference Count : 1]<UL><LI> startup_stm32f407xx.o(RESET)
</UL>
<P><STRONG><a name="[1b]"></a>DMA1_Stream6_IRQHandler</STRONG> (Thumb, 0 bytes, Stack size 0 bytes, startup_stm32f407xx.o(.text))
<BR>[Address Reference Count : 1]<UL><LI> startup_stm32f407xx.o(RESET)
</UL>
<P><STRONG><a name="[39]"></a>DMA1_Stream7_IRQHandler</STRONG> (Thumb, 0 bytes, Stack size 0 bytes, startup_stm32f407xx.o(.text))
<BR>[Address Reference Count : 1]<UL><LI> startup_stm32f407xx.o(RESET)
</UL>
<P><STRONG><a name="[42]"></a>DMA2_Stream0_IRQHandler</STRONG> (Thumb, 0 bytes, Stack size 0 bytes, startup_stm32f407xx.o(.text))
<BR>[Address Reference Count : 1]<UL><LI> startup_stm32f407xx.o(RESET)
</UL>
<P><STRONG><a name="[43]"></a>DMA2_Stream1_IRQHandler</STRONG> (Thumb, 0 bytes, Stack size 0 bytes, startup_stm32f407xx.o(.text))
<BR>[Address Reference Count : 1]<UL><LI> startup_stm32f407xx.o(RESET)
</UL>
<P><STRONG><a name="[44]"></a>DMA2_Stream2_IRQHandler</STRONG> (Thumb, 0 bytes, Stack size 0 bytes, startup_stm32f407xx.o(.text))
<BR>[Address Reference Count : 1]<UL><LI> startup_stm32f407xx.o(RESET)
</UL>
<P><STRONG><a name="[45]"></a>DMA2_Stream3_IRQHandler</STRONG> (Thumb, 0 bytes, Stack size 0 bytes, startup_stm32f407xx.o(.text))
<BR>[Address Reference Count : 1]<UL><LI> startup_stm32f407xx.o(RESET)
</UL>
<P><STRONG><a name="[46]"></a>DMA2_Stream4_IRQHandler</STRONG> (Thumb, 0 bytes, Stack size 0 bytes, startup_stm32f407xx.o(.text))
<BR>[Address Reference Count : 1]<UL><LI> startup_stm32f407xx.o(RESET)
</UL>
<P><STRONG><a name="[4e]"></a>DMA2_Stream5_IRQHandler</STRONG> (Thumb, 0 bytes, Stack size 0 bytes, startup_stm32f407xx.o(.text))
<BR>[Address Reference Count : 1]<UL><LI> startup_stm32f407xx.o(RESET)
</UL>
<P><STRONG><a name="[4f]"></a>DMA2_Stream6_IRQHandler</STRONG> (Thumb, 0 bytes, Stack size 0 bytes, startup_stm32f407xx.o(.text))
<BR>[Address Reference Count : 1]<UL><LI> startup_stm32f407xx.o(RESET)
</UL>
<P><STRONG><a name="[50]"></a>DMA2_Stream7_IRQHandler</STRONG> (Thumb, 0 bytes, Stack size 0 bytes, startup_stm32f407xx.o(.text))
<BR>[Address Reference Count : 1]<UL><LI> startup_stm32f407xx.o(RESET)
</UL>
<P><STRONG><a name="[48]"></a>ETH_WKUP_IRQHandler</STRONG> (Thumb, 0 bytes, Stack size 0 bytes, startup_stm32f407xx.o(.text))
<BR>[Address Reference Count : 1]<UL><LI> startup_stm32f407xx.o(RESET)
</UL>
<P><STRONG><a name="[10]"></a>EXTI0_IRQHandler</STRONG> (Thumb, 0 bytes, Stack size 0 bytes, startup_stm32f407xx.o(.text))
<BR>[Address Reference Count : 1]<UL><LI> startup_stm32f407xx.o(RESET)
</UL>
<P><STRONG><a name="[32]"></a>EXTI15_10_IRQHandler</STRONG> (Thumb, 0 bytes, Stack size 0 bytes, startup_stm32f407xx.o(.text))
<BR>[Address Reference Count : 1]<UL><LI> startup_stm32f407xx.o(RESET)
</UL>
<P><STRONG><a name="[11]"></a>EXTI1_IRQHandler</STRONG> (Thumb, 0 bytes, Stack size 0 bytes, startup_stm32f407xx.o(.text))
<BR>[Address Reference Count : 1]<UL><LI> startup_stm32f407xx.o(RESET)
</UL>
<P><STRONG><a name="[12]"></a>EXTI2_IRQHandler</STRONG> (Thumb, 0 bytes, Stack size 0 bytes, startup_stm32f407xx.o(.text))
<BR>[Address Reference Count : 1]<UL><LI> startup_stm32f407xx.o(RESET)
</UL>
<P><STRONG><a name="[13]"></a>EXTI3_IRQHandler</STRONG> (Thumb, 0 bytes, Stack size 0 bytes, startup_stm32f407xx.o(.text))
<BR>[Address Reference Count : 1]<UL><LI> startup_stm32f407xx.o(RESET)
</UL>
<P><STRONG><a name="[14]"></a>EXTI4_IRQHandler</STRONG> (Thumb, 0 bytes, Stack size 0 bytes, startup_stm32f407xx.o(.text))
<BR>[Address Reference Count : 1]<UL><LI> startup_stm32f407xx.o(RESET)
</UL>
<P><STRONG><a name="[21]"></a>EXTI9_5_IRQHandler</STRONG> (Thumb, 0 bytes, Stack size 0 bytes, startup_stm32f407xx.o(.text))
<BR>[Address Reference Count : 1]<UL><LI> startup_stm32f407xx.o(RESET)
</UL>
<P><STRONG><a name="[e]"></a>FLASH_IRQHandler</STRONG> (Thumb, 0 bytes, Stack size 0 bytes, startup_stm32f407xx.o(.text))
<BR>[Address Reference Count : 1]<UL><LI> startup_stm32f407xx.o(RESET)
</UL>
<P><STRONG><a name="[3a]"></a>FMC_IRQHandler</STRONG> (Thumb, 0 bytes, Stack size 0 bytes, startup_stm32f407xx.o(.text))
<BR>[Address Reference Count : 1]<UL><LI> startup_stm32f407xx.o(RESET)
</UL>
<P><STRONG><a name="[5a]"></a>FPU_IRQHandler</STRONG> (Thumb, 0 bytes, Stack size 0 bytes, startup_stm32f407xx.o(.text))
<BR>[Address Reference Count : 1]<UL><LI> startup_stm32f407xx.o(RESET)
</UL>
<P><STRONG><a name="[59]"></a>HASH_RNG_IRQHandler</STRONG> (Thumb, 0 bytes, Stack size 0 bytes, startup_stm32f407xx.o(.text))
<BR>[Address Reference Count : 1]<UL><LI> startup_stm32f407xx.o(RESET)
</UL>
<P><STRONG><a name="[2a]"></a>I2C1_ER_IRQHandler</STRONG> (Thumb, 0 bytes, Stack size 0 bytes, startup_stm32f407xx.o(.text))
<BR>[Address Reference Count : 1]<UL><LI> startup_stm32f407xx.o(RESET)
</UL>
<P><STRONG><a name="[29]"></a>I2C1_EV_IRQHandler</STRONG> (Thumb, 0 bytes, Stack size 0 bytes, startup_stm32f407xx.o(.text))
<BR>[Address Reference Count : 1]<UL><LI> startup_stm32f407xx.o(RESET)
</UL>
<P><STRONG><a name="[2c]"></a>I2C2_ER_IRQHandler</STRONG> (Thumb, 0 bytes, Stack size 0 bytes, startup_stm32f407xx.o(.text))
<BR>[Address Reference Count : 1]<UL><LI> startup_stm32f407xx.o(RESET)
</UL>
<P><STRONG><a name="[2b]"></a>I2C2_EV_IRQHandler</STRONG> (Thumb, 0 bytes, Stack size 0 bytes, startup_stm32f407xx.o(.text))
<BR>[Address Reference Count : 1]<UL><LI> startup_stm32f407xx.o(RESET)
</UL>
<P><STRONG><a name="[53]"></a>I2C3_ER_IRQHandler</STRONG> (Thumb, 0 bytes, Stack size 0 bytes, startup_stm32f407xx.o(.text))
<BR>[Address Reference Count : 1]<UL><LI> startup_stm32f407xx.o(RESET)
</UL>
<P><STRONG><a name="[52]"></a>I2C3_EV_IRQHandler</STRONG> (Thumb, 0 bytes, Stack size 0 bytes, startup_stm32f407xx.o(.text))
<BR>[Address Reference Count : 1]<UL><LI> startup_stm32f407xx.o(RESET)
</UL>
<P><STRONG><a name="[4d]"></a>OTG_FS_IRQHandler</STRONG> (Thumb, 0 bytes, Stack size 0 bytes, startup_stm32f407xx.o(.text))
<BR>[Address Reference Count : 1]<UL><LI> startup_stm32f407xx.o(RESET)
</UL>
<P><STRONG><a name="[34]"></a>OTG_FS_WKUP_IRQHandler</STRONG> (Thumb, 0 bytes, Stack size 0 bytes, startup_stm32f407xx.o(.text))
<BR>[Address Reference Count : 1]<UL><LI> startup_stm32f407xx.o(RESET)
</UL>
<P><STRONG><a name="[55]"></a>OTG_HS_EP1_IN_IRQHandler</STRONG> (Thumb, 0 bytes, Stack size 0 bytes, startup_stm32f407xx.o(.text))
<BR>[Address Reference Count : 1]<UL><LI> startup_stm32f407xx.o(RESET)
</UL>
<P><STRONG><a name="[54]"></a>OTG_HS_EP1_OUT_IRQHandler</STRONG> (Thumb, 0 bytes, Stack size 0 bytes, startup_stm32f407xx.o(.text))
<BR>[Address Reference Count : 1]<UL><LI> startup_stm32f407xx.o(RESET)
</UL>
<P><STRONG><a name="[57]"></a>OTG_HS_IRQHandler</STRONG> (Thumb, 0 bytes, Stack size 0 bytes, startup_stm32f407xx.o(.text))
<BR>[Address Reference Count : 1]<UL><LI> startup_stm32f407xx.o(RESET)
</UL>
<P><STRONG><a name="[56]"></a>OTG_HS_WKUP_IRQHandler</STRONG> (Thumb, 0 bytes, Stack size 0 bytes, startup_stm32f407xx.o(.text))
<BR>[Address Reference Count : 1]<UL><LI> startup_stm32f407xx.o(RESET)
</UL>
<P><STRONG><a name="[b]"></a>PVD_IRQHandler</STRONG> (Thumb, 0 bytes, Stack size 0 bytes, startup_stm32f407xx.o(.text))
<BR>[Address Reference Count : 1]<UL><LI> startup_stm32f407xx.o(RESET)
</UL>
<P><STRONG><a name="[f]"></a>RCC_IRQHandler</STRONG> (Thumb, 0 bytes, Stack size 0 bytes, startup_stm32f407xx.o(.text))
<BR>[Address Reference Count : 1]<UL><LI> startup_stm32f407xx.o(RESET)
</UL>
<P><STRONG><a name="[33]"></a>RTC_Alarm_IRQHandler</STRONG> (Thumb, 0 bytes, Stack size 0 bytes, startup_stm32f407xx.o(.text))
<BR>[Address Reference Count : 1]<UL><LI> startup_stm32f407xx.o(RESET)
</UL>
<P><STRONG><a name="[d]"></a>RTC_WKUP_IRQHandler</STRONG> (Thumb, 0 bytes, Stack size 0 bytes, startup_stm32f407xx.o(.text))
<BR>[Address Reference Count : 1]<UL><LI> startup_stm32f407xx.o(RESET)
</UL>
<P><STRONG><a name="[3b]"></a>SDIO_IRQHandler</STRONG> (Thumb, 0 bytes, Stack size 0 bytes, startup_stm32f407xx.o(.text))
<BR>[Address Reference Count : 1]<UL><LI> startup_stm32f407xx.o(RESET)
</UL>
<P><STRONG><a name="[2d]"></a>SPI1_IRQHandler</STRONG> (Thumb, 0 bytes, Stack size 0 bytes, startup_stm32f407xx.o(.text))
<BR>[Address Reference Count : 1]<UL><LI> startup_stm32f407xx.o(RESET)
</UL>
<P><STRONG><a name="[2e]"></a>SPI2_IRQHandler</STRONG> (Thumb, 0 bytes, Stack size 0 bytes, startup_stm32f407xx.o(.text))
<BR>[Address Reference Count : 1]<UL><LI> startup_stm32f407xx.o(RESET)
</UL>
<P><STRONG><a name="[3d]"></a>SPI3_IRQHandler</STRONG> (Thumb, 0 bytes, Stack size 0 bytes, startup_stm32f407xx.o(.text))
<BR>[Address Reference Count : 1]<UL><LI> startup_stm32f407xx.o(RESET)
</UL>
<P><STRONG><a name="[c]"></a>TAMP_STAMP_IRQHandler</STRONG> (Thumb, 0 bytes, Stack size 0 bytes, startup_stm32f407xx.o(.text))
<BR>[Address Reference Count : 1]<UL><LI> startup_stm32f407xx.o(RESET)
</UL>
<P><STRONG><a name="[22]"></a>TIM1_BRK_TIM9_IRQHandler</STRONG> (Thumb, 0 bytes, Stack size 0 bytes, startup_stm32f407xx.o(.text))
<BR>[Address Reference Count : 1]<UL><LI> startup_stm32f407xx.o(RESET)
</UL>
<P><STRONG><a name="[25]"></a>TIM1_CC_IRQHandler</STRONG> (Thumb, 0 bytes, Stack size 0 bytes, startup_stm32f407xx.o(.text))
<BR>[Address Reference Count : 1]<UL><LI> startup_stm32f407xx.o(RESET)
</UL>
<P><STRONG><a name="[24]"></a>TIM1_TRG_COM_TIM11_IRQHandler</STRONG> (Thumb, 0 bytes, Stack size 0 bytes, startup_stm32f407xx.o(.text))
<BR>[Address Reference Count : 1]<UL><LI> startup_stm32f407xx.o(RESET)
</UL>
<P><STRONG><a name="[23]"></a>TIM1_UP_TIM10_IRQHandler</STRONG> (Thumb, 0 bytes, Stack size 0 bytes, startup_stm32f407xx.o(.text))
<BR>[Address Reference Count : 1]<UL><LI> startup_stm32f407xx.o(RESET)
</UL>
<P><STRONG><a name="[26]"></a>TIM2_IRQHandler</STRONG> (Thumb, 0 bytes, Stack size 0 bytes, startup_stm32f407xx.o(.text))
<BR>[Address Reference Count : 1]<UL><LI> startup_stm32f407xx.o(RESET)
</UL>
<P><STRONG><a name="[27]"></a>TIM3_IRQHandler</STRONG> (Thumb, 0 bytes, Stack size 0 bytes, startup_stm32f407xx.o(.text))
<BR>[Address Reference Count : 1]<UL><LI> startup_stm32f407xx.o(RESET)
</UL>
<P><STRONG><a name="[28]"></a>TIM4_IRQHandler</STRONG> (Thumb, 0 bytes, Stack size 0 bytes, startup_stm32f407xx.o(.text))
<BR>[Address Reference Count : 1]<UL><LI> startup_stm32f407xx.o(RESET)
</UL>
<P><STRONG><a name="[3c]"></a>TIM5_IRQHandler</STRONG> (Thumb, 0 bytes, Stack size 0 bytes, startup_stm32f407xx.o(.text))
<BR>[Address Reference Count : 1]<UL><LI> startup_stm32f407xx.o(RESET)
</UL>
<P><STRONG><a name="[40]"></a>TIM6_DAC_IRQHandler</STRONG> (Thumb, 0 bytes, Stack size 0 bytes, startup_stm32f407xx.o(.text))
<BR>[Address Reference Count : 1]<UL><LI> startup_stm32f407xx.o(RESET)
</UL>
<P><STRONG><a name="[41]"></a>TIM7_IRQHandler</STRONG> (Thumb, 0 bytes, Stack size 0 bytes, startup_stm32f407xx.o(.text))
<BR>[Address Reference Count : 1]<UL><LI> startup_stm32f407xx.o(RESET)
</UL>
<P><STRONG><a name="[35]"></a>TIM8_BRK_TIM12_IRQHandler</STRONG> (Thumb, 0 bytes, Stack size 0 bytes, startup_stm32f407xx.o(.text))
<BR>[Address Reference Count : 1]<UL><LI> startup_stm32f407xx.o(RESET)
</UL>
<P><STRONG><a name="[38]"></a>TIM8_CC_IRQHandler</STRONG> (Thumb, 0 bytes, Stack size 0 bytes, startup_stm32f407xx.o(.text))
<BR>[Address Reference Count : 1]<UL><LI> startup_stm32f407xx.o(RESET)
</UL>
<P><STRONG><a name="[37]"></a>TIM8_TRG_COM_TIM14_IRQHandler</STRONG> (Thumb, 0 bytes, Stack size 0 bytes, startup_stm32f407xx.o(.text))
<BR>[Address Reference Count : 1]<UL><LI> startup_stm32f407xx.o(RESET)
</UL>
<P><STRONG><a name="[36]"></a>TIM8_UP_TIM13_IRQHandler</STRONG> (Thumb, 0 bytes, Stack size 0 bytes, startup_stm32f407xx.o(.text))
<BR>[Address Reference Count : 1]<UL><LI> startup_stm32f407xx.o(RESET)
</UL>
<P><STRONG><a name="[3e]"></a>UART4_IRQHandler</STRONG> (Thumb, 0 bytes, Stack size 0 bytes, startup_stm32f407xx.o(.text))
<BR>[Address Reference Count : 1]<UL><LI> startup_stm32f407xx.o(RESET)
</UL>
<P><STRONG><a name="[3f]"></a>UART5_IRQHandler</STRONG> (Thumb, 0 bytes, Stack size 0 bytes, startup_stm32f407xx.o(.text))
<BR>[Address Reference Count : 1]<UL><LI> startup_stm32f407xx.o(RESET)
</UL>
<P><STRONG><a name="[30]"></a>USART2_IRQHandler</STRONG> (Thumb, 0 bytes, Stack size 0 bytes, startup_stm32f407xx.o(.text))
<BR>[Address Reference Count : 1]<UL><LI> startup_stm32f407xx.o(RESET)
</UL>
<P><STRONG><a name="[31]"></a>USART3_IRQHandler</STRONG> (Thumb, 0 bytes, Stack size 0 bytes, startup_stm32f407xx.o(.text))
<BR>[Address Reference Count : 1]<UL><LI> startup_stm32f407xx.o(RESET)
</UL>
<P><STRONG><a name="[51]"></a>USART6_IRQHandler</STRONG> (Thumb, 0 bytes, Stack size 0 bytes, startup_stm32f407xx.o(.text))
<BR>[Address Reference Count : 1]<UL><LI> startup_stm32f407xx.o(RESET)
</UL>
<P><STRONG><a name="[a]"></a>WWDG_IRQHandler</STRONG> (Thumb, 0 bytes, Stack size 0 bytes, startup_stm32f407xx.o(.text))
<BR>[Address Reference Count : 1]<UL><LI> startup_stm32f407xx.o(RESET)
</UL>
<P><STRONG><a name="[12e]"></a>OS_CPU_FP_Reg_Push</STRONG> (Thumb, 0 bytes, Stack size unknown bytes, os_cpu_a.o(.text))
<BR><BR>[Called By]<UL><LI><a href="#[5e]">&gt;&gt;</a>&nbsp;&nbsp;&nbsp;OSTaskSwHook
</UL>

<P><STRONG><a name="[12f]"></a>OS_CPU_FP_Reg_Pop</STRONG> (Thumb, 0 bytes, Stack size unknown bytes, os_cpu_a.o(.text))
<BR><BR>[Called By]<UL><LI><a href="#[5e]">&gt;&gt;</a>&nbsp;&nbsp;&nbsp;OSTaskSwHook
</UL>

<P><STRONG><a name="[f4]"></a>OS_CPU_SR_Save</STRONG> (Thumb, 0 bytes, Stack size unknown bytes, os_cpu_a.o(.text))
<BR><BR>[Called By]<UL><LI><a href="#[131]">&gt;&gt;</a>&nbsp;&nbsp;&nbsp;OSTimeDly
<LI><a href="#[11b]">&gt;&gt;</a>&nbsp;&nbsp;&nbsp;OSTaskCreate
<LI><a href="#[10d]">&gt;&gt;</a>&nbsp;&nbsp;&nbsp;OSQCreate
<LI><a href="#[f7]">&gt;&gt;</a>&nbsp;&nbsp;&nbsp;OSFlagCreate
<LI><a href="#[134]">&gt;&gt;</a>&nbsp;&nbsp;&nbsp;OSTimeTick
<LI><a href="#[be]">&gt;&gt;</a>&nbsp;&nbsp;&nbsp;OSIntExit
<LI><a href="#[9]">&gt;&gt;</a>&nbsp;&nbsp;&nbsp;SysTick_Handler
<LI><a href="#[133]">&gt;&gt;</a>&nbsp;&nbsp;&nbsp;OSTimeGet
<LI><a href="#[121]">&gt;&gt;</a>&nbsp;&nbsp;&nbsp;OSTaskDel
<LI><a href="#[115]">&gt;&gt;</a>&nbsp;&nbsp;&nbsp;OSSemPost
<LI><a href="#[112]">&gt;&gt;</a>&nbsp;&nbsp;&nbsp;OSSemPend
<LI><a href="#[111]">&gt;&gt;</a>&nbsp;&nbsp;&nbsp;OSSemCreate
<LI><a href="#[fe]">&gt;&gt;</a>&nbsp;&nbsp;&nbsp;OSFlagPost
<LI><a href="#[fb]">&gt;&gt;</a>&nbsp;&nbsp;&nbsp;OSFlagPend
<LI><a href="#[f8]">&gt;&gt;</a>&nbsp;&nbsp;&nbsp;OSFlagDel
<LI><a href="#[f6]">&gt;&gt;</a>&nbsp;&nbsp;&nbsp;OSFlagAccept
<LI><a href="#[12d]">&gt;&gt;</a>&nbsp;&nbsp;&nbsp;OSTaskSuspend
<LI><a href="#[12c]">&gt;&gt;</a>&nbsp;&nbsp;&nbsp;OSTaskStkChk
<LI><a href="#[108]">&gt;&gt;</a>&nbsp;&nbsp;&nbsp;OSTaskNameSet
<LI><a href="#[107]">&gt;&gt;</a>&nbsp;&nbsp;&nbsp;OSTaskCreateExt
<LI><a href="#[61]">&gt;&gt;</a>&nbsp;&nbsp;&nbsp;OS_TaskStat
<LI><a href="#[60]">&gt;&gt;</a>&nbsp;&nbsp;&nbsp;OS_TaskIdle
<LI><a href="#[11d]">&gt;&gt;</a>&nbsp;&nbsp;&nbsp;OS_TCBInit
<LI><a href="#[fa]">&gt;&gt;</a>&nbsp;&nbsp;&nbsp;OS_Sched
<LI><a href="#[110]">&gt;&gt;</a>&nbsp;&nbsp;&nbsp;OSSchedUnlock
<LI><a href="#[10f]">&gt;&gt;</a>&nbsp;&nbsp;&nbsp;OSSchedLock
<LI><a href="#[f3]">&gt;&gt;</a>&nbsp;&nbsp;&nbsp;OSEventNameSet
<LI><a href="#[228]">&gt;&gt;</a>&nbsp;&nbsp;&nbsp;rt_hw_console_output
</UL>

<P><STRONG><a name="[f5]"></a>OS_CPU_SR_Restore</STRONG> (Thumb, 0 bytes, Stack size unknown bytes, os_cpu_a.o(.text))
<BR><BR>[Called By]<UL><LI><a href="#[131]">&gt;&gt;</a>&nbsp;&nbsp;&nbsp;OSTimeDly
<LI><a href="#[11b]">&gt;&gt;</a>&nbsp;&nbsp;&nbsp;OSTaskCreate
<LI><a href="#[10d]">&gt;&gt;</a>&nbsp;&nbsp;&nbsp;OSQCreate
<LI><a href="#[f7]">&gt;&gt;</a>&nbsp;&nbsp;&nbsp;OSFlagCreate
<LI><a href="#[134]">&gt;&gt;</a>&nbsp;&nbsp;&nbsp;OSTimeTick
<LI><a href="#[be]">&gt;&gt;</a>&nbsp;&nbsp;&nbsp;OSIntExit
<LI><a href="#[9]">&gt;&gt;</a>&nbsp;&nbsp;&nbsp;SysTick_Handler
<LI><a href="#[133]">&gt;&gt;</a>&nbsp;&nbsp;&nbsp;OSTimeGet
<LI><a href="#[121]">&gt;&gt;</a>&nbsp;&nbsp;&nbsp;OSTaskDel
<LI><a href="#[115]">&gt;&gt;</a>&nbsp;&nbsp;&nbsp;OSSemPost
<LI><a href="#[112]">&gt;&gt;</a>&nbsp;&nbsp;&nbsp;OSSemPend
<LI><a href="#[111]">&gt;&gt;</a>&nbsp;&nbsp;&nbsp;OSSemCreate
<LI><a href="#[fe]">&gt;&gt;</a>&nbsp;&nbsp;&nbsp;OSFlagPost
<LI><a href="#[fb]">&gt;&gt;</a>&nbsp;&nbsp;&nbsp;OSFlagPend
<LI><a href="#[f8]">&gt;&gt;</a>&nbsp;&nbsp;&nbsp;OSFlagDel
<LI><a href="#[f6]">&gt;&gt;</a>&nbsp;&nbsp;&nbsp;OSFlagAccept
<LI><a href="#[12d]">&gt;&gt;</a>&nbsp;&nbsp;&nbsp;OSTaskSuspend
<LI><a href="#[12c]">&gt;&gt;</a>&nbsp;&nbsp;&nbsp;OSTaskStkChk
<LI><a href="#[108]">&gt;&gt;</a>&nbsp;&nbsp;&nbsp;OSTaskNameSet
<LI><a href="#[107]">&gt;&gt;</a>&nbsp;&nbsp;&nbsp;OSTaskCreateExt
<LI><a href="#[61]">&gt;&gt;</a>&nbsp;&nbsp;&nbsp;OS_TaskStat
<LI><a href="#[60]">&gt;&gt;</a>&nbsp;&nbsp;&nbsp;OS_TaskIdle
<LI><a href="#[11d]">&gt;&gt;</a>&nbsp;&nbsp;&nbsp;OS_TCBInit
<LI><a href="#[fa]">&gt;&gt;</a>&nbsp;&nbsp;&nbsp;OS_Sched
<LI><a href="#[110]">&gt;&gt;</a>&nbsp;&nbsp;&nbsp;OSSchedUnlock
<LI><a href="#[10f]">&gt;&gt;</a>&nbsp;&nbsp;&nbsp;OSSchedLock
<LI><a href="#[f3]">&gt;&gt;</a>&nbsp;&nbsp;&nbsp;OSEventNameSet
<LI><a href="#[228]">&gt;&gt;</a>&nbsp;&nbsp;&nbsp;rt_hw_console_output
</UL>

<P><STRONG><a name="[118]"></a>OSStartHighRdy</STRONG> (Thumb, 0 bytes, Stack size unknown bytes, os_cpu_a.o(.text))
<BR><BR>[Called By]<UL><LI><a href="#[117]">&gt;&gt;</a>&nbsp;&nbsp;&nbsp;OSStart
</UL>

<P><STRONG><a name="[13e]"></a>OSCtxSw</STRONG> (Thumb, 0 bytes, Stack size unknown bytes, os_cpu_a.o(.text))
<BR><BR>[Called By]<UL><LI><a href="#[fa]">&gt;&gt;</a>&nbsp;&nbsp;&nbsp;OS_Sched
</UL>

<P><STRONG><a name="[10c]"></a>OSIntCtxSw</STRONG> (Thumb, 0 bytes, Stack size unknown bytes, os_cpu_a.o(.text))
<BR><BR>[Called By]<UL><LI><a href="#[be]">&gt;&gt;</a>&nbsp;&nbsp;&nbsp;OSIntExit
</UL>

<P><STRONG><a name="[8]"></a>PendSV_Handler</STRONG> (Thumb, 0 bytes, Stack size unknown bytes, os_cpu_a.o(.text))
<BR>[Address Reference Count : 1]<UL><LI> startup_stm32f407xx.o(RESET)
</UL>
<P><STRONG><a name="[a2]"></a>__aeabi_uldivmod</STRONG> (Thumb, 98 bytes, Stack size 40 bytes, uldiv.o(.text))
<BR><BR>[Stack]<UL><LI>Max Depth = 40<LI>Call Chain = __aeabi_uldivmod
</UL>
<BR>[Calls]<UL><LI><a href="#[a3]">&gt;&gt;</a>&nbsp;&nbsp;&nbsp;__aeabi_llsr
<LI><a href="#[a4]">&gt;&gt;</a>&nbsp;&nbsp;&nbsp;__aeabi_llsl
</UL>
<BR>[Called By]<UL><LI><a href="#[d2]">&gt;&gt;</a>&nbsp;&nbsp;&nbsp;HAL_RCC_GetSysClockFreq
<LI><a href="#[e6]">&gt;&gt;</a>&nbsp;&nbsp;&nbsp;UART_SetConfig
<LI><a href="#[150]">&gt;&gt;</a>&nbsp;&nbsp;&nbsp;_printf_core
<LI><a href="#[153]">&gt;&gt;</a>&nbsp;&nbsp;&nbsp;_fp_digits
</UL>

<P><STRONG><a name="[af]"></a>__rt_ctype_table</STRONG> (Thumb, 4 bytes, Stack size 0 bytes, ctype_o.o(.text))
<BR><BR>[Called By]<UL><LI><a href="#[2b3]">&gt;&gt;</a>&nbsp;&nbsp;&nbsp;macStringToAddr
<LI><a href="#[262]">&gt;&gt;</a>&nbsp;&nbsp;&nbsp;ipv4StringToAddr
<LI><a href="#[261]">&gt;&gt;</a>&nbsp;&nbsp;&nbsp;ipv6StringToAddr
<LI><a href="#[38e]">&gt;&gt;</a>&nbsp;&nbsp;&nbsp;strTrimWhitespace
<LI><a href="#[4a2]">&gt;&gt;</a>&nbsp;&nbsp;&nbsp;x509ParseInt
<LI><a href="#[ad]">&gt;&gt;</a>&nbsp;&nbsp;&nbsp;strtoul
</UL>

<P><STRONG><a name="[312]"></a>toupper</STRONG> (Thumb, 12 bytes, Stack size 0 bytes, toupper.o(.text))
<BR><BR>[Called By]<UL><LI><a href="#[313]">&gt;&gt;</a>&nbsp;&nbsp;&nbsp;nbnsEncodeName
<LI><a href="#[311]">&gt;&gt;</a>&nbsp;&nbsp;&nbsp;nbnsCompareName
</UL>

<P><STRONG><a name="[ab]"></a>tolower</STRONG> (Thumb, 12 bytes, Stack size 0 bytes, tolower.o(.text))
<BR><BR>[Called By]<UL><LI><a href="#[48e]">&gt;&gt;</a>&nbsp;&nbsp;&nbsp;x509CompareSubtree
<LI><a href="#[490]">&gt;&gt;</a>&nbsp;&nbsp;&nbsp;x509CompareSubjectName
<LI><a href="#[ac]">&gt;&gt;</a>&nbsp;&nbsp;&nbsp;strncasecmp
<LI><a href="#[aa]">&gt;&gt;</a>&nbsp;&nbsp;&nbsp;strcasecmp
</UL>

<P><STRONG><a name="[4b7]"></a>___aeabi_memcpy8$move</STRONG> (Thumb, 0 bytes, Stack size 8 bytes, memmovea.o(.text), UNUSED)

<P><STRONG><a name="[14e]"></a>__aeabi_memcpy</STRONG> (Thumb, 64 bytes, Stack size 8 bytes, memmovea.o(.text))
<BR><BR>[Stack]<UL><LI>Max Depth = 8<LI>Call Chain = __aeabi_memcpy
</UL>
<BR>[Called By]<UL><LI><a href="#[18e]">&gt;&gt;</a>&nbsp;&nbsp;&nbsp;utils_hmac_sha256
<LI><a href="#[46d]">&gt;&gt;</a>&nbsp;&nbsp;&nbsp;utils_sha256_update
<LI><a href="#[1ce]">&gt;&gt;</a>&nbsp;&nbsp;&nbsp;dnsParseName
<LI><a href="#[6b]">&gt;&gt;</a>&nbsp;&nbsp;&nbsp;dnsProcessResponse
<LI><a href="#[1d1]">&gt;&gt;</a>&nbsp;&nbsp;&nbsp;dnsSendQuery
<LI><a href="#[19f]">&gt;&gt;</a>&nbsp;&nbsp;&nbsp;dhcpAddOption
<LI><a href="#[144]">&gt;&gt;</a>&nbsp;&nbsp;&nbsp;_WriteNoCheck
<LI><a href="#[145]">&gt;&gt;</a>&nbsp;&nbsp;&nbsp;_WriteBlocking
<LI><a href="#[24d]">&gt;&gt;</a>&nbsp;&nbsp;&nbsp;ndpProcessRouterAdv
<LI><a href="#[24a]">&gt;&gt;</a>&nbsp;&nbsp;&nbsp;ndpProcessRedirect
<LI><a href="#[24e]">&gt;&gt;</a>&nbsp;&nbsp;&nbsp;ndpProcessNeighborSol
<LI><a href="#[244]">&gt;&gt;</a>&nbsp;&nbsp;&nbsp;ipv6SelectSourceAddr
<LI><a href="#[251]">&gt;&gt;</a>&nbsp;&nbsp;&nbsp;icmpv6SendErrorMessage
<LI><a href="#[243]">&gt;&gt;</a>&nbsp;&nbsp;&nbsp;icmpv6ProcessEchoRequest
<LI><a href="#[276]">&gt;&gt;</a>&nbsp;&nbsp;&nbsp;netBufferWrite
<LI><a href="#[160]">&gt;&gt;</a>&nbsp;&nbsp;&nbsp;netBufferCopy
<LI><a href="#[32f]">&gt;&gt;</a>&nbsp;&nbsp;&nbsp;ndpUpdateNextHop
<LI><a href="#[326]">&gt;&gt;</a>&nbsp;&nbsp;&nbsp;slaacParseRouterAdv
<LI><a href="#[32b]">&gt;&gt;</a>&nbsp;&nbsp;&nbsp;ndpUpdateNeighborCache
<LI><a href="#[32e]">&gt;&gt;</a>&nbsp;&nbsp;&nbsp;ndpUpdateDefaultRouterList
<LI><a href="#[31a]">&gt;&gt;</a>&nbsp;&nbsp;&nbsp;ndpAddOption
<LI><a href="#[329]">&gt;&gt;</a>&nbsp;&nbsp;&nbsp;ndpSendRouterSol
<LI><a href="#[327]">&gt;&gt;</a>&nbsp;&nbsp;&nbsp;ndpSendNeighborSol
<LI><a href="#[325]">&gt;&gt;</a>&nbsp;&nbsp;&nbsp;ndpSendNeighborAdv
<LI><a href="#[2b7]">&gt;&gt;</a>&nbsp;&nbsp;&nbsp;mldSendListenerReport
<LI><a href="#[2b9]">&gt;&gt;</a>&nbsp;&nbsp;&nbsp;mldSendListenerDone
<LI><a href="#[2a3]">&gt;&gt;</a>&nbsp;&nbsp;&nbsp;ipv6RemovePrefix
<LI><a href="#[2a1]">&gt;&gt;</a>&nbsp;&nbsp;&nbsp;ipv6RemoveDefaultRouter
<LI><a href="#[27a]">&gt;&gt;</a>&nbsp;&nbsp;&nbsp;ipv6AddPrefix
<LI><a href="#[279]">&gt;&gt;</a>&nbsp;&nbsp;&nbsp;ipv6AddDefaultRouter
<LI><a href="#[2a5]">&gt;&gt;</a>&nbsp;&nbsp;&nbsp;ndpSelectNextHop
<LI><a href="#[2a7]">&gt;&gt;</a>&nbsp;&nbsp;&nbsp;ndpResolve
<LI><a href="#[280]">&gt;&gt;</a>&nbsp;&nbsp;&nbsp;ipv6SetAddr
<LI><a href="#[284]">&gt;&gt;</a>&nbsp;&nbsp;&nbsp;ipv6FlushPrefixList
<LI><a href="#[281]">&gt;&gt;</a>&nbsp;&nbsp;&nbsp;ipv6FlushDefaultRouterList
<LI><a href="#[27d]">&gt;&gt;</a>&nbsp;&nbsp;&nbsp;ipv6ComputeSolicitedNodeAddr
<LI><a href="#[288]">&gt;&gt;</a>&nbsp;&nbsp;&nbsp;ipv6SendPacket
<LI><a href="#[224]">&gt;&gt;</a>&nbsp;&nbsp;&nbsp;ipv6ProcessPacket
<LI><a href="#[293]">&gt;&gt;</a>&nbsp;&nbsp;&nbsp;ipv6LeaveMulticastGroup
<LI><a href="#[290]">&gt;&gt;</a>&nbsp;&nbsp;&nbsp;ipv6JoinMulticastGroup
<LI><a href="#[2d7]">&gt;&gt;</a>&nbsp;&nbsp;&nbsp;tlsSaveSessionState
<LI><a href="#[2ed]">&gt;&gt;</a>&nbsp;&nbsp;&nbsp;tlsRestoreSessionState
<LI><a href="#[304]">&gt;&gt;</a>&nbsp;&nbsp;&nbsp;tlsRead
<LI><a href="#[2dc]">&gt;&gt;</a>&nbsp;&nbsp;&nbsp;mqttSerializeString
<LI><a href="#[2e5]">&gt;&gt;</a>&nbsp;&nbsp;&nbsp;mqttSerializeData
<LI><a href="#[328]">&gt;&gt;</a>&nbsp;&nbsp;&nbsp;ndpSelectDefaultRouter
<LI><a href="#[330]">&gt;&gt;</a>&nbsp;&nbsp;&nbsp;netBufferRead
<LI><a href="#[392]">&gt;&gt;</a>&nbsp;&nbsp;&nbsp;tcpAddOption
<LI><a href="#[38f]">&gt;&gt;</a>&nbsp;&nbsp;&nbsp;tcpSendSegment
<LI><a href="#[2b1]">&gt;&gt;</a>&nbsp;&nbsp;&nbsp;llmnrSendResponse
<LI><a href="#[79]">&gt;&gt;</a>&nbsp;&nbsp;&nbsp;sha1Update
<LI><a href="#[7a]">&gt;&gt;</a>&nbsp;&nbsp;&nbsp;sha1Final
<LI><a href="#[485]">&gt;&gt;</a>&nbsp;&nbsp;&nbsp;webSocketSendEx
<LI><a href="#[484]">&gt;&gt;</a>&nbsp;&nbsp;&nbsp;webSocketReceiveEx
<LI><a href="#[41a]">&gt;&gt;</a>&nbsp;&nbsp;&nbsp;tlsFormatSessionId
<LI><a href="#[41d]">&gt;&gt;</a>&nbsp;&nbsp;&nbsp;tlsFormatClientSniExtension
<LI><a href="#[3d1]">&gt;&gt;</a>&nbsp;&nbsp;&nbsp;tls13FormatCookieExtension
<LI><a href="#[3cf]">&gt;&gt;</a>&nbsp;&nbsp;&nbsp;tls13FormatClientPreSharedKeyExtension
<LI><a href="#[44a]">&gt;&gt;</a>&nbsp;&nbsp;&nbsp;tlsParseServerHello
<LI><a href="#[419]">&gt;&gt;</a>&nbsp;&nbsp;&nbsp;tlsFormatClientHello
<LI><a href="#[42d]">&gt;&gt;</a>&nbsp;&nbsp;&nbsp;tlsGenerateRsaSignature
<LI><a href="#[22d]">&gt;&gt;</a>&nbsp;&nbsp;&nbsp;gcmEncrypt
<LI><a href="#[181]">&gt;&gt;</a>&nbsp;&nbsp;&nbsp;cbcEncrypt
<LI><a href="#[23a]">&gt;&gt;</a>&nbsp;&nbsp;&nbsp;hmacFinalRaw
<LI><a href="#[180]">&gt;&gt;</a>&nbsp;&nbsp;&nbsp;cbcDecrypt
<LI><a href="#[409]">&gt;&gt;</a>&nbsp;&nbsp;&nbsp;tlsExtractMac
<LI><a href="#[405]">&gt;&gt;</a>&nbsp;&nbsp;&nbsp;tlsFormatNonce
<LI><a href="#[3c0]">&gt;&gt;</a>&nbsp;&nbsp;&nbsp;tlsFinalizeTranscriptHash
<LI><a href="#[3cb]">&gt;&gt;</a>&nbsp;&nbsp;&nbsp;tls13HkdfExpandLabel
<LI><a href="#[235]">&gt;&gt;</a>&nbsp;&nbsp;&nbsp;hmacInit
<LI><a href="#[237]">&gt;&gt;</a>&nbsp;&nbsp;&nbsp;hmacFinal
<LI><a href="#[42a]">&gt;&gt;</a>&nbsp;&nbsp;&nbsp;tlsGenerateExtendedMasterSecret
<LI><a href="#[3c2]">&gt;&gt;</a>&nbsp;&nbsp;&nbsp;tls12Prf
<LI><a href="#[3d5]">&gt;&gt;</a>&nbsp;&nbsp;&nbsp;tlsInitEncryptionEngine
<LI><a href="#[3ff]">&gt;&gt;</a>&nbsp;&nbsp;&nbsp;tlsComputeVerifyData
<LI><a href="#[3f7]">&gt;&gt;</a>&nbsp;&nbsp;&nbsp;tls13VerifySignature
<LI><a href="#[3db]">&gt;&gt;</a>&nbsp;&nbsp;&nbsp;tls13GenerateSignature
<LI><a href="#[427]">&gt;&gt;</a>&nbsp;&nbsp;&nbsp;tlsFormatFinished
<LI><a href="#[40f]">&gt;&gt;</a>&nbsp;&nbsp;&nbsp;tlsFormatCertificate
<LI><a href="#[74]">&gt;&gt;</a>&nbsp;&nbsp;&nbsp;md5Update
<LI><a href="#[75]">&gt;&gt;</a>&nbsp;&nbsp;&nbsp;md5Final
<LI><a href="#[3ef]">&gt;&gt;</a>&nbsp;&nbsp;&nbsp;tls13ParseNewSessionTicket
<LI><a href="#[88]">&gt;&gt;</a>&nbsp;&nbsp;&nbsp;sha512Update
<LI><a href="#[89]">&gt;&gt;</a>&nbsp;&nbsp;&nbsp;sha512Final
<LI><a href="#[85]">&gt;&gt;</a>&nbsp;&nbsp;&nbsp;sha384FinalRaw
<LI><a href="#[84]">&gt;&gt;</a>&nbsp;&nbsp;&nbsp;sha384Final
<LI><a href="#[80]">&gt;&gt;</a>&nbsp;&nbsp;&nbsp;sha256FinalRaw
<LI><a href="#[7e]">&gt;&gt;</a>&nbsp;&nbsp;&nbsp;sha256Update
<LI><a href="#[7f]">&gt;&gt;</a>&nbsp;&nbsp;&nbsp;sha256Final
<LI><a href="#[7b]">&gt;&gt;</a>&nbsp;&nbsp;&nbsp;sha1FinalRaw
<LI><a href="#[76]">&gt;&gt;</a>&nbsp;&nbsp;&nbsp;md5FinalRaw
<LI><a href="#[234]">&gt;&gt;</a>&nbsp;&nbsp;&nbsp;hkdfExpand
<LI><a href="#[3c7]">&gt;&gt;</a>&nbsp;&nbsp;&nbsp;tls13ComputePskBinder
<LI><a href="#[3e1]">&gt;&gt;</a>&nbsp;&nbsp;&nbsp;tls13ParseCookieExtension
<LI><a href="#[211]">&gt;&gt;</a>&nbsp;&nbsp;&nbsp;emsaPssEncode
<LI><a href="#[210]">&gt;&gt;</a>&nbsp;&nbsp;&nbsp;emsaPkcs1v15Encode
<LI><a href="#[20f]">&gt;&gt;</a>&nbsp;&nbsp;&nbsp;emePkcs1v15Encode
<LI><a href="#[186]">&gt;&gt;</a>&nbsp;&nbsp;&nbsp;poly1305Update
<LI><a href="#[196]">&gt;&gt;</a>&nbsp;&nbsp;&nbsp;curve25519Import
<LI><a href="#[195]">&gt;&gt;</a>&nbsp;&nbsp;&nbsp;curve25519Export
</UL>

<P><STRONG><a name="[1ab]"></a>__aeabi_memcpy4</STRONG> (Thumb, 0 bytes, Stack size 8 bytes, memmovea.o(.text))
<BR><BR>[Stack]<UL><LI>Max Depth = 8<LI>Call Chain = __aeabi_memcpy4
</UL>
<BR>[Called By]<UL><LI><a href="#[1aa]">&gt;&gt;</a>&nbsp;&nbsp;&nbsp;dhcpClientInit
<LI><a href="#[1cf]">&gt;&gt;</a>&nbsp;&nbsp;&nbsp;dnsResolve
<LI><a href="#[2d7]">&gt;&gt;</a>&nbsp;&nbsp;&nbsp;tlsSaveSessionState
<LI><a href="#[2ed]">&gt;&gt;</a>&nbsp;&nbsp;&nbsp;tlsRestoreSessionState
<LI><a href="#[2d5]">&gt;&gt;</a>&nbsp;&nbsp;&nbsp;socketConnect
<LI><a href="#[38f]">&gt;&gt;</a>&nbsp;&nbsp;&nbsp;tcpSendSegment
<LI><a href="#[386]">&gt;&gt;</a>&nbsp;&nbsp;&nbsp;udpReceiveDatagram
<LI><a href="#[381]">&gt;&gt;</a>&nbsp;&nbsp;&nbsp;tcpConnect
<LI><a href="#[233]">&gt;&gt;</a>&nbsp;&nbsp;&nbsp;nbnsResolve
<LI><a href="#[384]">&gt;&gt;</a>&nbsp;&nbsp;&nbsp;socketReceiveEx
<LI><a href="#[3d0]">&gt;&gt;</a>&nbsp;&nbsp;&nbsp;tlsSelectCipherSuite
<LI><a href="#[439]">&gt;&gt;</a>&nbsp;&nbsp;&nbsp;tlsParseCertificateList
<LI><a href="#[229]">&gt;&gt;</a>&nbsp;&nbsp;&nbsp;gcmDecrypt
<LI><a href="#[42c]">&gt;&gt;</a>&nbsp;&nbsp;&nbsp;tlsGenerateMasterSecret
<LI><a href="#[42b]">&gt;&gt;</a>&nbsp;&nbsp;&nbsp;tlsGenerateKeyBlock
<LI><a href="#[1da]">&gt;&gt;</a>&nbsp;&nbsp;&nbsp;mpiCopy
<LI><a href="#[90]">&gt;&gt;</a>&nbsp;&nbsp;&nbsp;secp521r1Mod
<LI><a href="#[8f]">&gt;&gt;</a>&nbsp;&nbsp;&nbsp;secp384r1Mod
<LI><a href="#[8e]">&gt;&gt;</a>&nbsp;&nbsp;&nbsp;secp256r1Mod
<LI><a href="#[8d]">&gt;&gt;</a>&nbsp;&nbsp;&nbsp;secp224r1Mod
<LI><a href="#[2bf]">&gt;&gt;</a>&nbsp;&nbsp;&nbsp;mpiGrow
</UL>

<P><STRONG><a name="[17f]"></a>__aeabi_memmove</STRONG> (Thumb, 0 bytes, Stack size 8 bytes, memmovea.o(.text))
<BR><BR>[Stack]<UL><LI>Max Depth = 8<LI>Call Chain = __aeabi_memmove
</UL>
<BR>[Called By]<UL><LI><a href="#[2f8]">&gt;&gt;</a>&nbsp;&nbsp;&nbsp;mqttClientProcessPublish
<LI><a href="#[3f6]">&gt;&gt;</a>&nbsp;&nbsp;&nbsp;tlsSendHandshakeMessage
<LI><a href="#[455]">&gt;&gt;</a>&nbsp;&nbsp;&nbsp;tlsWriteProtocolData
<LI><a href="#[460]">&gt;&gt;</a>&nbsp;&nbsp;&nbsp;tlsReadProtocolData
<LI><a href="#[40d]">&gt;&gt;</a>&nbsp;&nbsp;&nbsp;tlsEncryptCbcRecord
<LI><a href="#[40c]">&gt;&gt;</a>&nbsp;&nbsp;&nbsp;tlsEncryptAeadRecord
<LI><a href="#[407]">&gt;&gt;</a>&nbsp;&nbsp;&nbsp;tlsDecryptCbcRecord
<LI><a href="#[402]">&gt;&gt;</a>&nbsp;&nbsp;&nbsp;tlsDecryptAeadRecord
<LI><a href="#[467]">&gt;&gt;</a>&nbsp;&nbsp;&nbsp;tlsWriteRecord
<LI><a href="#[461]">&gt;&gt;</a>&nbsp;&nbsp;&nbsp;tlsReadRecord
<LI><a href="#[17e]">&gt;&gt;</a>&nbsp;&nbsp;&nbsp;asn1WriteTag
</UL>

<P><STRONG><a name="[3bb]"></a>__aeabi_memmove4</STRONG> (Thumb, 0 bytes, Stack size 8 bytes, memmovea.o(.text))
<BR><BR>[Stack]<UL><LI>Max Depth = 8<LI>Call Chain = __aeabi_memmove4
</UL>
<BR>[Called By]<UL><LI><a href="#[3b2]">&gt;&gt;</a>&nbsp;&nbsp;&nbsp;tcpUpdateSackBlocks
</UL>

<P><STRONG><a name="[4b8]"></a>__aeabi_memmove8</STRONG> (Thumb, 0 bytes, Stack size 8 bytes, memmovea.o(.text), UNUSED)

<P><STRONG><a name="[a6]"></a>__aeabi_memset</STRONG> (Thumb, 14 bytes, Stack size 0 bytes, memseta.o(.text))
<BR><BR>[Called By]<UL><LI><a href="#[42d]">&gt;&gt;</a>&nbsp;&nbsp;&nbsp;tlsGenerateRsaSignature
<LI><a href="#[3f7]">&gt;&gt;</a>&nbsp;&nbsp;&nbsp;tls13VerifySignature
<LI><a href="#[3db]">&gt;&gt;</a>&nbsp;&nbsp;&nbsp;tls13GenerateSignature
<LI><a href="#[210]">&gt;&gt;</a>&nbsp;&nbsp;&nbsp;emsaPkcs1v15Encode
<LI><a href="#[a7]">&gt;&gt;</a>&nbsp;&nbsp;&nbsp;_memset$wrapper
<LI><a href="#[a5]">&gt;&gt;</a>&nbsp;&nbsp;&nbsp;__aeabi_memclr
</UL>

<P><STRONG><a name="[4b9]"></a>__aeabi_memset4</STRONG> (Thumb, 0 bytes, Stack size 0 bytes, memseta.o(.text), UNUSED)

<P><STRONG><a name="[4ba]"></a>__aeabi_memset8</STRONG> (Thumb, 0 bytes, Stack size 0 bytes, memseta.o(.text), UNUSED)

<P><STRONG><a name="[a5]"></a>__aeabi_memclr</STRONG> (Thumb, 4 bytes, Stack size 0 bytes, memseta.o(.text))
<BR><BR>[Calls]<UL><LI><a href="#[a6]">&gt;&gt;</a>&nbsp;&nbsp;&nbsp;__aeabi_memset
</UL>
<BR>[Called By]<UL><LI><a href="#[1b9]">&gt;&gt;</a>&nbsp;&nbsp;&nbsp;dhcpClientSendRequest
<LI><a href="#[1b8]">&gt;&gt;</a>&nbsp;&nbsp;&nbsp;dhcpClientSendDiscover
<LI><a href="#[1b5]">&gt;&gt;</a>&nbsp;&nbsp;&nbsp;dhcpClientSendDecline
<LI><a href="#[31a]">&gt;&gt;</a>&nbsp;&nbsp;&nbsp;ndpAddOption
<LI><a href="#[2ed]">&gt;&gt;</a>&nbsp;&nbsp;&nbsp;tlsRestoreSessionState
<LI><a href="#[2ce]">&gt;&gt;</a>&nbsp;&nbsp;&nbsp;tlsFree
<LI><a href="#[422]">&gt;&gt;</a>&nbsp;&nbsp;&nbsp;tlsFormatClientHelloPaddingExtension
<LI><a href="#[3cf]">&gt;&gt;</a>&nbsp;&nbsp;&nbsp;tls13FormatClientPreSharedKeyExtension
<LI><a href="#[3d4]">&gt;&gt;</a>&nbsp;&nbsp;&nbsp;tlsFreeEncryptionEngine
<LI><a href="#[409]">&gt;&gt;</a>&nbsp;&nbsp;&nbsp;tlsExtractMac
<LI><a href="#[405]">&gt;&gt;</a>&nbsp;&nbsp;&nbsp;tlsFormatNonce
<LI><a href="#[1ed]">&gt;&gt;</a>&nbsp;&nbsp;&nbsp;mpiExport
<LI><a href="#[235]">&gt;&gt;</a>&nbsp;&nbsp;&nbsp;hmacInit
<LI><a href="#[431]">&gt;&gt;</a>&nbsp;&nbsp;&nbsp;tlsInitHandshake
<LI><a href="#[3ef]">&gt;&gt;</a>&nbsp;&nbsp;&nbsp;tls13ParseNewSessionTicket
<LI><a href="#[211]">&gt;&gt;</a>&nbsp;&nbsp;&nbsp;emsaPssEncode
</UL>

<P><STRONG><a name="[c7]"></a>__aeabi_memclr4</STRONG> (Thumb, 0 bytes, Stack size 0 bytes, memseta.o(.text))
<BR><BR>[Called By]<UL><LI><a href="#[2e8]">&gt;&gt;</a>&nbsp;&nbsp;&nbsp;socketOpen
<LI><a href="#[18e]">&gt;&gt;</a>&nbsp;&nbsp;&nbsp;utils_hmac_sha256
<LI><a href="#[18a]">&gt;&gt;</a>&nbsp;&nbsp;&nbsp;connect_aliyun_data_init
<LI><a href="#[3bc]">&gt;&gt;</a>&nbsp;&nbsp;&nbsp;yarrowInit
<LI><a href="#[37d]">&gt;&gt;</a>&nbsp;&nbsp;&nbsp;slaacInit
<LI><a href="#[366]">&gt;&gt;</a>&nbsp;&nbsp;&nbsp;publish_info_to_aliyun
<LI><a href="#[336]">&gt;&gt;</a>&nbsp;&nbsp;&nbsp;netInit
<LI><a href="#[30a]">&gt;&gt;</a>&nbsp;&nbsp;&nbsp;mqttConnect
<LI><a href="#[2e6]">&gt;&gt;</a>&nbsp;&nbsp;&nbsp;mqttClientInit
<LI><a href="#[1aa]">&gt;&gt;</a>&nbsp;&nbsp;&nbsp;dhcpClientInit
<LI><a href="#[e5]">&gt;&gt;</a>&nbsp;&nbsp;&nbsp;HAL_UART_MspInit
<LI><a href="#[dc]">&gt;&gt;</a>&nbsp;&nbsp;&nbsp;HAL_SPI_MspInit
<LI><a href="#[c3]">&gt;&gt;</a>&nbsp;&nbsp;&nbsp;HAL_ETH_MspInit
<LI><a href="#[ed]">&gt;&gt;</a>&nbsp;&nbsp;&nbsp;MX_GPIO_Init
<LI><a href="#[149]">&gt;&gt;</a>&nbsp;&nbsp;&nbsp;SystemClock_Config
<LI><a href="#[46b]">&gt;&gt;</a>&nbsp;&nbsp;&nbsp;utils_sha256_init
<LI><a href="#[1cd]">&gt;&gt;</a>&nbsp;&nbsp;&nbsp;dnsInit
<LI><a href="#[1c8]">&gt;&gt;</a>&nbsp;&nbsp;&nbsp;dnsCreateEntry
<LI><a href="#[26b]">&gt;&gt;</a>&nbsp;&nbsp;&nbsp;ipv4Init
<LI><a href="#[162]">&gt;&gt;</a>&nbsp;&nbsp;&nbsp;arpInit
<LI><a href="#[158]">&gt;&gt;</a>&nbsp;&nbsp;&nbsp;arpCreateEntry
<LI><a href="#[31b]">&gt;&gt;</a>&nbsp;&nbsp;&nbsp;ndpCreateNeighborCacheEntry
<LI><a href="#[31f]">&gt;&gt;</a>&nbsp;&nbsp;&nbsp;ndpInit
<LI><a href="#[2a2]">&gt;&gt;</a>&nbsp;&nbsp;&nbsp;ndpFlushDestCache
<LI><a href="#[282]">&gt;&gt;</a>&nbsp;&nbsp;&nbsp;ipv6FlushDnsServerList
<LI><a href="#[2a6]">&gt;&gt;</a>&nbsp;&nbsp;&nbsp;ndpCreateDestCacheEntry
<LI><a href="#[28d]">&gt;&gt;</a>&nbsp;&nbsp;&nbsp;ipv6Init
<LI><a href="#[2ee]">&gt;&gt;</a>&nbsp;&nbsp;&nbsp;webSocketOpen
<LI><a href="#[2ea]">&gt;&gt;</a>&nbsp;&nbsp;&nbsp;tlsInit
<LI><a href="#[2ce]">&gt;&gt;</a>&nbsp;&nbsp;&nbsp;tlsFree
<LI><a href="#[2e7]">&gt;&gt;</a>&nbsp;&nbsp;&nbsp;tlsInitSessionState
<LI><a href="#[429]">&gt;&gt;</a>&nbsp;&nbsp;&nbsp;tlsFreeSessionState
<LI><a href="#[33a]">&gt;&gt;</a>&nbsp;&nbsp;&nbsp;webSocketInit
<LI><a href="#[33b]">&gt;&gt;</a>&nbsp;&nbsp;&nbsp;udpInit
<LI><a href="#[339]">&gt;&gt;</a>&nbsp;&nbsp;&nbsp;socketInit
<LI><a href="#[21d]">&gt;&gt;</a>&nbsp;&nbsp;&nbsp;ethInit
<LI><a href="#[3df]">&gt;&gt;</a>&nbsp;&nbsp;&nbsp;tlsParseHelloExtensions
<LI><a href="#[42e]">&gt;&gt;</a>&nbsp;&nbsp;&nbsp;tlsGenerateSessionKeys
<LI><a href="#[434]">&gt;&gt;</a>&nbsp;&nbsp;&nbsp;x509ParseCertificate
<LI><a href="#[449]">&gt;&gt;</a>&nbsp;&nbsp;&nbsp;tlsSendAlert
<LI><a href="#[436]">&gt;&gt;</a>&nbsp;&nbsp;&nbsp;tlsParseAlert
<LI><a href="#[3e8]">&gt;&gt;</a>&nbsp;&nbsp;&nbsp;tlsFreeTranscriptHash
<LI><a href="#[3d4]">&gt;&gt;</a>&nbsp;&nbsp;&nbsp;tlsFreeEncryptionEngine
<LI><a href="#[35e]">&gt;&gt;</a>&nbsp;&nbsp;&nbsp;pemImportRsaPrivateKey
<LI><a href="#[35c]">&gt;&gt;</a>&nbsp;&nbsp;&nbsp;pemImportEcPrivateKey
<LI><a href="#[1e4]">&gt;&gt;</a>&nbsp;&nbsp;&nbsp;mpiFree
<LI><a href="#[188]">&gt;&gt;</a>&nbsp;&nbsp;&nbsp;chacha20Poly1305Encrypt
<LI><a href="#[182]">&gt;&gt;</a>&nbsp;&nbsp;&nbsp;chacha20Poly1305Decrypt
<LI><a href="#[1f5]">&gt;&gt;</a>&nbsp;&nbsp;&nbsp;mpiImport
<LI><a href="#[3d9]">&gt;&gt;</a>&nbsp;&nbsp;&nbsp;tls13GenerateServerAppTrafficKeys
<LI><a href="#[3d6]">&gt;&gt;</a>&nbsp;&nbsp;&nbsp;tls13GenerateHandshakeTrafficKeys
<LI><a href="#[3d3]">&gt;&gt;</a>&nbsp;&nbsp;&nbsp;tls13GenerateClientAppTrafficKeys
<LI><a href="#[238]">&gt;&gt;</a>&nbsp;&nbsp;&nbsp;hkdfExtract
<LI><a href="#[1e0]">&gt;&gt;</a>&nbsp;&nbsp;&nbsp;mpiSetValue
<LI><a href="#[1da]">&gt;&gt;</a>&nbsp;&nbsp;&nbsp;mpiCopy
<LI><a href="#[1f9]">&gt;&gt;</a>&nbsp;&nbsp;&nbsp;mpiMul
<LI><a href="#[1e3]">&gt;&gt;</a>&nbsp;&nbsp;&nbsp;mpiShiftRight
<LI><a href="#[205]">&gt;&gt;</a>&nbsp;&nbsp;&nbsp;mpiRand
<LI><a href="#[48d]">&gt;&gt;</a>&nbsp;&nbsp;&nbsp;x509ParseName
<LI><a href="#[35b]">&gt;&gt;</a>&nbsp;&nbsp;&nbsp;x509ParseSubjectPublicKeyInfo
<LI><a href="#[35a]">&gt;&gt;</a>&nbsp;&nbsp;&nbsp;pkcs8ParsePrivateKeyInfo
<LI><a href="#[202]">&gt;&gt;</a>&nbsp;&nbsp;&nbsp;x25519
<LI><a href="#[8f]">&gt;&gt;</a>&nbsp;&nbsp;&nbsp;secp384r1Mod
<LI><a href="#[2bf]">&gt;&gt;</a>&nbsp;&nbsp;&nbsp;mpiGrow
</UL>

<P><STRONG><a name="[4bb]"></a>__aeabi_memclr8</STRONG> (Thumb, 0 bytes, Stack size 0 bytes, memseta.o(.text), UNUSED)

<P><STRONG><a name="[a7]"></a>_memset$wrapper</STRONG> (Thumb, 18 bytes, Stack size 8 bytes, memseta.o(.text), UNUSED)
<BR><BR>[Calls]<UL><LI><a href="#[a6]">&gt;&gt;</a>&nbsp;&nbsp;&nbsp;__aeabi_memset
</UL>

<P><STRONG><a name="[1ac]"></a>strncpy</STRONG> (Thumb, 24 bytes, Stack size 8 bytes, strncpy.o(.text))
<BR><BR>[Stack]<UL><LI>Max Depth = 8<LI>Call Chain = strncpy
</UL>
<BR>[Called By]<UL><LI><a href="#[1aa]">&gt;&gt;</a>&nbsp;&nbsp;&nbsp;dhcpClientInit
<LI><a href="#[344]">&gt;&gt;</a>&nbsp;&nbsp;&nbsp;strSafeCopy
</UL>

<P><STRONG><a name="[232]"></a>strchr</STRONG> (Thumb, 20 bytes, Stack size 0 bytes, strchr.o(.text))
<BR><BR>[Called By]<UL><LI><a href="#[230]">&gt;&gt;</a>&nbsp;&nbsp;&nbsp;getHostByName
<LI><a href="#[231]">&gt;&gt;</a>&nbsp;&nbsp;&nbsp;ipStringToAddr
<LI><a href="#[47f]">&gt;&gt;</a>&nbsp;&nbsp;&nbsp;webSocketParseRequestLine
<LI><a href="#[483]">&gt;&gt;</a>&nbsp;&nbsp;&nbsp;webSocketParseHeaderField
</UL>

<P><STRONG><a name="[147]"></a>strlen</STRONG> (Thumb, 14 bytes, Stack size 0 bytes, strlen.o(.text))
<BR><BR>[Called By]<UL><LI><a href="#[230]">&gt;&gt;</a>&nbsp;&nbsp;&nbsp;getHostByName
<LI><a href="#[18a]">&gt;&gt;</a>&nbsp;&nbsp;&nbsp;connect_aliyun_data_init
<LI><a href="#[366]">&gt;&gt;</a>&nbsp;&nbsp;&nbsp;publish_info_to_aliyun
<LI><a href="#[1aa]">&gt;&gt;</a>&nbsp;&nbsp;&nbsp;dhcpClientInit
<LI><a href="#[1b9]">&gt;&gt;</a>&nbsp;&nbsp;&nbsp;dhcpClientSendRequest
<LI><a href="#[1b8]">&gt;&gt;</a>&nbsp;&nbsp;&nbsp;dhcpClientSendDiscover
<LI><a href="#[146]">&gt;&gt;</a>&nbsp;&nbsp;&nbsp;SEGGER_RTT_WriteString
<LI><a href="#[2d7]">&gt;&gt;</a>&nbsp;&nbsp;&nbsp;tlsSaveSessionState
<LI><a href="#[2e4]">&gt;&gt;</a>&nbsp;&nbsp;&nbsp;mqttClientFormatPublish
<LI><a href="#[2d2]">&gt;&gt;</a>&nbsp;&nbsp;&nbsp;mqttClientFormatConnect
<LI><a href="#[344]">&gt;&gt;</a>&nbsp;&nbsp;&nbsp;strSafeCopy
<LI><a href="#[488]">&gt;&gt;</a>&nbsp;&nbsp;&nbsp;webSocketVerifyServerKey
<LI><a href="#[482]">&gt;&gt;</a>&nbsp;&nbsp;&nbsp;webSocketVerifyServerHandshake
<LI><a href="#[47f]">&gt;&gt;</a>&nbsp;&nbsp;&nbsp;webSocketParseRequestLine
<LI><a href="#[487]">&gt;&gt;</a>&nbsp;&nbsp;&nbsp;webSocketVerifyClientKey
<LI><a href="#[475]">&gt;&gt;</a>&nbsp;&nbsp;&nbsp;webSocketFormatClientHandshake
<LI><a href="#[41d]">&gt;&gt;</a>&nbsp;&nbsp;&nbsp;tlsFormatClientSniExtension
<LI><a href="#[3cf]">&gt;&gt;</a>&nbsp;&nbsp;&nbsp;tls13FormatClientPreSharedKeyExtension
<LI><a href="#[3cb]">&gt;&gt;</a>&nbsp;&nbsp;&nbsp;tls13HkdfExpandLabel
<LI><a href="#[400]">&gt;&gt;</a>&nbsp;&nbsp;&nbsp;tlsPrf
<LI><a href="#[3c2]">&gt;&gt;</a>&nbsp;&nbsp;&nbsp;tls12Prf
<LI><a href="#[48e]">&gt;&gt;</a>&nbsp;&nbsp;&nbsp;x509CompareSubtree
<LI><a href="#[490]">&gt;&gt;</a>&nbsp;&nbsp;&nbsp;x509CompareSubjectName
<LI><a href="#[353]">&gt;&gt;</a>&nbsp;&nbsp;&nbsp;pemFindTag
<LI><a href="#[352]">&gt;&gt;</a>&nbsp;&nbsp;&nbsp;pemDecodeFile
</UL>

<P><STRONG><a name="[310]"></a>strcmp</STRONG> (Thumb, 28 bytes, Stack size 8 bytes, strcmp.o(.text))
<BR><BR>[Stack]<UL><LI>Max Depth = 8<LI>Call Chain = strcmp
</UL>
<BR>[Called By]<UL><LI><a href="#[6f]">&gt;&gt;</a>&nbsp;&nbsp;&nbsp;mqttTestPublishCallback
<LI><a href="#[488]">&gt;&gt;</a>&nbsp;&nbsp;&nbsp;webSocketVerifyServerKey
<LI><a href="#[477]">&gt;&gt;</a>&nbsp;&nbsp;&nbsp;webSocketParseHandshake
<LI><a href="#[3f7]">&gt;&gt;</a>&nbsp;&nbsp;&nbsp;tls13VerifySignature
</UL>

<P><STRONG><a name="[165]"></a>memcmp</STRONG> (Thumb, 26 bytes, Stack size 12 bytes, memcmp.o(.text))
<BR><BR>[Stack]<UL><LI>Max Depth = 12<LI>Call Chain = memcmp
</UL>
<BR>[Called By]<UL><LI><a href="#[1d1]">&gt;&gt;</a>&nbsp;&nbsp;&nbsp;dnsSendQuery
<LI><a href="#[1b4]">&gt;&gt;</a>&nbsp;&nbsp;&nbsp;dhcpClientParseOffer
<LI><a href="#[1b3]">&gt;&gt;</a>&nbsp;&nbsp;&nbsp;dhcpClientParseNak
<LI><a href="#[1af]">&gt;&gt;</a>&nbsp;&nbsp;&nbsp;dhcpClientParseAck
<LI><a href="#[24d]">&gt;&gt;</a>&nbsp;&nbsp;&nbsp;ndpProcessRouterAdv
<LI><a href="#[24a]">&gt;&gt;</a>&nbsp;&nbsp;&nbsp;ndpProcessRedirect
<LI><a href="#[24e]">&gt;&gt;</a>&nbsp;&nbsp;&nbsp;ndpProcessNeighborSol
<LI><a href="#[24f]">&gt;&gt;</a>&nbsp;&nbsp;&nbsp;ndpProcessNeighborAdv
<LI><a href="#[24c]">&gt;&gt;</a>&nbsp;&nbsp;&nbsp;mldProcessListenerReport
<LI><a href="#[249]">&gt;&gt;</a>&nbsp;&nbsp;&nbsp;mldProcessListenerQuery
<LI><a href="#[244]">&gt;&gt;</a>&nbsp;&nbsp;&nbsp;ipv6SelectSourceAddr
<LI><a href="#[248]">&gt;&gt;</a>&nbsp;&nbsp;&nbsp;ipv6IsTentativeAddr
<LI><a href="#[252]">&gt;&gt;</a>&nbsp;&nbsp;&nbsp;ipv6IsAnycastAddr
<LI><a href="#[272]">&gt;&gt;</a>&nbsp;&nbsp;&nbsp;udpProcessDatagram
<LI><a href="#[271]">&gt;&gt;</a>&nbsp;&nbsp;&nbsp;tcpProcessSegment
<LI><a href="#[21c]">&gt;&gt;</a>&nbsp;&nbsp;&nbsp;ethDropMacAddr
<LI><a href="#[216]">&gt;&gt;</a>&nbsp;&nbsp;&nbsp;ethAcceptMacAddr
<LI><a href="#[168]">&gt;&gt;</a>&nbsp;&nbsp;&nbsp;arpProcessRequest
<LI><a href="#[167]">&gt;&gt;</a>&nbsp;&nbsp;&nbsp;arpProcessReply
<LI><a href="#[163]">&gt;&gt;</a>&nbsp;&nbsp;&nbsp;arpProcessPacket
<LI><a href="#[32f]">&gt;&gt;</a>&nbsp;&nbsp;&nbsp;ndpUpdateNextHop
<LI><a href="#[320]">&gt;&gt;</a>&nbsp;&nbsp;&nbsp;ndpIsFirstHopRouter
<LI><a href="#[31d]">&gt;&gt;</a>&nbsp;&nbsp;&nbsp;ndpFindNeighborCacheEntry
<LI><a href="#[329]">&gt;&gt;</a>&nbsp;&nbsp;&nbsp;ndpSendRouterSol
<LI><a href="#[327]">&gt;&gt;</a>&nbsp;&nbsp;&nbsp;ndpSendNeighborSol
<LI><a href="#[325]">&gt;&gt;</a>&nbsp;&nbsp;&nbsp;ndpSendNeighborAdv
<LI><a href="#[2b7]">&gt;&gt;</a>&nbsp;&nbsp;&nbsp;mldSendListenerReport
<LI><a href="#[2b9]">&gt;&gt;</a>&nbsp;&nbsp;&nbsp;mldSendListenerDone
<LI><a href="#[2a1]">&gt;&gt;</a>&nbsp;&nbsp;&nbsp;ipv6RemoveDefaultRouter
<LI><a href="#[289]">&gt;&gt;</a>&nbsp;&nbsp;&nbsp;ipv6GetAddrScope
<LI><a href="#[27b]">&gt;&gt;</a>&nbsp;&nbsp;&nbsp;ipv6CompPrefix
<LI><a href="#[279]">&gt;&gt;</a>&nbsp;&nbsp;&nbsp;ipv6AddDefaultRouter
<LI><a href="#[29c]">&gt;&gt;</a>&nbsp;&nbsp;&nbsp;ipv6SearchFragQueue
<LI><a href="#[28c]">&gt;&gt;</a>&nbsp;&nbsp;&nbsp;ndpFindDestCacheEntry
<LI><a href="#[2a6]">&gt;&gt;</a>&nbsp;&nbsp;&nbsp;ndpCreateDestCacheEntry
<LI><a href="#[292]">&gt;&gt;</a>&nbsp;&nbsp;&nbsp;mldStartListening
<LI><a href="#[296]">&gt;&gt;</a>&nbsp;&nbsp;&nbsp;mldLinkChangeEvent
<LI><a href="#[280]">&gt;&gt;</a>&nbsp;&nbsp;&nbsp;ipv6SetAddr
<LI><a href="#[28e]">&gt;&gt;</a>&nbsp;&nbsp;&nbsp;ipv6IsLocalHostAddr
<LI><a href="#[27c]">&gt;&gt;</a>&nbsp;&nbsp;&nbsp;ipv6CheckDestAddr
<LI><a href="#[288]">&gt;&gt;</a>&nbsp;&nbsp;&nbsp;ipv6SendPacket
<LI><a href="#[293]">&gt;&gt;</a>&nbsp;&nbsp;&nbsp;ipv6LeaveMulticastGroup
<LI><a href="#[290]">&gt;&gt;</a>&nbsp;&nbsp;&nbsp;ipv6JoinMulticastGroup
<LI><a href="#[328]">&gt;&gt;</a>&nbsp;&nbsp;&nbsp;ndpSelectDefaultRouter
<LI><a href="#[25e]">&gt;&gt;</a>&nbsp;&nbsp;&nbsp;ipIsUnspecifiedAddr
<LI><a href="#[226]">&gt;&gt;</a>&nbsp;&nbsp;&nbsp;ethUpdateOutStats
<LI><a href="#[221]">&gt;&gt;</a>&nbsp;&nbsp;&nbsp;ethUpdateInStats
<LI><a href="#[21b]">&gt;&gt;</a>&nbsp;&nbsp;&nbsp;ethCheckDestAddr
<LI><a href="#[3a1]">&gt;&gt;</a>&nbsp;&nbsp;&nbsp;tcpIsDuplicateSyn
<LI><a href="#[44d]">&gt;&gt;</a>&nbsp;&nbsp;&nbsp;tlsSelectClientVersion
<LI><a href="#[44e]">&gt;&gt;</a>&nbsp;&nbsp;&nbsp;tlsResumeClientSession
<LI><a href="#[44a]">&gt;&gt;</a>&nbsp;&nbsp;&nbsp;tlsParseServerHello
<LI><a href="#[435]">&gt;&gt;</a>&nbsp;&nbsp;&nbsp;x509CompareName
<LI><a href="#[437]">&gt;&gt;</a>&nbsp;&nbsp;&nbsp;tlsRemoveFromCache
<LI><a href="#[466]">&gt;&gt;</a>&nbsp;&nbsp;&nbsp;tlsVerifyRsaSignature
<LI><a href="#[445]">&gt;&gt;</a>&nbsp;&nbsp;&nbsp;tlsParseFinished
<LI><a href="#[3e5]">&gt;&gt;</a>&nbsp;&nbsp;&nbsp;tls13ParseHelloRetryRequest
<LI><a href="#[3dd]">&gt;&gt;</a>&nbsp;&nbsp;&nbsp;tls13IsHelloRetryRequest
</UL>

<P><STRONG><a name="[14d]"></a>strcpy</STRONG> (Thumb, 18 bytes, Stack size 0 bytes, strcpy.o(.text))
<BR><BR>[Called By]<UL><LI><a href="#[18a]">&gt;&gt;</a>&nbsp;&nbsp;&nbsp;connect_aliyun_data_init
<LI><a href="#[1cf]">&gt;&gt;</a>&nbsp;&nbsp;&nbsp;dnsResolve
<LI><a href="#[141]">&gt;&gt;</a>&nbsp;&nbsp;&nbsp;_DoInit
<LI><a href="#[2d7]">&gt;&gt;</a>&nbsp;&nbsp;&nbsp;tlsSaveSessionState
<LI><a href="#[233]">&gt;&gt;</a>&nbsp;&nbsp;&nbsp;nbnsResolve
<LI><a href="#[47f]">&gt;&gt;</a>&nbsp;&nbsp;&nbsp;webSocketParseRequestLine
</UL>

<P><STRONG><a name="[2aa]"></a>strncmp</STRONG> (Thumb, 30 bytes, Stack size 12 bytes, strncmp.o(.text))
<BR><BR>[Stack]<UL><LI>Max Depth = 12<LI>Call Chain = strncmp
</UL>
<BR>[Called By]<UL><LI><a href="#[261]">&gt;&gt;</a>&nbsp;&nbsp;&nbsp;ipv6StringToAddr
<LI><a href="#[477]">&gt;&gt;</a>&nbsp;&nbsp;&nbsp;webSocketParseHandshake
</UL>

<P><STRONG><a name="[a9]"></a>strtok_r</STRONG> (Thumb, 60 bytes, Stack size 16 bytes, strtok_r.o(.text))
<BR><BR>[Stack]<UL><LI>Max Depth = 16<LI>Call Chain = strtok_r
</UL>
<BR>[Called By]<UL><LI><a href="#[480]">&gt;&gt;</a>&nbsp;&nbsp;&nbsp;webSocketParseStatusLine
<LI><a href="#[47f]">&gt;&gt;</a>&nbsp;&nbsp;&nbsp;webSocketParseRequestLine
<LI><a href="#[47b]">&gt;&gt;</a>&nbsp;&nbsp;&nbsp;webSocketParseConnectionField
<LI><a href="#[a8]">&gt;&gt;</a>&nbsp;&nbsp;&nbsp;_strtok$wrapper
</UL>

<P><STRONG><a name="[a8]"></a>_strtok$wrapper</STRONG> (Thumb, 4 bytes, Stack size 0 bytes, strtok_r.o(.text), UNUSED)
<BR><BR>[Calls]<UL><LI><a href="#[a9]">&gt;&gt;</a>&nbsp;&nbsp;&nbsp;strtok_r
</UL>

<P><STRONG><a name="[aa]"></a>strcasecmp</STRONG> (Thumb, 42 bytes, Stack size 24 bytes, strcasecmp.o(.text))
<BR><BR>[Stack]<UL><LI>Max Depth = 24<LI>Call Chain = strcasecmp
</UL>
<BR>[Calls]<UL><LI><a href="#[ab]">&gt;&gt;</a>&nbsp;&nbsp;&nbsp;tolower
</UL>
<BR>[Called By]<UL><LI><a href="#[230]">&gt;&gt;</a>&nbsp;&nbsp;&nbsp;getHostByName
<LI><a href="#[1cb]">&gt;&gt;</a>&nbsp;&nbsp;&nbsp;dnsFindEntry
<LI><a href="#[47f]">&gt;&gt;</a>&nbsp;&nbsp;&nbsp;webSocketParseRequestLine
<LI><a href="#[483]">&gt;&gt;</a>&nbsp;&nbsp;&nbsp;webSocketParseHeaderField
<LI><a href="#[47b]">&gt;&gt;</a>&nbsp;&nbsp;&nbsp;webSocketParseConnectionField
</UL>

<P><STRONG><a name="[ac]"></a>strncasecmp</STRONG> (Thumb, 50 bytes, Stack size 24 bytes, strncasecmp.o(.text))
<BR><BR>[Stack]<UL><LI>Max Depth = 24<LI>Call Chain = strncasecmp
</UL>
<BR>[Calls]<UL><LI><a href="#[ab]">&gt;&gt;</a>&nbsp;&nbsp;&nbsp;tolower
</UL>
<BR>[Called By]<UL><LI><a href="#[1c7]">&gt;&gt;</a>&nbsp;&nbsp;&nbsp;dnsCompareName
</UL>

<P><STRONG><a name="[ad]"></a>strtoul</STRONG> (Thumb, 114 bytes, Stack size 40 bytes, strtoul.o(.text))
<BR><BR>[Stack]<UL><LI>Max Depth = 80<LI>Call Chain = strtoul &rArr; _strtoul
</UL>
<BR>[Calls]<UL><LI><a href="#[af]">&gt;&gt;</a>&nbsp;&nbsp;&nbsp;__rt_ctype_table
<LI><a href="#[b0]">&gt;&gt;</a>&nbsp;&nbsp;&nbsp;_strtoul
<LI><a href="#[ae]">&gt;&gt;</a>&nbsp;&nbsp;&nbsp;__aeabi_errno_addr
</UL>
<BR>[Called By]<UL><LI><a href="#[480]">&gt;&gt;</a>&nbsp;&nbsp;&nbsp;webSocketParseStatusLine
<LI><a href="#[483]">&gt;&gt;</a>&nbsp;&nbsp;&nbsp;webSocketParseHeaderField
<LI><a href="#[479]">&gt;&gt;</a>&nbsp;&nbsp;&nbsp;webSocketDecodePercentEncodedString
</UL>

<P><STRONG><a name="[4bc]"></a>__aeabi_uidiv</STRONG> (Thumb, 0 bytes, Stack size 12 bytes, uidiv.o(.text), UNUSED)

<P><STRONG><a name="[157]"></a>__aeabi_uidivmod</STRONG> (Thumb, 44 bytes, Stack size 12 bytes, uidiv.o(.text), UNUSED)
<BR><BR>[Called By]<UL><LI><a href="#[150]">&gt;&gt;</a>&nbsp;&nbsp;&nbsp;_printf_core
</UL>

<P><STRONG><a name="[a4]"></a>__aeabi_llsl</STRONG> (Thumb, 30 bytes, Stack size 0 bytes, llshl.o(.text))
<BR><BR>[Called By]<UL><LI><a href="#[a2]">&gt;&gt;</a>&nbsp;&nbsp;&nbsp;__aeabi_uldivmod
<LI><a href="#[b4]">&gt;&gt;</a>&nbsp;&nbsp;&nbsp;_double_epilogue
<LI><a href="#[b2]">&gt;&gt;</a>&nbsp;&nbsp;&nbsp;__aeabi_dadd
<LI><a href="#[ba]">&gt;&gt;</a>&nbsp;&nbsp;&nbsp;__aeabi_d2ulz
</UL>

<P><STRONG><a name="[4bd]"></a>_ll_shift_l</STRONG> (Thumb, 0 bytes, Stack size 0 bytes, llshl.o(.text), UNUSED)

<P><STRONG><a name="[a3]"></a>__aeabi_llsr</STRONG> (Thumb, 32 bytes, Stack size 0 bytes, llushr.o(.text))
<BR><BR>[Called By]<UL><LI><a href="#[a2]">&gt;&gt;</a>&nbsp;&nbsp;&nbsp;__aeabi_uldivmod
<LI><a href="#[b4]">&gt;&gt;</a>&nbsp;&nbsp;&nbsp;_double_epilogue
<LI><a href="#[ba]">&gt;&gt;</a>&nbsp;&nbsp;&nbsp;__aeabi_d2ulz
</UL>

<P><STRONG><a name="[4be]"></a>_ll_ushift_r</STRONG> (Thumb, 0 bytes, Stack size 0 bytes, llushr.o(.text), UNUSED)

<P><STRONG><a name="[b0]"></a>_strtoul</STRONG> (Thumb, 158 bytes, Stack size 40 bytes, _strtoul.o(.text))
<BR><BR>[Stack]<UL><LI>Max Depth = 40<LI>Call Chain = _strtoul
</UL>
<BR>[Calls]<UL><LI><a href="#[b1]">&gt;&gt;</a>&nbsp;&nbsp;&nbsp;_chval
<LI><a href="#[ae]">&gt;&gt;</a>&nbsp;&nbsp;&nbsp;__aeabi_errno_addr
</UL>
<BR>[Called By]<UL><LI><a href="#[ad]">&gt;&gt;</a>&nbsp;&nbsp;&nbsp;strtoul
</UL>

<P><STRONG><a name="[4bf]"></a>__I$use$fp</STRONG> (Thumb, 0 bytes, Stack size 48 bytes, iusefp.o(.text), UNUSED)

<P><STRONG><a name="[b2]"></a>__aeabi_dadd</STRONG> (Thumb, 322 bytes, Stack size 48 bytes, dadd.o(.text), UNUSED)
<BR><BR>[Calls]<UL><LI><a href="#[b3]">&gt;&gt;</a>&nbsp;&nbsp;&nbsp;__aeabi_lasr
<LI><a href="#[b5]">&gt;&gt;</a>&nbsp;&nbsp;&nbsp;_double_round
<LI><a href="#[b4]">&gt;&gt;</a>&nbsp;&nbsp;&nbsp;_double_epilogue
<LI><a href="#[a4]">&gt;&gt;</a>&nbsp;&nbsp;&nbsp;__aeabi_llsl
</UL>
<BR>[Called By]<UL><LI><a href="#[b7]">&gt;&gt;</a>&nbsp;&nbsp;&nbsp;__aeabi_drsub
<LI><a href="#[b6]">&gt;&gt;</a>&nbsp;&nbsp;&nbsp;__aeabi_dsub
<LI><a href="#[153]">&gt;&gt;</a>&nbsp;&nbsp;&nbsp;_fp_digits
</UL>

<P><STRONG><a name="[b6]"></a>__aeabi_dsub</STRONG> (Thumb, 6 bytes, Stack size 0 bytes, dadd.o(.text), UNUSED)
<BR><BR>[Calls]<UL><LI><a href="#[b2]">&gt;&gt;</a>&nbsp;&nbsp;&nbsp;__aeabi_dadd
</UL>

<P><STRONG><a name="[b7]"></a>__aeabi_drsub</STRONG> (Thumb, 6 bytes, Stack size 0 bytes, dadd.o(.text), UNUSED)
<BR><BR>[Calls]<UL><LI><a href="#[b2]">&gt;&gt;</a>&nbsp;&nbsp;&nbsp;__aeabi_dadd
</UL>

<P><STRONG><a name="[b8]"></a>__aeabi_dmul</STRONG> (Thumb, 228 bytes, Stack size 48 bytes, dmul.o(.text), UNUSED)
<BR><BR>[Calls]<UL><LI><a href="#[b4]">&gt;&gt;</a>&nbsp;&nbsp;&nbsp;_double_epilogue
</UL>
<BR>[Called By]<UL><LI><a href="#[153]">&gt;&gt;</a>&nbsp;&nbsp;&nbsp;_fp_digits
</UL>

<P><STRONG><a name="[b9]"></a>__aeabi_ddiv</STRONG> (Thumb, 222 bytes, Stack size 32 bytes, ddiv.o(.text), UNUSED)
<BR><BR>[Calls]<UL><LI><a href="#[b5]">&gt;&gt;</a>&nbsp;&nbsp;&nbsp;_double_round
</UL>
<BR>[Called By]<UL><LI><a href="#[153]">&gt;&gt;</a>&nbsp;&nbsp;&nbsp;_fp_digits
</UL>

<P><STRONG><a name="[ba]"></a>__aeabi_d2ulz</STRONG> (Thumb, 48 bytes, Stack size 0 bytes, dfixul.o(.text), UNUSED)
<BR><BR>[Calls]<UL><LI><a href="#[a3]">&gt;&gt;</a>&nbsp;&nbsp;&nbsp;__aeabi_llsr
<LI><a href="#[a4]">&gt;&gt;</a>&nbsp;&nbsp;&nbsp;__aeabi_llsl
</UL>
<BR>[Called By]<UL><LI><a href="#[153]">&gt;&gt;</a>&nbsp;&nbsp;&nbsp;_fp_digits
</UL>

<P><STRONG><a name="[154]"></a>__aeabi_cdrcmple</STRONG> (Thumb, 48 bytes, Stack size 0 bytes, cdrcmple.o(.text), UNUSED)
<BR><BR>[Called By]<UL><LI><a href="#[153]">&gt;&gt;</a>&nbsp;&nbsp;&nbsp;_fp_digits
</UL>

<P><STRONG><a name="[a1]"></a>__scatterload</STRONG> (Thumb, 28 bytes, Stack size 0 bytes, init.o(.text))
<BR><BR>[Calls]<UL><LI><a href="#[bb]">&gt;&gt;</a>&nbsp;&nbsp;&nbsp;__main_after_scatterload
</UL>
<BR>[Called By]<UL><LI><a href="#[a0]">&gt;&gt;</a>&nbsp;&nbsp;&nbsp;_main_scatterload
</UL>

<P><STRONG><a name="[4c0]"></a>__scatterload_rt2</STRONG> (Thumb, 0 bytes, Stack size 0 bytes, init.o(.text), UNUSED)

<P><STRONG><a name="[b3]"></a>__aeabi_lasr</STRONG> (Thumb, 36 bytes, Stack size 0 bytes, llsshr.o(.text), UNUSED)
<BR><BR>[Called By]<UL><LI><a href="#[b2]">&gt;&gt;</a>&nbsp;&nbsp;&nbsp;__aeabi_dadd
</UL>

[...]
<BR><BR>[Stack]<UL><LI>Max Depth = 56<LI>Call Chain = x509ParseSignatureValue &rArr; asn1ReadTag
</UL>
<BR>[Calls]<UL><LI><a href="#[17a]">&gt;&gt;</a>&nbsp;&nbsp;&nbsp;asn1ReadTag
<LI><a href="#[177]">&gt;&gt;</a>&nbsp;&nbsp;&nbsp;asn1CheckTag
</UL>
<BR>[Called By]<UL><LI><a href="#[434]">&gt;&gt;</a>&nbsp;&nbsp;&nbsp;x509ParseCertificate
</UL>

<P><STRONG><a name="[49e]"></a>x509ParseSubjectAltName</STRONG> (Thumb, 112 bytes, Stack size 64 bytes, x509_cert_parse.o(i.x509ParseSubjectAltName))
<BR><BR>[Stack]<UL><LI>Max Depth = 120<LI>Call Chain = x509ParseSubjectAltName &rArr; x509ParseGeneralName &rArr; asn1ReadTag
</UL>
<BR>[Calls]<UL><LI><a href="#[17d]">&gt;&gt;</a>&nbsp;&nbsp;&nbsp;asn1ReadSequence
<LI><a href="#[48f]">&gt;&gt;</a>&nbsp;&nbsp;&nbsp;x509ParseGeneralName
</UL>
<BR>[Called By]<UL><LI><a href="#[49b]">&gt;&gt;</a>&nbsp;&nbsp;&nbsp;x509ParseExtensions
</UL>

<P><STRONG><a name="[49f]"></a>x509ParseSubjectKeyId</STRONG> (Thumb, 40 bytes, Stack size 40 bytes, x509_cert_parse.o(i.x509ParseSubjectKeyId))
<BR><BR>[Stack]<UL><LI>Max Depth = 64<LI>Call Chain = x509ParseSubjectKeyId &rArr; asn1ReadOctetString &rArr; asn1ReadTag
</UL>
<BR>[Calls]<UL><LI><a href="#[17b]">&gt;&gt;</a>&nbsp;&nbsp;&nbsp;asn1ReadOctetString
</UL>
<BR>[Called By]<UL><LI><a href="#[49b]">&gt;&gt;</a>&nbsp;&nbsp;&nbsp;x509ParseExtensions
</UL>

<P><STRONG><a name="[35b]"></a>x509ParseSubjectPublicKeyInfo</STRONG> (Thumb, 232 bytes, Stack size 56 bytes, x509_key_parse.o(i.x509ParseSubjectPublicKeyInfo))
<BR><BR>[Stack]<UL><LI>Max Depth = 168<LI>Call Chain = x509ParseSubjectPublicKeyInfo &rArr; x509ParseAlgorithmIdentifier &rArr; x509ParseDsaParameters &rArr; asn1ReadSequence &rArr; asn1ReadTag
</UL>
<BR>[Calls]<UL><LI><a href="#[178]">&gt;&gt;</a>&nbsp;&nbsp;&nbsp;oidComp
<LI><a href="#[17a]">&gt;&gt;</a>&nbsp;&nbsp;&nbsp;asn1ReadTag
<LI><a href="#[17d]">&gt;&gt;</a>&nbsp;&nbsp;&nbsp;asn1ReadSequence
<LI><a href="#[177]">&gt;&gt;</a>&nbsp;&nbsp;&nbsp;asn1CheckTag
<LI><a href="#[4a8]">&gt;&gt;</a>&nbsp;&nbsp;&nbsp;x509ParseEcPublicKey
<LI><a href="#[498]">&gt;&gt;</a>&nbsp;&nbsp;&nbsp;x509ParseDsaPublicKey
<LI><a href="#[492]">&gt;&gt;</a>&nbsp;&nbsp;&nbsp;x509ParseAlgorithmIdentifier
<LI><a href="#[4a6]">&gt;&gt;</a>&nbsp;&nbsp;&nbsp;x509ParseRsaPublicKey
<LI><a href="#[c7]">&gt;&gt;</a>&nbsp;&nbsp;&nbsp;__aeabi_memclr4
</UL>
<BR>[Called By]<UL><LI><a href="#[356]">&gt;&gt;</a>&nbsp;&nbsp;&nbsp;pemImportEcParameters
<LI><a href="#[495]">&gt;&gt;</a>&nbsp;&nbsp;&nbsp;x509ParseTbsCertificate
</UL>

<P><STRONG><a name="[4a9]"></a>x509ParseSubjectUniqueId</STRONG> (Thumb, 52 bytes, Stack size 40 bytes, x509_cert_parse.o(i.x509ParseSubjectUniqueId))
<BR><BR>[Stack]<UL><LI>Max Depth = 56<LI>Call Chain = x509ParseSubjectUniqueId &rArr; asn1ReadTag
</UL>
<BR>[Calls]<UL><LI><a href="#[17a]">&gt;&gt;</a>&nbsp;&nbsp;&nbsp;asn1ReadTag
<LI><a href="#[177]">&gt;&gt;</a>&nbsp;&nbsp;&nbsp;asn1CheckTag
</UL>
<BR>[Called By]<UL><LI><a href="#[495]">&gt;&gt;</a>&nbsp;&nbsp;&nbsp;x509ParseTbsCertificate
</UL>

<P><STRONG><a name="[495]"></a>x509ParseTbsCertificate</STRONG> (Thumb, 292 bytes, Stack size 48 bytes, x509_cert_parse.o(i.x509ParseTbsCertificate))
<BR><BR>[Stack]<UL><LI>Max Depth = 280<LI>Call Chain = x509ParseTbsCertificate &rArr; x509ParseExtensions &rArr; x509ParseNameConstraints &rArr; x509ParseGeneralSubtrees &rArr; x509ParseGeneralSubtree &rArr; x509ParseGeneralName &rArr; asn1ReadTag
</UL>
<BR>[Calls]<UL><LI><a href="#[17a]">&gt;&gt;</a>&nbsp;&nbsp;&nbsp;asn1ReadTag
<LI><a href="#[4aa]">&gt;&gt;</a>&nbsp;&nbsp;&nbsp;x509ParseVersion
<LI><a href="#[4ab]">&gt;&gt;</a>&nbsp;&nbsp;&nbsp;x509ParseValidity
<LI><a href="#[4a9]">&gt;&gt;</a>&nbsp;&nbsp;&nbsp;x509ParseSubjectUniqueId
<LI><a href="#[496]">&gt;&gt;</a>&nbsp;&nbsp;&nbsp;x509ParseSignatureAlgo
<LI><a href="#[4a7]">&gt;&gt;</a>&nbsp;&nbsp;&nbsp;x509ParseSerialNumber
<LI><a href="#[48d]">&gt;&gt;</a>&nbsp;&nbsp;&nbsp;x509ParseName
<LI><a href="#[4a3]">&gt;&gt;</a>&nbsp;&nbsp;&nbsp;x509ParseIssuerUniqueId
<LI><a href="#[49b]">&gt;&gt;</a>&nbsp;&nbsp;&nbsp;x509ParseExtensions
<LI><a href="#[35b]">&gt;&gt;</a>&nbsp;&nbsp;&nbsp;x509ParseSubjectPublicKeyInfo
</UL>
<BR>[Called By]<UL><LI><a href="#[434]">&gt;&gt;</a>&nbsp;&nbsp;&nbsp;x509ParseCertificate
</UL>

<P><STRONG><a name="[4ac]"></a>x509ParseTime</STRONG> (Thumb, 236 bytes, Stack size 40 bytes, x509_cert_parse.o(i.x509ParseTime))
<BR><BR>[Stack]<UL><LI>Max Depth = 64<LI>Call Chain = x509ParseTime &rArr; x509ParseInt
</UL>
<BR>[Calls]<UL><LI><a href="#[17a]">&gt;&gt;</a>&nbsp;&nbsp;&nbsp;asn1ReadTag
<LI><a href="#[177]">&gt;&gt;</a>&nbsp;&nbsp;&nbsp;asn1CheckTag
<LI><a href="#[4a2]">&gt;&gt;</a>&nbsp;&nbsp;&nbsp;x509ParseInt
</UL>
<BR>[Called By]<UL><LI><a href="#[4ab]">&gt;&gt;</a>&nbsp;&nbsp;&nbsp;x509ParseValidity
</UL>

<P><STRONG><a name="[4ab]"></a>x509ParseValidity</STRONG> (Thumb, 62 bytes, Stack size 48 bytes, x509_cert_parse.o(i.x509ParseValidity))
<BR><BR>[Stack]<UL><LI>Max Depth = 112<LI>Call Chain = x509ParseValidity &rArr; x509ParseTime &rArr; x509ParseInt
</UL>
<BR>[Calls]<UL><LI><a href="#[17d]">&gt;&gt;</a>&nbsp;&nbsp;&nbsp;asn1ReadSequence
<LI><a href="#[4ac]">&gt;&gt;</a>&nbsp;&nbsp;&nbsp;x509ParseTime
</UL>
<BR>[Called By]<UL><LI><a href="#[495]">&gt;&gt;</a>&nbsp;&nbsp;&nbsp;x509ParseTbsCertificate
</UL>

<P><STRONG><a name="[4aa]"></a>x509ParseVersion</STRONG> (Thumb, 78 bytes, Stack size 40 bytes, x509_cert_parse.o(i.x509ParseVersion))
<BR><BR>[Stack]<UL><LI>Max Depth = 68<LI>Call Chain = x509ParseVersion &rArr; asn1ReadInt32 &rArr; asn1ReadTag
</UL>
<BR>[Calls]<UL><LI><a href="#[17a]">&gt;&gt;</a>&nbsp;&nbsp;&nbsp;asn1ReadTag
<LI><a href="#[179]">&gt;&gt;</a>&nbsp;&nbsp;&nbsp;asn1ReadInt32
<LI><a href="#[177]">&gt;&gt;</a>&nbsp;&nbsp;&nbsp;asn1CheckTag
</UL>
<BR>[Called By]<UL><LI><a href="#[495]">&gt;&gt;</a>&nbsp;&nbsp;&nbsp;x509ParseTbsCertificate
</UL>

<P><STRONG><a name="[43e]"></a>x509ValidateCertificate</STRONG> (Thumb, 142 bytes, Stack size 32 bytes, x509_cert_validate.o(i.x509ValidateCertificate))
<BR><BR>[Stack]<UL><LI>Max Depth = 960 + Unknown Stack Size
<LI>Call Chain = x509ValidateCertificate &rArr; x509VerifySignature &rArr; ecdsaVerifySignature &rArr; ecTwinMult &rArr; ecFullSub &rArr; ecFullAdd &rArr; ecAdd &rArr; ecSqrMod &rArr; mpiMul &rArr; mpiCopy &rArr; mpiGrow &rArr; osFreeMem &rArr; osResumeAllTasks &rArr; OSSchedUnlock &rArr; OS_Sched
</UL>
<BR>[Calls]<UL><LI><a href="#[4ad]">&gt;&gt;</a>&nbsp;&nbsp;&nbsp;getCurrentUnixTime
<LI><a href="#[18f]">&gt;&gt;</a>&nbsp;&nbsp;&nbsp;convertUnixTimeToDate
<LI><a href="#[4ae]">&gt;&gt;</a>&nbsp;&nbsp;&nbsp;compareDateTime
<LI><a href="#[435]">&gt;&gt;</a>&nbsp;&nbsp;&nbsp;x509CompareName
<LI><a href="#[4af]">&gt;&gt;</a>&nbsp;&nbsp;&nbsp;x509VerifySignature
</UL>
<BR>[Called By]<UL><LI><a href="#[43c]">&gt;&gt;</a>&nbsp;&nbsp;&nbsp;tlsValidateCertificate
<LI><a href="#[439]">&gt;&gt;</a>&nbsp;&nbsp;&nbsp;tlsParseCertificateList
</UL>

<P><STRONG><a name="[4af]"></a>x509VerifySignature</STRONG> (Thumb, 256 bytes, Stack size 264 bytes, x509_cert_validate.o(i.x509VerifySignature))
<BR><BR>[Stack]<UL><LI>Max Depth = 928 + Unknown Stack Size
<LI>Call Chain = x509VerifySignature &rArr; ecdsaVerifySignature &rArr; ecTwinMult &rArr; ecFullSub &rArr; ecFullAdd &rArr; ecAdd &rArr; ecSqrMod &rArr; mpiMul &rArr; mpiCopy &rArr; mpiGrow &rArr; osFreeMem &rArr; osResumeAllTasks &rArr; OSSchedUnlock &rArr; OS_Sched
</UL>
<BR>[Calls]<UL><LI><a href="#[462]">&gt;&gt;</a>&nbsp;&nbsp;&nbsp;x509ImportRsaPublicKey
<LI><a href="#[463]">&gt;&gt;</a>&nbsp;&nbsp;&nbsp;x509GetCurveInfo
<LI><a href="#[1fd]">&gt;&gt;</a>&nbsp;&nbsp;&nbsp;mpiGetBitLength
<LI><a href="#[1f8]">&gt;&gt;</a>&nbsp;&nbsp;&nbsp;ecLoadDomainParameters
<LI><a href="#[1f4]">&gt;&gt;</a>&nbsp;&nbsp;&nbsp;ecImport
<LI><a href="#[369]">&gt;&gt;</a>&nbsp;&nbsp;&nbsp;rsaInitPublicKey
<LI><a href="#[367]">&gt;&gt;</a>&nbsp;&nbsp;&nbsp;rsaFreePublicKey
<LI><a href="#[1f6]">&gt;&gt;</a>&nbsp;&nbsp;&nbsp;ecInitDomainParameters
<LI><a href="#[1f2]">&gt;&gt;</a>&nbsp;&nbsp;&nbsp;ecInit
<LI><a href="#[1ef]">&gt;&gt;</a>&nbsp;&nbsp;&nbsp;ecFreeDomainParameters
<LI><a href="#[1ee]">&gt;&gt;</a>&nbsp;&nbsp;&nbsp;ecFree
<LI><a href="#[20d]">&gt;&gt;</a>&nbsp;&nbsp;&nbsp;ecdsaVerifySignature
<LI><a href="#[20b]">&gt;&gt;</a>&nbsp;&nbsp;&nbsp;ecdsaReadSignature
<LI><a href="#[20a]">&gt;&gt;</a>&nbsp;&nbsp;&nbsp;ecdsaInitSignature
<LI><a href="#[207]">&gt;&gt;</a>&nbsp;&nbsp;&nbsp;ecdsaFreeSignature
<LI><a href="#[370]">&gt;&gt;</a>&nbsp;&nbsp;&nbsp;rsassaPkcs1v15Verify
<LI><a href="#[491]">&gt;&gt;</a>&nbsp;&nbsp;&nbsp;x509GetSignHashAlgo
</UL>
<BR>[Called By]<UL><LI><a href="#[43e]">&gt;&gt;</a>&nbsp;&nbsp;&nbsp;x509ValidateCertificate
</UL>

<P><STRONG><a name="[4b0]"></a>yarrowFastReseed</STRONG> (Thumb, 106 bytes, Stack size 24 bytes, yarrow.o(i.yarrowFastReseed))
<BR><BR>[Stack]<UL><LI>Max Depth = 120<LI>Call Chain = yarrowFastReseed &rArr; sha256Final &rArr; sha256Update &rArr; sha256ProcessBlock
</UL>
<BR>[Calls]<UL><LI><a href="#[7d]">&gt;&gt;</a>&nbsp;&nbsp;&nbsp;sha256Init
<LI><a href="#[7e]">&gt;&gt;</a>&nbsp;&nbsp;&nbsp;sha256Update
<LI><a href="#[7f]">&gt;&gt;</a>&nbsp;&nbsp;&nbsp;sha256Final
<LI><a href="#[8a]">&gt;&gt;</a>&nbsp;&nbsp;&nbsp;aesInit
<LI><a href="#[8b]">&gt;&gt;</a>&nbsp;&nbsp;&nbsp;aesEncryptBlock
</UL>
<BR>[Called By]<UL><LI><a href="#[3bd]">&gt;&gt;</a>&nbsp;&nbsp;&nbsp;yarrowSeed
</UL>

<P><STRONG><a name="[3bc]"></a>yarrowInit</STRONG> (Thumb, 46 bytes, Stack size 8 bytes, yarrow.o(i.yarrowInit))
<BR><BR>[Stack]<UL><LI>Max Depth = 72 + Unknown Stack Size
<LI>Call Chain = yarrowInit &rArr; osCreateMutex &rArr; osSetEvent &rArr; OSFlagPost &rArr; OS_Sched
</UL>
<BR>[Calls]<UL><LI><a href="#[337]">&gt;&gt;</a>&nbsp;&nbsp;&nbsp;osCreateMutex
<LI><a href="#[7d]">&gt;&gt;</a>&nbsp;&nbsp;&nbsp;sha256Init
<LI><a href="#[c7]">&gt;&gt;</a>&nbsp;&nbsp;&nbsp;__aeabi_memclr4
</UL>
<BR>[Called By]<UL><LI><a href="#[69]">&gt;&gt;</a>&nbsp;&nbsp;&nbsp;tcp_task
</UL>

<P><STRONG><a name="[3bd]"></a>yarrowSeed</STRONG> (Thumb, 30 bytes, Stack size 8 bytes, yarrow.o(i.yarrowSeed))
<BR><BR>[Stack]<UL><LI>Max Depth = 128<LI>Call Chain = yarrowSeed &rArr; yarrowFastReseed &rArr; sha256Final &rArr; sha256Update &rArr; sha256ProcessBlock
</UL>
<BR>[Calls]<UL><LI><a href="#[7e]">&gt;&gt;</a>&nbsp;&nbsp;&nbsp;sha256Update
<LI><a href="#[4b0]">&gt;&gt;</a>&nbsp;&nbsp;&nbsp;yarrowFastReseed
</UL>
<BR>[Called By]<UL><LI><a href="#[69]">&gt;&gt;</a>&nbsp;&nbsp;&nbsp;tcp_task
</UL>
<P>
<H3>
Local Symbols
</H3>
<P><STRONG><a name="[bf]"></a>ETH_MACDMAConfig</STRONG> (Thumb, 266 bytes, Stack size 24 bytes, stm32f4xx_hal_eth.o(i.ETH_MACDMAConfig))
<BR><BR>[Stack]<UL><LI>Max Depth = 40<LI>Call Chain = ETH_MACDMAConfig &rArr; HAL_Delay
</UL>
<BR>[Calls]<UL><LI><a href="#[c0]">&gt;&gt;</a>&nbsp;&nbsp;&nbsp;HAL_Delay
</UL>
<BR>[Called By]<UL><LI><a href="#[c2]">&gt;&gt;</a>&nbsp;&nbsp;&nbsp;HAL_ETH_Init
</UL>

<P><STRONG><a name="[cf]"></a>__NVIC_SetPriority</STRONG> (Thumb, 32 bytes, Stack size 0 bytes, stm32f4xx_hal_cortex.o(i.__NVIC_SetPriority))
<BR><BR>[Called By]<UL><LI><a href="#[ce]">&gt;&gt;</a>&nbsp;&nbsp;&nbsp;HAL_NVIC_SetPriority
<LI><a href="#[cd]">&gt;&gt;</a>&nbsp;&nbsp;&nbsp;HAL_SYSTICK_Config
</UL>

<P><STRONG><a name="[5f]"></a>UART_DMAAbortOnError</STRONG> (Thumb, 16 bytes, Stack size 8 bytes, stm32f4xx_hal_uart.o(i.UART_DMAAbortOnError))
<BR><BR>[Stack]<UL><LI>Max Depth = 8<LI>Call Chain = UART_DMAAbortOnError
</UL>
<BR>[Calls]<UL><LI><a href="#[e1]">&gt;&gt;</a>&nbsp;&nbsp;&nbsp;HAL_UART_ErrorCallback
</UL>
<BR>[Address Reference Count : 1]<UL><LI> stm32f4xx_hal_uart.o(i.HAL_UART_IRQHandler)
</UL>
<P><STRONG><a name="[df]"></a>UART_EndRxTransfer</STRONG> (Thumb, 28 bytes, Stack size 0 bytes, stm32f4xx_hal_uart.o(i.UART_EndRxTransfer))
<BR><BR>[Called By]<UL><LI><a href="#[dd]">&gt;&gt;</a>&nbsp;&nbsp;&nbsp;HAL_UART_IRQHandler
</UL>

<P><STRONG><a name="[de]"></a>UART_Receive_IT</STRONG> (Thumb, 150 bytes, Stack size 8 bytes, stm32f4xx_hal_uart.o(i.UART_Receive_IT))
<BR><BR>[Stack]<UL><LI>Max Depth = 8<LI>Call Chain = UART_Receive_IT
</UL>
<BR>[Calls]<UL><LI><a href="#[14a]">&gt;&gt;</a>&nbsp;&nbsp;&nbsp;HAL_UART_RxCpltCallback
</UL>
<BR>[Called By]<UL><LI><a href="#[dd]">&gt;&gt;</a>&nbsp;&nbsp;&nbsp;HAL_UART_IRQHandler
</UL>

<P><STRONG><a name="[e6]"></a>UART_SetConfig</STRONG> (Thumb, 286 bytes, Stack size 24 bytes, stm32f4xx_hal_uart.o(i.UART_SetConfig))
<BR><BR>[Stack]<UL><LI>Max Depth = 64<LI>Call Chain = UART_SetConfig &rArr; __aeabi_uldivmod
</UL>
<BR>[Calls]<UL><LI><a href="#[14b]">&gt;&gt;</a>&nbsp;&nbsp;&nbsp;HAL_RCC_GetPCLK2Freq
<LI><a href="#[14c]">&gt;&gt;</a>&nbsp;&nbsp;&nbsp;HAL_RCC_GetPCLK1Freq
<LI><a href="#[a2]">&gt;&gt;</a>&nbsp;&nbsp;&nbsp;__aeabi_uldivmod
</UL>
<BR>[Called By]<UL><LI><a href="#[e4]">&gt;&gt;</a>&nbsp;&nbsp;&nbsp;HAL_UART_Init
</UL>

<P><STRONG><a name="[e2]"></a>UART_Transmit_IT</STRONG> (Thumb, 98 bytes, Stack size 0 bytes, stm32f4xx_hal_uart.o(i.UART_Transmit_IT))
<BR><BR>[Called By]<UL><LI><a href="#[dd]">&gt;&gt;</a>&nbsp;&nbsp;&nbsp;HAL_UART_IRQHandler
</UL>

<P><STRONG><a name="[103]"></a>OS_InitEventList</STRONG> (Thumb, 74 bytes, Stack size 8 bytes, os_core.o(i.OS_InitEventList))
<BR><BR>[Stack]<UL><LI>Max Depth = 8<LI>Call Chain = OS_InitEventList
</UL>
<BR>[Calls]<UL><LI><a href="#[138]">&gt;&gt;</a>&nbsp;&nbsp;&nbsp;OS_MemClr
</UL>
<BR>[Called By]<UL><LI><a href="#[ff]">&gt;&gt;</a>&nbsp;&nbsp;&nbsp;OSInit
</UL>

<P><STRONG><a name="[101]"></a>OS_InitMisc</STRONG> (Thumb, 28 bytes, Stack size 0 bytes, os_core.o(i.OS_InitMisc))
<BR><BR>[Called By]<UL><LI><a href="#[ff]">&gt;&gt;</a>&nbsp;&nbsp;&nbsp;OSInit
</UL>

<P><STRONG><a name="[102]"></a>OS_InitTCBList</STRONG> (Thumb, 92 bytes, Stack size 8 bytes, os_core.o(i.OS_InitTCBList))
<BR><BR>[Stack]<UL><LI>Max Depth = 8<LI>Call Chain = OS_InitTCBList
</UL>
<BR>[Calls]<UL><LI><a href="#[138]">&gt;&gt;</a>&nbsp;&nbsp;&nbsp;OS_MemClr
</UL>
<BR>[Called By]<UL><LI><a href="#[ff]">&gt;&gt;</a>&nbsp;&nbsp;&nbsp;OSInit
</UL>

<P><STRONG><a name="[10b]"></a>OS_SchedNew</STRONG> (Thumb, 24 bytes, Stack size 0 bytes, os_core.o(i.OS_SchedNew))
<BR><BR>[Called By]<UL><LI><a href="#[be]">&gt;&gt;</a>&nbsp;&nbsp;&nbsp;OSIntExit
<LI><a href="#[117]">&gt;&gt;</a>&nbsp;&nbsp;&nbsp;OSStart
<LI><a href="#[fa]">&gt;&gt;</a>&nbsp;&nbsp;&nbsp;OS_Sched
</UL>

<P><STRONG><a name="[fc]"></a>OS_FlagBlock</STRONG> (Thumb, 86 bytes, Stack size 20 bytes, os_flag.o(i.OS_FlagBlock))
<BR><BR>[Stack]<UL><LI>Max Depth = 20<LI>Call Chain = OS_FlagBlock
</UL>
<BR>[Called By]<UL><LI><a href="#[fb]">&gt;&gt;</a>&nbsp;&nbsp;&nbsp;OSFlagPend
</UL>

<P><STRONG><a name="[f9]"></a>OS_FlagTaskRdy</STRONG> (Thumb, 70 bytes, Stack size 8 bytes, os_flag.o(i.OS_FlagTaskRdy))
<BR><BR>[Stack]<UL><LI>Max Depth = 8<LI>Call Chain = OS_FlagTaskRdy
</UL>
<BR>[Calls]<UL><LI><a href="#[fd]">&gt;&gt;</a>&nbsp;&nbsp;&nbsp;OS_FlagUnlink
</UL>
<BR>[Called By]<UL><LI><a href="#[fe]">&gt;&gt;</a>&nbsp;&nbsp;&nbsp;OSFlagPost
<LI><a href="#[f8]">&gt;&gt;</a>&nbsp;&nbsp;&nbsp;OSFlagDel
</UL>

<P><STRONG><a name="[13a]"></a>OSTmr_Link</STRONG> (Thumb, 70 bytes, Stack size 0 bytes, os_tmr.o(i.OSTmr_Link))
<BR><BR>[Called By]<UL><LI><a href="#[63]">&gt;&gt;</a>&nbsp;&nbsp;&nbsp;OSTmr_Task
</UL>

<P><STRONG><a name="[63]"></a>OSTmr_Task</STRONG> (Thumb, 114 bytes, Stack size 8 bytes, os_tmr.o(i.OSTmr_Task))
<BR><BR>[Stack]<UL><LI>Max Depth = 56 + Unknown Stack Size
<LI>Call Chain = OSTmr_Task &rArr; OSSemPend &rArr; OS_Sched
</UL>
<BR>[Calls]<UL><LI><a href="#[112]">&gt;&gt;</a>&nbsp;&nbsp;&nbsp;OSSemPend
<LI><a href="#[110]">&gt;&gt;</a>&nbsp;&nbsp;&nbsp;OSSchedUnlock
<LI><a href="#[10f]">&gt;&gt;</a>&nbsp;&nbsp;&nbsp;OSSchedLock
<LI><a href="#[139]">&gt;&gt;</a>&nbsp;&nbsp;&nbsp;OSTmr_Unlink
<LI><a href="#[13a]">&gt;&gt;</a>&nbsp;&nbsp;&nbsp;OSTmr_Link
</UL>
<BR>[Address Reference Count : 1]<UL><LI> os_tmr.o(i.OSTmr_Init)
</UL>
<P><STRONG><a name="[139]"></a>OSTmr_Unlink</STRONG> (Thumb, 64 bytes, Stack size 8 bytes, os_tmr.o(i.OSTmr_Unlink))
<BR><BR>[Stack]<UL><LI>Max Depth = 8<LI>Call Chain = OSTmr_Unlink
</UL>
<BR>[Called By]<UL><LI><a href="#[63]">&gt;&gt;</a>&nbsp;&nbsp;&nbsp;OSTmr_Task
</UL>

<P><STRONG><a name="[141]"></a>_DoInit</STRONG> (Thumb, 76 bytes, Stack size 8 bytes, segger_rtt.o(i._DoInit))
<BR><BR>[Stack]<UL><LI>Max Depth = 8<LI>Call Chain = _DoInit
</UL>
<BR>[Calls]<UL><LI><a href="#[14d]">&gt;&gt;</a>&nbsp;&nbsp;&nbsp;strcpy
</UL>
<BR>[Called By]<UL><LI><a href="#[140]">&gt;&gt;</a>&nbsp;&nbsp;&nbsp;SEGGER_RTT_Write
</UL>

<P><STRONG><a name="[143]"></a>_GetAvailWriteSpace</STRONG> (Thumb, 22 bytes, Stack size 0 bytes, segger_rtt.o(i._GetAvailWriteSpace))
<BR><BR>[Called By]<UL><LI><a href="#[142]">&gt;&gt;</a>&nbsp;&nbsp;&nbsp;SEGGER_RTT_WriteNoLock
</UL>

<P><STRONG><a name="[145]"></a>_WriteBlocking</STRONG> (Thumb, 90 bytes, Stack size 32 bytes, segger_rtt.o(i._WriteBlocking))
<BR><BR>[Stack]<UL><LI>Max Depth = 40<LI>Call Chain = _WriteBlocking &rArr; __aeabi_memcpy
</UL>
<BR>[Calls]<UL><LI><a href="#[14e]">&gt;&gt;</a>&nbsp;&nbsp;&nbsp;__aeabi_memcpy
</UL>
<BR>[Called By]<UL><LI><a href="#[142]">&gt;&gt;</a>&nbsp;&nbsp;&nbsp;SEGGER_RTT_WriteNoLock
</UL>

<P><STRONG><a name="[144]"></a>_WriteNoCheck</STRONG> (Thumb, 66 bytes, Stack size 24 bytes, segger_rtt.o(i._WriteNoCheck))
<BR><BR>[Stack]<UL><LI>Max Depth = 32<LI>Call Chain = _WriteNoCheck &rArr; __aeabi_memcpy
</UL>
<BR>[Calls]<UL><LI><a href="#[14e]">&gt;&gt;</a>&nbsp;&nbsp;&nbsp;__aeabi_memcpy
</UL>
<BR>[Called By]<UL><LI><a href="#[142]">&gt;&gt;</a>&nbsp;&nbsp;&nbsp;SEGGER_RTT_WriteNoLock
</UL>

<P><STRONG><a name="[153]"></a>_fp_digits</STRONG> (Thumb, 366 bytes, Stack size 64 bytes, printfa.o(i._fp_digits), UNUSED)
<BR><BR>[Calls]<UL><LI><a href="#[a2]">&gt;&gt;</a>&nbsp;&nbsp;&nbsp;__aeabi_uldivmod
<LI><a href="#[b8]">&gt;&gt;</a>&nbsp;&nbsp;&nbsp;__aeabi_dmul
<LI><a href="#[b9]">&gt;&gt;</a>&nbsp;&nbsp;&nbsp;__aeabi_ddiv
<LI><a href="#[b2]">&gt;&gt;</a>&nbsp;&nbsp;&nbsp;__aeabi_dadd
<LI><a href="#[ba]">&gt;&gt;</a>&nbsp;&nbsp;&nbsp;__aeabi_d2ulz
<LI><a href="#[154]">&gt;&gt;</a>&nbsp;&nbsp;&nbsp;__aeabi_cdrcmple
</UL>
<BR>[Called By]<UL><LI><a href="#[150]">&gt;&gt;</a>&nbsp;&nbsp;&nbsp;_printf_core
</UL>

<P><STRONG><a name="[150]"></a>_printf_core</STRONG> (Thumb, 1744 bytes, Stack size 136 bytes, printfa.o(i._printf_core), UNUSED)
<BR><BR>[Calls]<UL><LI><a href="#[a2]">&gt;&gt;</a>&nbsp;&nbsp;&nbsp;__aeabi_uldivmod
<LI><a href="#[157]">&gt;&gt;</a>&nbsp;&nbsp;&nbsp;__aeabi_uidivmod
<LI><a href="#[155]">&gt;&gt;</a>&nbsp;&nbsp;&nbsp;_printf_pre_padding
<LI><a href="#[156]">&gt;&gt;</a>&nbsp;&nbsp;&nbsp;_printf_post_padding
<LI><a href="#[153]">&gt;&gt;</a>&nbsp;&nbsp;&nbsp;_fp_digits
</UL>
<BR>[Called By]<UL><LI><a href="#[152]">&gt;&gt;</a>&nbsp;&nbsp;&nbsp;__0vsnprintf
<LI><a href="#[151]">&gt;&gt;</a>&nbsp;&nbsp;&nbsp;__0sprintf
<LI><a href="#[14f]">&gt;&gt;</a>&nbsp;&nbsp;&nbsp;__0fprintf
</UL>

<P><STRONG><a name="[156]"></a>_printf_post_padding</STRONG> (Thumb, 36 bytes, Stack size 24 bytes, printfa.o(i._printf_post_padding), UNUSED)
<BR><BR>[Called By]<UL><LI><a href="#[150]">&gt;&gt;</a>&nbsp;&nbsp;&nbsp;_printf_core
</UL>

<P><STRONG><a name="[155]"></a>_printf_pre_padding</STRONG> (Thumb, 46 bytes, Stack size 24 bytes, printfa.o(i._printf_pre_padding), UNUSED)
<BR><BR>[Called By]<UL><LI><a href="#[150]">&gt;&gt;</a>&nbsp;&nbsp;&nbsp;_printf_core
</UL>

<P><STRONG><a name="[66]"></a>_snputc</STRONG> (Thumb, 22 bytes, Stack size 0 bytes, printfa.o(i._snputc))
<BR>[Address Reference Count : 1]<UL><LI> printfa.o(i.__0vsnprintf)
</UL>
<P><STRONG><a name="[65]"></a>_sputc</STRONG> (Thumb, 10 bytes, Stack size 0 bytes, printfa.o(i._sputc))
<BR><BR>[Called By]<UL><LI><a href="#[151]">&gt;&gt;</a>&nbsp;&nbsp;&nbsp;__0sprintf
</UL>
<BR>[Address Reference Count : 1]<UL><LI> printfa.o(i.__0sprintf)
</UL><P>
<H3>
Undefined Global Symbols
</H3><HR></body></html>
