<html>
<body>
<pre>
<h1>µVision Build Log</h1>
<h2>Tool Versions:</h2>
IDE-Version: ¦ÌVision V5.30.0.0
Copyright (C) 2020 ARM Ltd and ARM Germany GmbH. All rights reserved.
License Information: WebbSu WebbSu, WebbSu, LIC=IC945-GJT2I-INNA7-EZ4JY-3KTDN-YDBAL
 
Tool Versions:
Toolchain:       MDK-ARM Professional  Version: 5.30.0.0
Toolchain Path:  E:\Keil_v5\ARM\ARMCC\Bin
C Compiler:      Armcc.exe V5.06 update 6 (build 750)
Assembler:       Armasm.exe V5.06 update 6 (build 750)
Linker/Locator:  ArmLink.exe V5.06 update 6 (build 750)
Library Manager: ArmAr.exe V5.06 update 6 (build 750)
Hex Converter:   FromElf.exe V5.06 update 6 (build 750)
CPU DLL:         SARMCM3.DLL V5.30.0.0
Dialog DLL:      DCM.DLL V1.17.3.0
Target DLL:      Segger\JL2CM3.dll V2.99.38.0
Dialog DLL:      TCM.DLL V1.42.0.0
 
<h2>Project:</h2>
D:\stm32f4xx-ucosii\MDK-ARM\stm32f407-ucosii.uvprojx
Project File Date:  06/14/2020

<h2>Output:</h2>
*** Using Compiler 'V5.06 update 6 (build 750)', folder: 'E:\Keil_v5\ARM\ARMCC\Bin'
Build target 'stm32f407-ucosii'
compiling os_mem.c...
compiling os_mbox.c...
compiling os_flag.c...
compiling os_core.c...
compiling os_mutex.c...
compiling os_sem.c...
compiling os_q.c...
compiling os_task.c...
compiling os_time.c...
compiling os_tmr.c...
compiling ring_buffer.c...
compiling lan8720_driver.c...
compiling dhcp_client.c...
compiling dhcp_common.c...
compiling dhcp_debug.c...
compiling dhcp_server.c...
compiling dns_cache.c...
compiling dns_client.c...
compiling dns_common.c...
compiling dns_debug.c...
compiling arp.c...
compiling auto_ip.c...
compiling icmp.c...
compiling igmp.c...
compiling ipv4.c...
compiling ipv4_frag.c...
compiling ipv4_misc.c...
compiling icmpv6.c...
compiling ipv6.c...
compiling ipv6_frag.c...
compiling ipv6_misc.c...
compiling ipv6_pmtu.c...
compiling main.c...
compiling os_debug.c...
compiling ipv6_routing.c...
compiling app_hooks.c...
compiling mld.c...
compiling ndp_cache.c...
compiling ndp.c...
compiling ndp_misc.c...
compiling stm32f4xx_it.c...
compiling os_cpu_c.c...
compiling ndp_router_adv.c...
compiling slaac.c...
compiling mqtt_client.c...
compiling bsd_socket.c...
compiling mqtt_client_misc.c...
compiling mqtt_client_transport.c...
compiling mqtt_client_packet.c...
compiling ethernet.c...
compiling ethernet_misc.c...
compiling ip.c...
compiling net_mem.c...
compiling nic.c...
compiling ping.c...
compiling app_main.c...
..\App\app_main.c(134): warning:  #550-D: variable "event"  was set but never used
  static OS_FLAG_GRP *event;              /* åˆ›å»ºäº‹ä»¶æ ‡å¿—ç»? */
..\App\app_main.c: 1 warning, 0 errors
compiling raw_socket.c...
compiling net.c...
compiling socket.c...
compiling tcp.c...
compiling tcp_fsm.c...
compiling tcp_timer.c...
compiling udp.c...
compiling tcp_misc.c...
compiling web_socket_auth.c...
compiling web_socket_frame.c...
compiling web_socket.c...
compiling web_socket_transport.c...
compiling nbns_client.c...
compiling nbns_common.c...
compiling web_socket_misc.c...
compiling str.c...
compiling nbns_responder.c...
compiling os_port_ucos2.c...
compiling llmnr_client.c...
compiling llmnr_common.c...
compiling llmnr_responder.c...
compiling cpu_endian.c...
compiling debug.c...
..\CycloneTCP\common\debug.c(102): warning:  #1-D: last line of file ends without a newline
  }
..\CycloneTCP\common\debug.c: 1 warning, 0 errors
compiling date_time.c...
compiling dtls_misc.c...
compiling dtls_record.c...
compiling ssl_misc.c...
compiling tls_cache.c...
compiling tls.c...
compiling tls_certificate.c...
compiling tls_cipher_suites.c...
compiling tls_client.c...
compiling tls_client_extensions.c...
compiling tls_client_fsm.c...
compiling tls_ffdhe.c...
compiling tls_client_misc.c...
compiling tls_handshake.c...
compiling tls_extensions.c...
compiling tls_common.c...
compiling tls_key_material.c...
compiling tls_server.c...
compiling tls_server_extensions.c...
compiling tls_misc.c...
compiling tls_record.c...
compiling tls_record_encryption.c...
compiling tls_record_decryption.c...
compiling tls_server_fsm.c...
compiling tls_ticket.c...
compiling tls_server_misc.c...
compiling tls_transcript_hash.c...
compiling tls13_client.c...
compiling tls_signature.c...
compiling tls13_client_misc.c...
compiling tls13_client_extensions.c...
compiling tls13_common.c...
compiling tls13_server.c...
compiling tls13_key_material.c...
compiling tls13_server_extensions.c...
compiling blake2b.c...
compiling blake2b160.c...
compiling blake2b256.c...
compiling tls13_server_misc.c...
compiling blake2b384.c...
compiling blake2b512.c...
compiling blake2s.c...
compiling tls13_misc.c...
compiling blake2s128.c...
compiling blake2s160.c...
compiling blake2s224.c...
compiling blake2s256.c...
compiling md2.c...
compiling md4.c...
compiling ripemd128.c...
compiling ripemd160.c...
compiling md5.c...
compiling sha1.c...
compiling sha224.c...
compiling sha384.c...
compiling sha256.c...
compiling tiger.c...
compiling sha512.c...
compiling whirlpool.c...
compiling asn1.c...
compiling base64url.c...
compiling base64.c...
compiling oid.c...
compiling radix64.c...
compiling hmac.c...
compiling rc4.c...
compiling idea.c...
compiling des.c...
compiling des3.c...
compiling aes.c...
compiling seed.c...
compiling camellia.c...
compiling cbc.c...
compiling ccm.c...
compiling chacha20_poly1305.c...
compiling aria.c...
compiling chacha.c...
compiling gcm.c...
compiling dh.c...
compiling poly1305.c...
compiling dsa.c...
compiling pem_export.c...
compiling pkcs8_key_format.c...
compiling pem_import.c...
compiling pkcs8_key_parse.c...
compiling rsa.c...
compiling x509_cert_create.c...
compiling x509_cert_validate.c...
compiling x509_common.c...
compiling x509_crl_validate.c...
compiling x509_cert_parse.c...
compiling x509_crl_parse.c...
compiling x509_csr_create.c...
compiling x509_csr_validate.c...
compiling x509_csr_parse.c...
compiling yarrow.c...
compiling keccak.c...
compiling x509_key_parse.c...
compiling x509_key_format.c...
compiling shake128.c...
compiling shake256.c...
compiling pkcs5.c...
compiling hkdf.c...
compiling ecdsa.c...
compiling ec_curves.c...
compiling mpi.c...
compiling ec.c...
compiling x25519.c...
compiling ecdh.c...
compiling curve25519.c...
compiling stm32f4xx_eth_driver.c...
linking...
Program Size: Code=61178 RO-data=4150 RW-data=268 ZI-data=55292  
FromELF: creating hex file...
"stm32f407-ucosii\stm32f407-ucosii.axf" - 0 Error(s), 2 Warning(s).

<h2>Software Packages used:</h2>

Package Vendor: ARM
                http://www.keil.com/pack/ARM.CMSIS.5.7.0.pack
                ARM.CMSIS.5.7.0
                CMSIS (Cortex Microcontroller Software Interface Standard)
   * Component: CORE Version: 5.4.0

Package Vendor: Keil
                http://www.keil.com/pack/Keil.STM32F4xx_DFP.2.14.0.pack
                Keil.STM32F4xx_DFP.2.14.0
                STMicroelectronics STM32F4 Series Device Support, Drivers and Examples

<h2>Collection of Component include folders:</h2>
  .\RTE\_stm32f407-ucosii
  E:\Keil_v5\ARM\CMSIS\5.7.0\CMSIS\Core\Include
  E:\Keil_v5\Keil\STM32F4xx_DFP\2.14.0\Drivers\CMSIS\Device\ST\STM32F4xx\Include

<h2>Collection of Component Files used:</h2>

   * Component: ARM::CMSIS:CORE:5.4.0
Build Time Elapsed:  00:00:31
</pre>
</body>
</html>
