Component: ARM Compiler 5.06 update 6 (build 750) Tool: armlink [4d35ed]

==============================================================================

Section Cross References

    startup_stm32f407xx.o(RESET) refers to startup_stm32f407xx.o(STACK) for __initial_sp
    startup_stm32f407xx.o(RESET) refers to startup_stm32f407xx.o(.text) for Reset_Handler
    startup_stm32f407xx.o(RESET) refers to stm32f4xx_it.o(i.NMI_Handler) for NMI_Handler
    startup_stm32f407xx.o(RESET) refers to stm32f4xx_it.o(i.HardFault_Handler) for HardFault_Handler
    startup_stm32f407xx.o(RESET) refers to stm32f4xx_it.o(i.MemManage_Handler) for MemManage_Handler
    startup_stm32f407xx.o(RESET) refers to stm32f4xx_it.o(i.BusFault_Handler) for BusFault_Handler
    startup_stm32f407xx.o(RESET) refers to stm32f4xx_it.o(i.UsageFault_Handler) for UsageFault_Handler
    startup_stm32f407xx.o(RESET) refers to stm32f4xx_it.o(i.SVC_Handler) for SVC_Handler
    startup_stm32f407xx.o(RESET) refers to stm32f4xx_it.o(i.DebugMon_Handler) for DebugMon_Handler
    startup_stm32f407xx.o(RESET) refers to os_cpu_a.o(.text) for PendSV_Handler
    startup_stm32f407xx.o(RESET) refers to stm32f4xx_it.o(i.SysTick_Handler) for SysTick_Handler
    startup_stm32f407xx.o(RESET) refers to stm32f4xx_it.o(i.USART1_IRQHandler) for USART1_IRQHandler
    startup_stm32f407xx.o(RESET) refers to stm32f4xx_eth_driver.o(i.ETH_IRQHandler) for ETH_IRQHandler
    startup_stm32f407xx.o(.text) refers to system_stm32f4xx.o(i.SystemInit) for SystemInit
    startup_stm32f407xx.o(.text) refers to entry.o(.ARM.Collect$$$$00000000) for __main
    main.o(i.SystemClock_Config) refers to memseta.o(.text) for __aeabi_memclr4
    main.o(i.SystemClock_Config) refers to stm32f4xx_hal_rcc.o(i.HAL_RCC_OscConfig) for HAL_RCC_OscConfig
    main.o(i.SystemClock_Config) refers to stm32f4xx_hal_rcc.o(i.HAL_RCC_ClockConfig) for HAL_RCC_ClockConfig
    main.o(i.main) refers to stm32f4xx_hal.o(i.HAL_Init) for HAL_Init
    main.o(i.main) refers to main.o(i.SystemClock_Config) for SystemClock_Config
    main.o(i.main) refers to gpio.o(i.MX_GPIO_Init) for MX_GPIO_Init
    main.o(i.main) refers to spi.o(i.MX_SPI1_Init) for MX_SPI1_Init
    main.o(i.main) refers to usart.o(i.MX_USART1_UART_Init) for MX_USART1_UART_Init
    main.o(i.main) refers to eth.o(i.MX_ETH_Init) for MX_ETH_Init
    main.o(i.main) refers to rng.o(i.MX_RNG_Init) for MX_RNG_Init
    main.o(i.main) refers to stm32f4xx_hal_rcc.o(i.HAL_RCC_GetHCLKFreq) for HAL_RCC_GetHCLKFreq
    main.o(i.main) refers to os_cpu_c.o(i.OS_CPU_SysTickInitFreq) for OS_CPU_SysTickInitFreq
    main.o(i.main) refers to os_core.o(i.OSInit) for OSInit
    main.o(i.main) refers to app_main.o(i.create_app_task) for create_app_task
    main.o(i.main) refers to os_core.o(i.OSStart) for OSStart
    gpio.o(i.MX_GPIO_Init) refers to memseta.o(.text) for __aeabi_memclr4
    gpio.o(i.MX_GPIO_Init) refers to stm32f4xx_hal_gpio.o(i.HAL_GPIO_WritePin) for HAL_GPIO_WritePin
    gpio.o(i.MX_GPIO_Init) refers to stm32f4xx_hal_gpio.o(i.HAL_GPIO_Init) for HAL_GPIO_Init
    eth.o(i.HAL_ETH_MspDeInit) refers to stm32f4xx_hal_gpio.o(i.HAL_GPIO_DeInit) for HAL_GPIO_DeInit
    eth.o(i.HAL_ETH_MspInit) refers to memseta.o(.text) for __aeabi_memclr4
    eth.o(i.HAL_ETH_MspInit) refers to stm32f4xx_hal_gpio.o(i.HAL_GPIO_Init) for HAL_GPIO_Init
    eth.o(i.MX_ETH_Init) refers to stm32f4xx_hal_eth.o(i.HAL_ETH_Init) for HAL_ETH_Init
    eth.o(i.MX_ETH_Init) refers to main.o(i.Error_Handler) for Error_Handler
    eth.o(i.MX_ETH_Init) refers to eth.o(.bss) for .bss
    rng.o(i.MX_RNG_Init) refers to stm32f4xx_hal_rng.o(i.HAL_RNG_Init) for HAL_RNG_Init
    rng.o(i.MX_RNG_Init) refers to main.o(i.Error_Handler) for Error_Handler
    rng.o(i.MX_RNG_Init) refers to rng.o(.bss) for .bss
    spi.o(i.HAL_SPI_MspDeInit) refers to stm32f4xx_hal_gpio.o(i.HAL_GPIO_DeInit) for HAL_GPIO_DeInit
    spi.o(i.HAL_SPI_MspInit) refers to memseta.o(.text) for __aeabi_memclr4
    spi.o(i.HAL_SPI_MspInit) refers to stm32f4xx_hal_gpio.o(i.HAL_GPIO_Init) for HAL_GPIO_Init
    spi.o(i.MX_SPI1_Init) refers to stm32f4xx_hal_spi.o(i.HAL_SPI_Init) for HAL_SPI_Init
    spi.o(i.MX_SPI1_Init) refers to main.o(i.Error_Handler) for Error_Handler
    spi.o(i.MX_SPI1_Init) refers to spi.o(.bss) for .bss
    usart.o(i.HAL_UART_MspDeInit) refers to stm32f4xx_hal_gpio.o(i.HAL_GPIO_DeInit) for HAL_GPIO_DeInit
    usart.o(i.HAL_UART_MspDeInit) refers to stm32f4xx_hal_cortex.o(i.HAL_NVIC_DisableIRQ) for HAL_NVIC_DisableIRQ
    usart.o(i.HAL_UART_MspInit) refers to memseta.o(.text) for __aeabi_memclr4
    usart.o(i.HAL_UART_MspInit) refers to stm32f4xx_hal_gpio.o(i.HAL_GPIO_Init) for HAL_GPIO_Init
    usart.o(i.HAL_UART_MspInit) refers to stm32f4xx_hal_cortex.o(i.HAL_NVIC_SetPriority) for HAL_NVIC_SetPriority
    usart.o(i.HAL_UART_MspInit) refers to stm32f4xx_hal_cortex.o(i.HAL_NVIC_EnableIRQ) for HAL_NVIC_EnableIRQ
    usart.o(i.MX_USART1_UART_Init) refers to stm32f4xx_hal_uart.o(i.HAL_UART_Init) for HAL_UART_Init
[...]
    tcpUpdateRetransmitQueue                 0x0800e381   Thumb Code   134  tcp_misc.o(i.tcpUpdateRetransmitQueue)
    tcpUpdateSackBlocks                      0x0800e409   Thumb Code   160  tcp_misc.o(i.tcpUpdateSackBlocks)
    tcpUpdateSendWindow                      0x0800e4a9   Thumb Code   116  tcp_misc.o(i.tcpUpdateSendWindow)
    tcpWriteRxBuffer                         0x0800e51d   Thumb Code    90  tcp_misc.o(i.tcpWriteRxBuffer)
    tcp_task                                 0x0800e579   Thumb Code   522  app_main.o(i.tcp_task)
    uart_task                                0x0800e9bd   Thumb Code    52  app_main.o(i.uart_task)
    ucos_kprintf                             0x0800ea15   Thumb Code    30  os_debug.o(i.ucos_kprintf)
    ucos_show_version                        0x0800ea39   Thumb Code    40  app_main.o(i.ucos_show_version)
    udpAllocBuffer                           0x0800eaed   Thumb Code    22  udp.o(i.udpAllocBuffer)
    udpAttachRxCallback                      0x0800eb05   Thumb Code    68  udp.o(i.udpAttachRxCallback)
    udpDetachRxCallback                      0x0800eb51   Thumb Code    66  udp.o(i.udpDetachRxCallback)
    udpInit                                  0x0800eb9d   Thumb Code    32  udp.o(i.udpInit)
    udpInvokeRxCallback                      0x0800ebc5   Thumb Code   114  udp.o(i.udpInvokeRxCallback)
    udpProcessDatagram                       0x0800ec41   Thumb Code   474  udp.o(i.udpProcessDatagram)
    udpSendDatagramEx                        0x0800ee21   Thumb Code   306  udp.o(i.udpSendDatagramEx)
    udpUpdateEvents                          0x0800ef53   Thumb Code    76  udp.o(i.udpUpdateEvents)
    webSocketInit                            0x0800efa1   Thumb Code    16  web_socket.o(i.webSocketInit)
    yarrowFastReseed                         0x0800efb5   Thumb Code   106  yarrow.o(i.yarrowFastReseed)
    yarrowInit                               0x0800f01f   Thumb Code    46  yarrow.o(i.yarrowInit)
    yarrowSeed                               0x0800f04d   Thumb Code    30  yarrow.o(i.yarrowSeed)
    AHBPrescTable                            0x0800f06a   Data          16  system_stm32f4xx.o(.constdata)
    APBPrescTable                            0x0800f07a   Data           8  system_stm32f4xx.o(.constdata)
    OSUnMapTbl                               0x0800f082   Data         256  os_core.o(.constdata)
    lan8720PhyDriver                         0x0800f184   Data          28  lan8720_driver.o(.constdata)
    dhcpOptionList                           0x0800f1a0   Data           7  dhcp_client.o(.constdata)
    IPV6_UNSPECIFIED_ADDR                    0x0800f1a7   Data          16  ipv6.o(.constdata)
    IPV6_LOOPBACK_ADDR                       0x0800f1b7   Data          16  ipv6.o(.constdata)
    IPV6_LINK_LOCAL_ALL_NODES_ADDR           0x0800f1c7   Data          16  ipv6.o(.constdata)
    IPV6_LINK_LOCAL_ALL_ROUTERS_ADDR         0x0800f1d7   Data          16  ipv6.o(.constdata)
    IPV6_LINK_LOCAL_ADDR_PREFIX              0x0800f1e7   Data          16  ipv6.o(.constdata)
    IPV6_SOLICITED_NODE_ADDR_PREFIX          0x0800f1f7   Data          16  ipv6.o(.constdata)
    MAC_UNSPECIFIED_ADDR                     0x0800f207   Data           6  ethernet.o(.constdata)
    MAC_BROADCAST_ADDR                       0x0800f20d   Data           6  ethernet.o(.constdata)
    ethPadding                               0x0800f213   Data          64  ethernet_misc.o(.constdata)
    LLMNR_IPV6_MULTICAST_ADDR                0x0800f253   Data          16  llmnr_common.o(.constdata)
    stm32f4xxEthDriver                       0x0800f264   Data          64  stm32f4xx_eth_driver.o(.constdata)
    __ctype_table                            0x0800fe10   Data         129  ctype_o.o(.constdata)
    Region$$Table$$Base                      0x0800fef8   Number         0  anon$$obj.o(Region$$Table)
    Region$$Table$$Limit                     0x0800ff18   Number         0  anon$$obj.o(Region$$Table)
    uwTickFreq                               0x20000000   Data           1  stm32f4xx_hal.o(.data)
    uwTickPrio                               0x20000004   Data           4  stm32f4xx_hal.o(.data)
    uwTick                                   0x20000008   Data           4  stm32f4xx_hal.o(.data)
    SystemCoreClock                          0x2000000c   Data           4  system_stm32f4xx.o(.data)
    OS_CPU_ExceptStkBase                     0x20000014   Data           4  os_cpu_c.o(.data)
    OSCPUUsage                               0x20000018   Data           1  os_core.o(.data)
    OSStatRdy                                0x20000019   Data           1  os_core.o(.data)
    OSIntNesting                             0x2000001a   Data           1  os_core.o(.data)
    OSLockNesting                            0x2000001b   Data           1  os_core.o(.data)
    OSPrioCur                                0x2000001c   Data           1  os_core.o(.data)
    OSPrioHighRdy                            0x2000001d   Data           1  os_core.o(.data)
    OSRdyGrp                                 0x2000001e   Data           1  os_core.o(.data)
    OSRunning                                0x2000001f   Data           1  os_core.o(.data)
    OSTaskCtr                                0x20000020   Data           1  os_core.o(.data)
    OSTickStepState                          0x20000021   Data           1  os_core.o(.data)
    OSTaskRegNextAvailID                     0x20000022   Data           1  os_core.o(.data)
    OSCtxSwCtr                               0x20000024   Data           4  os_core.o(.data)
    OSEventFreeList                          0x20000028   Data           4  os_core.o(.data)
    OSIdleCtrMax                             0x2000002c   Data           4  os_core.o(.data)
    OSIdleCtrRun                             0x20000030   Data           4  os_core.o(.data)
    OSIdleCtr                                0x20000034   Data           4  os_core.o(.data)
    OSTCBCur                                 0x20000038   Data           4  os_core.o(.data)
    OSTCBFreeList                            0x2000003c   Data           4  os_core.o(.data)
    OSTCBHighRdy                             0x20000040   Data           4  os_core.o(.data)
    OSTCBList                                0x20000044   Data           4  os_core.o(.data)
    OSTime                                   0x20000048   Data           4  os_core.o(.data)
    OSRdyTbl                                 0x2000004c   Data           8  os_core.o(.data)
    OSFlagFreeList                           0x20000054   Data           4  os_core.o(.data)
    OSMemFreeList                            0x20000058   Data           4  os_core.o(.data)
    OSQFreeList                              0x2000005c   Data           4  os_core.o(.data)
    OSTmrFree                                0x20000060   Data           2  os_core.o(.data)
    OSTmrUsed                                0x20000062   Data           2  os_core.o(.data)
    OSTmrTime                                0x20000064   Data           4  os_core.o(.data)
    OSTmrSem                                 0x20000068   Data           4  os_core.o(.data)
    OSTmrSemSignal                           0x2000006c   Data           4  os_core.o(.data)
    OSTmrFreeList                            0x20000070   Data           4  os_core.o(.data)
    pq_event                                 0x20000078   Data           4  app_main.o(.data)
    dhcpClientTickCounter                    0x200000a0   Data           4  dhcp_client.o(.data)
    dnsTickCounter                           0x200000a4   Data           4  dns_cache.o(.data)
    arpTickCounter                           0x200000a8   Data           4  arp.o(.data)
    igmpTickCounter                          0x200000ac   Data           4  igmp.o(.data)
    ipv4FragTickCounter                      0x200000b0   Data           4  ipv4_frag.o(.data)
    ipv6FragTickCounter                      0x200000b4   Data           4  ipv6_frag.o(.data)
    mldTickCounter                           0x200000b8   Data           4  mld.o(.data)
    ndpTickCounter                           0x200000bc   Data           4  ndp.o(.data)
    netTaskHandle                            0x200000c4   Data           4  net.o(.data)
    netMutex                                 0x200000c8   Data           4  net.o(.data)
    netEvent                                 0x200000cc   Data           4  net.o(.data)
    nicTickCounter                           0x200000dc   Data           4  nic.o(.data)
    tcpTickCounter                           0x200000e0   Data           4  tcp.o(.data)
    udpCallbackMutex                         0x200000ec   Data           4  udp.o(.data)
    __stderr                                 0x200000fc   Data           4  stderr.o(.data)
    __microlib_freelist                      0x20000100   Data           4  mvars.o(.data)
    __microlib_freelist_initialised          0x20000104   Data           4  mvars.o(.data)
    heth                                     0x20000108   Data          72  eth.o(.bss)
    hrng                                     0x20000150   Data          16  rng.o(.bss)
    hspi1                                    0x20000160   Data          88  spi.o(.bss)
    huart1                                   0x200001b8   Data          64  usart.o(.bss)
    OS_CPU_ExceptStk                         0x200001f8   Data         512  os_cpu_c.o(.bss)
    OSEventTbl                               0x200003f8   Data         480  os_core.o(.bss)
    OSTaskStatStk                            0x200005d8   Data         512  os_core.o(.bss)
    OSTaskIdleStk                            0x200007d8   Data         512  os_core.o(.bss)
    OSTCBPrioTbl                             0x200009d8   Data         256  os_core.o(.bss)
    OSTCBTbl                                 0x20000ad8   Data        1936  os_core.o(.bss)
    OSFlagTbl                                0x20001268   Data          80  os_core.o(.bss)
    OSMemTbl                                 0x200012b8   Data         384  os_core.o(.bss)
    OSQTbl                                   0x20001438   Data          96  os_core.o(.bss)
    OSTmrTbl                                 0x20001498   Data         640  os_core.o(.bss)
    OSTmrTaskStk                             0x20001718   Data         512  os_core.o(.bss)
    OSTmrWheelTbl                            0x20001918   Data          56  os_core.o(.bss)
    _SEGGER_RTT                              0x20001950   Data         168  segger_rtt.o(.bss)
    RNG_Handle                               0x20002408   Data          16  app_main.o(.bss)
    dhcpClientSettings                       0x20002418   Data          60  app_main.o(.bss)
    dhcpClientContext                        0x20002454   Data         120  app_main.o(.bss)
    slaacSettings                            0x200024cc   Data          16  app_main.o(.bss)
    slaacContext                             0x200024dc   Data          24  app_main.o(.bss)
    yarrowContext                            0x200024f8   Data         816  app_main.o(.bss)
    seed                                     0x20002828   Data          32  app_main.o(.bss)
    led_blink_stake                          0x20002848   Data         512  app_main.o(.bss)
    uart_stake                               0x20002a48   Data         512  app_main.o(.bss)
    tcp_stake                                0x20002c48   Data        8192  app_main.o(.bss)
    dnsCache                                 0x20004c70   Data         928  dns_cache.o(.bss)
    netInterface                             0x20005048   Data        3096  net.o(.bss)
    socketTable                              0x20005ca8   Data        5880  socket.o(.bss)
    udpCallbackTable                         0x200073a0   Data         160  udp.o(.bss)
    webSocketTable                           0x20007440   Data       10016  web_socket.o(.bss)
    __heap_base                              0x2000d300   Data           0  startup_stm32f407xx.o(HEAP)
    __heap_limit                             0x2000d500   Data           0  startup_stm32f407xx.o(HEAP)
    __initial_sp                             0x2000d900   Data           0  startup_stm32f407xx.o(STACK)



==============================================================================

Memory Map of the image

  Image Entry point : 0x08000189

  Load Region LR_IROM1 (Base: 0x08000000, Size: 0x00010020, Max: 0x00100000, ABSOLUTE)

    Execution Region ER_IROM1 (Exec base: 0x08000000, Load base: 0x08000000, Size: 0x0000ff18, Max: 0x00100000, ABSOLUTE)

    Exec Addr    Load Addr    Size         Type   Attr      Idx    E Section Name        Object

    0x08000000   0x08000000   0x00000188   Data   RO            3    RESET               startup_stm32f407xx.o
    0x08000188   0x08000188   0x00000000   Code   RO        16174  * .ARM.Collect$$$$00000000  mc_w.l(entry.o)
    0x08000188   0x08000188   0x00000004   Code   RO        16534    .ARM.Collect$$$$00000001  mc_w.l(entry2.o)
    0x0800018c   0x0800018c   0x00000004   Code   RO        16537    .ARM.Collect$$$$00000004  mc_w.l(entry5.o)
    0x08000190   0x08000190   0x00000000   Code   RO        16539    .ARM.Collect$$$$00000008  mc_w.l(entry7b.o)
    0x08000190   0x08000190   0x00000000   Code   RO        16541    .ARM.Collect$$$$0000000A  mc_w.l(entry8b.o)
    0x08000190   0x08000190   0x00000008   Code   RO        16542    .ARM.Collect$$$$0000000B  mc_w.l(entry9a.o)
    0x08000198   0x08000198   0x00000000   Code   RO        16544    .ARM.Collect$$$$0000000D  mc_w.l(entry10a.o)
    0x08000198   0x08000198   0x00000000   Code   RO        16546    .ARM.Collect$$$$0000000F  mc_w.l(entry11a.o)
    0x08000198   0x08000198   0x00000004   Code   RO        16535    .ARM.Collect$$$$00002712  mc_w.l(entry2.o)
    0x0800019c   0x0800019c   0x00000024   Code   RO            4    .text               startup_stm32f407xx.o
    0x080001c0   0x080001c0   0x000000dc   Code   RO         2933    .text               os_cpu_a.o
    0x0800029c   0x0800029c   0x00000062   Code   RO        16178    .text               mc_w.l(uldiv.o)
    0x080002fe   0x080002fe   0x00000002   PAD
    0x08000300   0x08000300   0x00000008   Code   RO        16180    .text               mc_w.l(ctype_o.o)
    0x08000308   0x08000308   0x0000000c   Code   RO        16208    .text               mc_w.l(toupper.o)
    0x08000314   0x08000314   0x0000000c   Code   RO        16210    .text               mc_w.l(tolower.o)
    0x08000320   0x08000320   0x00000040   Code   RO        16214    .text               mc_w.l(memmovea.o)
    0x08000360   0x08000360   0x00000024   Code   RO        16216    .text               mc_w.l(memseta.o)
    0x08000384   0x08000384   0x00000018   Code   RO        16218    .text               mc_w.l(strncpy.o)
    0x0800039c   0x0800039c   0x0000000e   Code   RO        16222    .text               mc_w.l(strlen.o)
    0x080003aa   0x080003aa   0x0000001a   Code   RO        16226    .text               mc_w.l(memcmp.o)
    0x080003c4   0x080003c4   0x00000012   Code   RO        16228    .text               mc_w.l(strcpy.o)
    0x080003d6   0x080003d6   0x00000032   Code   RO        16241    .text               mc_w.l(strncasecmp.o)
    0x08000408   0x08000408   0x0000002c   Code   RO        16551    .text               mc_w.l(uidiv.o)
    0x08000434   0x08000434   0x0000001e   Code   RO        16553    .text               mc_w.l(llshl.o)
    0x08000452   0x08000452   0x00000020   Code   RO        16555    .text               mc_w.l(llushr.o)
    0x08000472   0x08000472   0x00000000   Code   RO        16568    .text               mc_w.l(iusefp.o)
    0x08000472   0x08000472   0x0000014e   Code   RO        16569    .text               mf_w.l(dadd.o)
    0x080005c0   0x080005c0   0x000000e4   Code   RO        16571    .text               mf_w.l(dmul.o)
    0x080006a4   0x080006a4   0x000000de   Code   RO        16573    .text               mf_w.l(ddiv.o)
    0x08000782   0x08000782   0x00000030   Code   RO        16575    .text               mf_w.l(dfixul.o)
    0x080007b2   0x080007b2   0x00000002   PAD
    0x080007b4   0x080007b4   0x00000030   Code   RO        16577    .text               mf_w.l(cdrcmple.o)
    0x080007e4   0x080007e4   0x00000024   Code   RO        16579    .text               mc_w.l(init.o)
    0x08000808   0x08000808   0x00000000   Code   RO        16581    .text               mc_w.l(semi.o)
    0x08000808   0x08000808   0x00000024   Code   RO        16582    .text               mc_w.l(llsshr.o)
    0x0800082c   0x0800082c   0x00000000   Code   RO        16586    .text               mc_w.l(iusesemip.o)
    0x0800082c   0x0800082c   0x000000ba   Code   RO        16587    .text               mf_w.l(depilogue.o)
    0x080008e6   0x080008e6   0x00000002   Code   RO         4450    i.App_TCBInitHook   app_hooks.o
    0x080008e8   0x080008e8   0x00000002   Code   RO         4451    i.App_TaskCreateHook  app_hooks.o
    0x080008ea   0x080008ea   0x00000002   Code   RO         4452    i.App_TaskDelHook   app_hooks.o
    0x080008ec   0x080008ec   0x00000002   Code   RO         4453    i.App_TaskIdleHook  app_hooks.o
    0x080008ee   0x080008ee   0x00000002   Code   RO         4454    i.App_TaskReturnHook  app_hooks.o
    0x080008f0   0x080008f0   0x00000002   Code   RO         4455    i.App_TaskStatHook  app_hooks.o
    0x080008f2   0x080008f2   0x00000002   Code   RO         4456    i.App_TaskSwHook    app_hooks.o
    0x080008f4   0x080008f4   0x00000002   Code   RO         4457    i.App_TimeTickHook  app_hooks.o
    0x080008f6   0x080008f6   0x00000002   Code   RO          416    i.BusFault_Handler  stm32f4xx_it.o
    0x080008f8   0x080008f8   0x00000002   Code   RO          417    i.DebugMon_Handler  stm32f4xx_it.o
    0x080008fa   0x080008fa   0x00000002   PAD
    0x080008fc   0x080008fc   0x00000058   Code   RO        10306    i.ETH_IRQHandler    stm32f4xx_eth_driver.o
    0x08000954   0x08000954   0x00000124   Code   RO          518    i.ETH_MACDMAConfig  stm32f4xx_hal_eth.o
    0x08000a78   0x08000a78   0x00000002   Code   RO           13    i.Error_Handler     main.o
    0x08000a7a   0x08000a7a   0x00000024   Code   RO         1132    i.HAL_DMA_Abort_IT  stm32f4xx_hal_dma.o
    0x08000a9e   0x08000a9e   0x00000002   PAD
    0x08000aa0   0x08000aa0   0x00000024   Code   RO         1550    i.HAL_Delay         stm32f4xx_hal.o
    0x08000ac4   0x08000ac4   0x000001ec   Code   RO          529    i.HAL_ETH_Init      stm32f4xx_hal_eth.o
    0x08000cb0   0x08000cb0   0x000000d8   Code   RO          222    i.HAL_ETH_MspInit   eth.o
    0x08000d88   0x08000d88   0x00000084   Code   RO          532    i.HAL_ETH_ReadPHYRegister  stm32f4xx_hal_eth.o
    0x08000e0c   0x08000e0c   0x00000078   Code   RO          538    i.HAL_ETH_WritePHYRegister  stm32f4xx_hal_eth.o
    0x08000e84   0x08000e84   0x000001b8   Code   RO         1024    i.HAL_GPIO_Init     stm32f4xx_hal_gpio.o
    0x0800103c   0x0800103c   0x0000000e   Code   RO         1027    i.HAL_GPIO_TogglePin  stm32f4xx_hal_gpio.o
    0x0800104a   0x0800104a   0x0000000a   Code   RO         1028    i.HAL_GPIO_WritePin  stm32f4xx_hal_gpio.o
    0x08001054   0x08001054   0x0000000c   Code   RO         1556    i.HAL_GetTick       stm32f4xx_hal.o
    0x08001060   0x08001060   0x00000010   Code   RO         1562    i.HAL_IncTick       stm32f4xx_hal.o
    0x08001070   0x08001070   0x00000034   Code   RO         1563    i.HAL_Init          stm32f4xx_hal.o
    0x080010a4   0x080010a4   0x00000040   Code   RO         1564    i.HAL_InitTick      stm32f4xx_hal.o
    0x080010e4   0x080010e4   0x00000030   Code   RO          492    i.HAL_MspInit       stm32f4xx_hal_msp.o
    0x08001114   0x08001114   0x0000001a   Code   RO         1413    i.HAL_NVIC_EnableIRQ  stm32f4xx_hal_cortex.o
    0x0800112e   0x0800112e   0x00000002   PAD
    0x08001130   0x08001130   0x00000040   Code   RO         1419    i.HAL_NVIC_SetPriority  stm32f4xx_hal_cortex.o
    0x08001170   0x08001170   0x00000024   Code   RO         1420    i.HAL_NVIC_SetPriorityGrouping  stm32f4xx_hal_cortex.o
    0x08001194   0x08001194   0x00000134   Code   RO          670    i.HAL_RCC_ClockConfig  stm32f4xx_hal_rcc.o
    0x080012c8   0x080012c8   0x0000000c   Code   RO          675    i.HAL_RCC_GetHCLKFreq  stm32f4xx_hal_rcc.o
    0x080012d4   0x080012d4   0x00000020   Code   RO          677    i.HAL_RCC_GetPCLK1Freq  stm32f4xx_hal_rcc.o
    0x080012f4   0x080012f4   0x00000020   Code   RO          678    i.HAL_RCC_GetPCLK2Freq  stm32f4xx_hal_rcc.o
    0x08001314   0x08001314   0x00000064   Code   RO          679    i.HAL_RCC_GetSysClockFreq  stm32f4xx_hal_rcc.o
    0x08001378   0x08001378   0x0000035c   Code   RO          682    i.HAL_RCC_OscConfig  stm32f4xx_hal_rcc.o
    0x080016d4   0x080016d4   0x00000074   Code   RO         1803    i.HAL_RNG_GenerateRandomNumber  stm32f4xx_hal_rng.o
    0x08001748   0x08001748   0x00000032   Code   RO         1810    i.HAL_RNG_Init      stm32f4xx_hal_rng.o
    0x0800177a   0x0800177a   0x00000002   PAD
    0x0800177c   0x0800177c   0x00000028   Code   RO          264    i.HAL_RNG_MspInit   rng.o
    0x080017a4   0x080017a4   0x00000080   Code   RO         1914    i.HAL_SPI_Init      stm32f4xx_hal_spi.o
    0x08001824   0x08001824   0x00000090   Code   RO          306    i.HAL_SPI_MspInit   spi.o
    0x080018b4   0x080018b4   0x00000028   Code   RO         1424    i.HAL_SYSTICK_Config  stm32f4xx_hal_cortex.o
    0x080018dc   0x080018dc   0x00000002   Code   RO         2282    i.HAL_UART_ErrorCallback  stm32f4xx_hal_uart.o
    0x080018de   0x080018de   0x00000002   PAD
    0x080018e0   0x080018e0   0x00000114   Code   RO         2285    i.HAL_UART_IRQHandler  stm32f4xx_hal_uart.o
    0x080019f4   0x080019f4   0x00000062   Code   RO         2286    i.HAL_UART_Init     stm32f4xx_hal_uart.o
    0x08001a56   0x08001a56   0x00000002   PAD
    0x08001a58   0x08001a58   0x0000007c   Code   RO          375    i.HAL_UART_MspInit  usart.o
    0x08001ad4   0x08001ad4   0x00000002   Code   RO         2292    i.HAL_UART_RxCpltCallback  stm32f4xx_hal_uart.o
    0x08001ad6   0x08001ad6   0x00000002   Code   RO         2297    i.HAL_UART_TxCpltCallback  stm32f4xx_hal_uart.o
    0x08001ad8   0x08001ad8   0x00000002   Code   RO          418    i.HardFault_Handler  stm32f4xx_it.o
    0x08001ada   0x08001ada   0x00000002   PAD
    0x08001adc   0x08001adc   0x00000050   Code   RO          223    i.MX_ETH_Init       eth.o
    0x08001b2c   0x08001b2c   0x000000c0   Code   RO          197    i.MX_GPIO_Init      gpio.o
    0x08001bec   0x08001bec   0x00000024   Code   RO          265    i.MX_RNG_Init       rng.o
    0x08001c10   0x08001c10   0x00000044   Code   RO          307    i.MX_SPI1_Init      spi.o
    0x08001c54   0x08001c54   0x00000038   Code   RO          376    i.MX_USART1_UART_Init  usart.o
    0x08001c8c   0x08001c8c   0x00000002   Code   RO          419    i.MemManage_Handler  stm32f4xx_it.o
    0x08001c8e   0x08001c8e   0x00000002   Code   RO          420    i.NMI_Handler       stm32f4xx_it.o
    0x08001c90   0x08001c90   0x00000040   Code   RO         2937    i.OSEventNameSet    os_core.o
    0x08001cd0   0x08001cd0   0x0000009e   Code   RO         3145    i.OSFlagAccept      os_flag.o
    0x08001d6e   0x08001d6e   0x00000002   PAD
    0x08001d70   0x08001d70   0x00000050   Code   RO         3146    i.OSFlagCreate      os_flag.o
    0x08001dc0   0x08001dc0   0x000000c0   Code   RO         3147    i.OSFlagDel         os_flag.o
    0x08001e80   0x08001e80   0x00000174   Code   RO         3150    i.OSFlagPend        os_flag.o
    0x08001ff4   0x08001ff4   0x000000bc   Code   RO         3152    i.OSFlagPost        os_flag.o
    0x080020b0   0x080020b0   0x000000d8   Code   RO         2939    i.OSInit            os_core.o
    0x08002188   0x08002188   0x00000028   Code   RO         2798    i.OSInitHookBegin   os_cpu_c.o
    0x080021b0   0x080021b0   0x00000002   Code   RO         2799    i.OSInitHookEnd     os_cpu_c.o
    0x080021b2   0x080021b2   0x00000002   PAD
    0x080021b4   0x080021b4   0x00000018   Code   RO         2940    i.OSIntEnter        os_core.o
    0x080021cc   0x080021cc   0x0000005c   Code   RO         2941    i.OSIntExit         os_core.o
    0x08002228   0x08002228   0x00000084   Code   RO         3377    i.OSQCreate         os_q.o
    0x080022ac   0x080022ac   0x0000002c   Code   RO         2942    i.OSSchedLock       os_core.o
    0x080022d8   0x080022d8   0x0000003c   Code   RO         2943    i.OSSchedUnlock     os_core.o
    0x08002314   0x08002314   0x00000048   Code   RO         3449    i.OSSemCreate       os_sem.o
    0x0800235c   0x0800235c   0x000000bc   Code   RO         3451    i.OSSemPend         os_sem.o
    0x08002418   0x08002418   0x00000052   Code   RO         3453    i.OSSemPost         os_sem.o
    0x0800246a   0x0800246a   0x00000002   PAD
    0x0800246c   0x0800246c   0x00000030   Code   RO         2944    i.OSStart           os_core.o
    0x0800249c   0x0800249c   0x00000004   Code   RO         2800    i.OSTCBInitHook     os_cpu_c.o
    0x080024a0   0x080024a0   0x00000088   Code   RO         3503    i.OSTaskCreate      os_task.o
    0x08002528   0x08002528   0x0000009c   Code   RO         3504    i.OSTaskCreateExt   os_task.o
    0x080025c4   0x080025c4   0x00000004   Code   RO         2801    i.OSTaskCreateHook  os_cpu_c.o
    0x080025c8   0x080025c8   0x00000140   Code   RO         3505    i.OSTaskDel         os_task.o
    0x08002708   0x08002708   0x00000004   Code   RO         2802    i.OSTaskDelHook     os_cpu_c.o
    0x0800270c   0x0800270c   0x00000004   Code   RO         2803    i.OSTaskIdleHook    os_cpu_c.o
    0x08002710   0x08002710   0x00000058   Code   RO         3508    i.OSTaskNameSet     os_task.o
    0x08002768   0x08002768   0x00000004   Code   RO         2804    i.OSTaskReturnHook  os_cpu_c.o
    0x0800276c   0x0800276c   0x00000004   Code   RO         2805    i.OSTaskStatHook    os_cpu_c.o
    0x08002770   0x08002770   0x00000070   Code   RO         3514    i.OSTaskStkChk      os_task.o
    0x080027e0   0x080027e0   0x000001b0   Code   RO         2806    i.OSTaskStkInit     os_cpu_c.o
    0x08002990   0x08002990   0x00000090   Code   RO         3515    i.OSTaskSuspend     os_task.o
    0x08002a20   0x08002a20   0x00000034   Code   RO         2807    i.OSTaskSwHook      os_cpu_c.o
    0x08002a54   0x08002a54   0x00000068   Code   RO         3604    i.OSTimeDly         os_time.o
    0x08002abc   0x08002abc   0x00000050   Code   RO         3605    i.OSTimeDlyHMSM     os_time.o
    0x08002b0c   0x08002b0c   0x00000018   Code   RO         3607    i.OSTimeGet         os_time.o
    0x08002b24   0x08002b24   0x000000a0   Code   RO         2946    i.OSTimeTick        os_core.o
    0x08002bc4   0x08002bc4   0x00000028   Code   RO         2808    i.OSTimeTickHook    os_cpu_c.o
    0x08002bec   0x08002bec   0x0000000c   Code   RO         3644    i.OSTmrSignal       os_tmr.o
    0x08002bf8   0x08002bf8   0x00000128   Code   RO         3649    i.OSTmr_Init        os_tmr.o
    0x08002d20   0x08002d20   0x00000050   Code   RO         3650    i.OSTmr_Link        os_tmr.o
    0x08002d70   0x08002d70   0x00000080   Code   RO         3651    i.OSTmr_Task        os_tmr.o
    0x08002df0   0x08002df0   0x00000044   Code   RO         3652    i.OSTmr_Unlink      os_tmr.o
    0x08002e34   0x08002e34   0x00000028   Code   RO         2810    i.OS_CPU_SysTickInit  os_cpu_c.o
    0x08002e5c   0x08002e5c   0x0000002c   Code   RO         2811    i.OS_CPU_SysTickInitFreq  os_cpu_c.o
    0x08002e88   0x08002e88   0x00000002   Code   RO         2948    i.OS_Dummy          os_core.o
    0x08002e8a   0x08002e8a   0x00000002   PAD
    0x08002e8c   0x08002e8c   0x00000070   Code   RO         2949    i.OS_EventTaskRdy   os_core.o
    0x08002efc   0x08002efc   0x00000024   Code   RO         2950    i.OS_EventTaskRemove  os_core.o
    0x08002f20   0x08002f20   0x00000028   Code   RO         2951    i.OS_EventTaskRemoveMulti  os_core.o
    0x08002f48   0x08002f48   0x00000048   Code   RO         2952    i.OS_EventTaskWait  os_core.o
    0x08002f90   0x08002f90   0x00000014   Code   RO         2954    i.OS_EventWaitListInit  os_core.o
    0x08002fa4   0x08002fa4   0x00000064   Code   RO         3154    i.OS_FlagBlock      os_flag.o
    0x08003008   0x08003008   0x00000048   Code   RO         3155    i.OS_FlagInit       os_flag.o
    0x08003050   0x08003050   0x00000050   Code   RO         3156    i.OS_FlagTaskRdy    os_flag.o
    0x080030a0   0x080030a0   0x00000020   Code   RO         3157    i.OS_FlagUnlink     os_flag.o
    0x080030c0   0x080030c0   0x00000058   Code   RO         2955    i.OS_InitEventList  os_core.o
    0x08003118   0x08003118   0x00000020   Code   RO         2956    i.OS_InitMisc       os_core.o
    0x08003138   0x08003138   0x0000006c   Code   RO         2957    i.OS_InitTCBList    os_core.o
    0x080031a4   0x080031a4   0x00000012   Code   RO         2958    i.OS_MemClr         os_core.o
    0x080031b6   0x080031b6   0x00000002   PAD
    0x080031b8   0x080031b8   0x0000004c   Code   RO         3287    i.OS_MemInit        os_mem.o
    0x08003204   0x08003204   0x00000040   Code   RO         3386    i.OS_QInit          os_q.o
    0x08003244   0x08003244   0x00000048   Code   RO         2960    i.OS_Sched          os_core.o
    0x0800328c   0x0800328c   0x00000020   Code   RO         2961    i.OS_SchedNew       os_core.o
    0x080032ac   0x080032ac   0x000000f4   Code   RO         2963    i.OS_TCBInit        os_core.o
    0x080033a0   0x080033a0   0x0000001c   Code   RO         2964    i.OS_TaskIdle       os_core.o
    0x080033bc   0x080033bc   0x00000018   Code   RO         3516    i.OS_TaskReturn     os_task.o
    0x080033d4   0x080033d4   0x00000068   Code   RO         2965    i.OS_TaskStat       os_core.o
    0x0800343c   0x0800343c   0x00000038   Code   RO         2966    i.OS_TaskStatStkChk  os_core.o
    0x08003474   0x08003474   0x00000016   Code   RO         3517    i.OS_TaskStkClr     os_task.o
    0x0800348a   0x0800348a   0x00000002   PAD
    0x0800348c   0x0800348c   0x00000038   Code   RO         3741    i.SEGGER_RTT_Write  segger_rtt.o
    0x080034c4   0x080034c4   0x0000005c   Code   RO         3742    i.SEGGER_RTT_WriteNoLock  segger_rtt.o
    0x08003520   0x08003520   0x0000001a   Code   RO         3744    i.SEGGER_RTT_WriteString  segger_rtt.o
    0x0800353a   0x0800353a   0x00000002   Code   RO          421    i.SVC_Handler       stm32f4xx_it.o
    0x0800353c   0x0800353c   0x00000028   Code   RO          422    i.SysTick_Handler   stm32f4xx_it.o
    0x08003564   0x08003564   0x00000084   Code   RO           14    i.SystemClock_Config  main.o
    0x080035e8   0x080035e8   0x0000001c   Code   RO         2588    i.SystemInit        system_stm32f4xx.o
    0x08003604   0x08003604   0x00000010   Code   RO         2299    i.UART_DMAAbortOnError  stm32f4xx_hal_uart.o
    0x08003614   0x08003614   0x0000001c   Code   RO         2309    i.UART_EndRxTransfer  stm32f4xx_hal_uart.o
    0x08003630   0x08003630   0x00000096   Code   RO         2311    i.UART_Receive_IT   stm32f4xx_hal_uart.o
    0x080036c6   0x080036c6   0x00000002   PAD
    0x080036c8   0x080036c8   0x00000128   Code   RO         2312    i.UART_SetConfig    stm32f4xx_hal_uart.o
    0x080037f0   0x080037f0   0x00000062   Code   RO         2313    i.UART_Transmit_IT  stm32f4xx_hal_uart.o
    0x08003852   0x08003852   0x00000002   PAD
    0x08003854   0x08003854   0x0000000c   Code   RO          423    i.USART1_IRQHandler  stm32f4xx_it.o
    0x08003860   0x08003860   0x00000002   Code   RO          424    i.UsageFault_Handler  stm32f4xx_it.o
    0x08003862   0x08003862   0x00000002   PAD
    0x08003864   0x08003864   0x00000068   Code   RO         3746    i._DoInit           segger_rtt.o
    0x080038cc   0x080038cc   0x00000016   Code   RO         3747    i._GetAvailWriteSpace  segger_rtt.o
    0x080038e2   0x080038e2   0x0000005a   Code   RO         3749    i._WriteBlocking    segger_rtt.o
    0x0800393c   0x0800393c   0x00000042   Code   RO         3750    i._WriteNoCheck     segger_rtt.o
    0x0800397e   0x0800397e   0x00000002   PAD
    0x08003980   0x08003980   0x0000001c   Code   RO        16475    i.__0fprintf        mc_w.l(printfa.o)
    0x0800399c   0x0800399c   0x00000028   Code   RO        16478    i.__0sprintf        mc_w.l(printfa.o)
    0x080039c4   0x080039c4   0x0000002c   Code   RO        16481    i.__0vsnprintf      mc_w.l(printfa.o)
    0x080039f0   0x080039f0   0x00000020   Code   RO         1426    i.__NVIC_SetPriority  stm32f4xx_hal_cortex.o
    0x08003a10   0x08003a10   0x0000000e   Code   RO        16591    i.__scatterload_copy  mc_w.l(handlers.o)
    0x08003a1e   0x08003a1e   0x00000002   Code   RO        16592    i.__scatterload_null  mc_w.l(handlers.o)
    0x08003a20   0x08003a20   0x0000000e   Code   RO        16593    i.__scatterload_zeroinit  mc_w.l(handlers.o)
    0x08003a2e   0x08003a2e   0x00000002   PAD
    0x08003a30   0x08003a30   0x00000184   Code   RO        16483    i._fp_digits        mc_w.l(printfa.o)
    0x08003bb4   0x08003bb4   0x000006dc   Code   RO        16484    i._printf_core      mc_w.l(printfa.o)
    0x08004290   0x08004290   0x00000024   Code   RO        16485    i._printf_post_padding  mc_w.l(printfa.o)
    0x080042b4   0x080042b4   0x0000002e   Code   RO        16486    i._printf_pre_padding  mc_w.l(printfa.o)
    0x080042e2   0x080042e2   0x00000016   Code   RO        16487    i._snputc           mc_w.l(printfa.o)
    0x080042f8   0x080042f8   0x0000000a   Code   RO        16488    i._sputc            mc_w.l(printfa.o)
    0x08004302   0x08004302   0x00000002   PAD
    0x08004304   0x08004304   0x0000020c   Code   RO        13577    i.aesEncryptBlock   aes.o
    0x08004510   0x08004510   0x00000188   Code   RO        13578    i.aesInit           aes.o
    0x08004698   0x08004698   0x00000056   Code   RO         5478    i.arpCreateEntry    arp.o
    0x080046ee   0x080046ee   0x0000007c   Code   RO         5480    i.arpEnqueuePacket  arp.o
    0x0800476a   0x0800476a   0x00000002   PAD
    0x0800476c   0x0800476c   0x0000002a   Code   RO         5481    i.arpFindEntry      arp.o
    0x08004796   0x08004796   0x00000002   PAD
    0x08004798   0x08004798   0x0000002c   Code   RO         5482    i.arpFlushCache     arp.o
    0x080047c4   0x080047c4   0x00000028   Code   RO         5483    i.arpFlushQueuedPackets  arp.o
    0x080047ec   0x080047ec   0x00000012   Code   RO         5484    i.arpInit           arp.o
    0x080047fe   0x080047fe   0x0000008a   Code   RO         5485    i.arpProcessPacket  arp.o
    0x08004888   0x08004888   0x000000c4   Code   RO         5486    i.arpProcessReply   arp.o
    0x0800494c   0x0800494c   0x0000006e   Code   RO         5487    i.arpProcessRequest  arp.o
    0x080049ba   0x080049ba   0x00000002   PAD
    0x080049bc   0x080049bc   0x0000007c   Code   RO         5488    i.arpResolve        arp.o
    0x08004a38   0x08004a38   0x00000090   Code   RO         5489    i.arpSendProbe      arp.o
    0x08004ac8   0x08004ac8   0x0000004e   Code   RO         5490    i.arpSendQueuedPackets  arp.o
    0x08004b16   0x08004b16   0x00000088   Code   RO         5491    i.arpSendReply      arp.o
    0x08004b9e   0x08004b9e   0x00000002   PAD
    0x08004ba0   0x08004ba0   0x000000a0   Code   RO         5492    i.arpSendRequest    arp.o
    0x08004c40   0x08004c40   0x000000d4   Code   RO         5493    i.arpTick           arp.o
    0x08004d14   0x08004d14   0x00000068   Code   RO         4516    i.create_app_task   app_main.o
    0x08004d7c   0x08004d7c   0x00000040   Code   RO         5108    i.dhcpAddOption     dhcp_common.o
    0x08004dbc   0x08004dbc   0x00000090   Code   RO         4859    i.dhcpClientChangeState  dhcp_client.o
    0x08004e4c   0x08004e4c   0x00000040   Code   RO         4860    i.dhcpClientCheckTimeout  dhcp_client.o
    0x08004e8c   0x08004e8c   0x00000028   Code   RO         4861    i.dhcpClientComputeElapsedTime  dhcp_client.o
    0x08004eb4   0x08004eb4   0x0000020c   Code   RO         4862    i.dhcpClientDumpConfig  dhcp_client.o
    0x080050c0   0x080050c0   0x0000001e   Code   RO         4863    i.dhcpClientGetDefaultSettings  dhcp_client.o
    0x080050de   0x080050de   0x00000002   PAD
    0x080050e0   0x080050e0   0x000000a8   Code   RO         4865    i.dhcpClientInit    dhcp_client.o
    0x08005188   0x08005188   0x00000058   Code   RO         4866    i.dhcpClientLinkChangeEvent  dhcp_client.o
    0x080051e0   0x080051e0   0x0000023c   Code   RO         4867    i.dhcpClientParseAck  dhcp_client.o
    0x0800541c   0x0800541c   0x00000094   Code   RO         4868    i.dhcpClientParseNak  dhcp_client.o
    0x080054b0   0x080054b0   0x0000006e   Code   RO         4869    i.dhcpClientParseOffer  dhcp_client.o
    0x0800551e   0x0800551e   0x00000002   PAD
    0x08005520   0x08005520   0x00000098   Code   RO         4870    i.dhcpClientProcessMessage  dhcp_client.o
    0x080055b8   0x080055b8   0x000000d0   Code   RO         4871    i.dhcpClientSendDecline  dhcp_client.o
    0x08005688   0x08005688   0x000000e0   Code   RO         4872    i.dhcpClientSendDiscover  dhcp_client.o
    0x08005768   0x08005768   0x0000015c   Code   RO         4873    i.dhcpClientSendRequest  dhcp_client.o
    0x080058c4   0x080058c4   0x00000070   Code   RO         4874    i.dhcpClientStart   dhcp_client.o
    0x08005934   0x08005934   0x00000040   Code   RO         4875    i.dhcpClientStateBound  dhcp_client.o
    0x08005974   0x08005974   0x00000038   Code   RO         4876    i.dhcpClientStateInit  dhcp_client.o
    0x080059ac   0x080059ac   0x00000038   Code   RO         4877    i.dhcpClientStateInitReboot  dhcp_client.o
    0x080059e4   0x080059e4   0x0000006e   Code   RO         4878    i.dhcpClientStateProbing  dhcp_client.o
    0x08005a52   0x08005a52   0x00000002   PAD
    0x08005a54   0x08005a54   0x00000090   Code   RO         4879    i.dhcpClientStateRebinding  dhcp_client.o
    0x08005ae4   0x08005ae4   0x00000078   Code   RO         4880    i.dhcpClientStateRebooting  dhcp_client.o
    0x08005b5c   0x08005b5c   0x00000074   Code   RO         4881    i.dhcpClientStateRenewing  dhcp_client.o
    0x08005bd0   0x08005bd0   0x00000078   Code   RO         4882    i.dhcpClientStateRequesting  dhcp_client.o
    0x08005c48   0x08005c48   0x00000064   Code   RO         4883    i.dhcpClientStateSelecting  dhcp_client.o
    0x08005cac   0x08005cac   0x00000046   Code   RO         4885    i.dhcpClientTick    dhcp_client.o
    0x08005cf2   0x08005cf2   0x00000036   Code   RO         5109    i.dhcpGetOption     dhcp_common.o
    0x08005d28   0x08005d28   0x0000008a   Code   RO         5327    i.dnsCompareName    dns_common.o
    0x08005db2   0x08005db2   0x00000020   Code   RO         5139    i.dnsDeleteEntry    dns_cache.o
    0x08005dd2   0x08005dd2   0x00000058   Code   RO         5328    i.dnsEncodeName     dns_common.o
    0x08005e2a   0x08005e2a   0x00000002   PAD
    0x08005e2c   0x08005e2c   0x00000030   Code   RO         5141    i.dnsFlushCache     dns_cache.o
    0x08005e5c   0x08005e5c   0x00000014   Code   RO         5142    i.dnsInit           dns_cache.o
    0x08005e70   0x08005e70   0x0000009a   Code   RO         5329    i.dnsParseName      dns_common.o
    0x08005f0a   0x08005f0a   0x00000002   PAD
    0x08005f0c   0x08005f0c   0x00000150   Code   RO         5301    i.dnsSendQuery      dns_client.o
    0x0800605c   0x0800605c   0x000000ac   Code   RO         5143    i.dnsTick           dns_cache.o
    0x08006108   0x08006108   0x00000064   Code   RO         8071    i.ethAcceptMacAddr  ethernet.o
    0x0800616c   0x0800616c   0x00000014   Code   RO         8072    i.ethAllocBuffer    ethernet.o
    0x08006180   0x08006180   0x00000034   Code   RO         8254    i.ethCalcCrc        ethernet_misc.o
    0x080061b4   0x080061b4   0x00000064   Code   RO         8255    i.ethCalcCrcEx      ethernet_misc.o
    0x08006218   0x08006218   0x00000044   Code   RO         8256    i.ethCheckCrc       ethernet_misc.o
    0x0800625c   0x0800625c   0x00000060   Code   RO         8257    i.ethCheckDestAddr  ethernet_misc.o
    0x080062bc   0x080062bc   0x00000060   Code   RO         8073    i.ethDropMacAddr    ethernet.o
    0x0800631c   0x0800631c   0x0000000e   Code   RO         8075    i.ethInit           ethernet.o
    0x0800632a   0x0800632a   0x00000002   PAD
    0x0800632c   0x0800632c   0x0000002c   Code   RO         8260    i.ethPadFrame       ethernet_misc.o
    0x08006358   0x08006358   0x000000b4   Code   RO         8076    i.ethProcessFrame   ethernet.o
    0x0800640c   0x0800640c   0x000000ae   Code   RO         8077    i.ethSendFrame      ethernet.o
    0x080064ba   0x080064ba   0x00000002   Code   RO         8261    i.ethUpdateErrorStats  ethernet_misc.o
    0x080064bc   0x080064bc   0x00000010   Code   RO         8262    i.ethUpdateInStats  ethernet_misc.o
    0x080064cc   0x080064cc   0x00000010   Code   RO         8263    i.ethUpdateOutStats  ethernet_misc.o
    0x080064dc   0x080064dc   0x000000c0   Code   RO        10629    i.formatSystemTime  date_time.o
    0x0800659c   0x0800659c   0x00000012   Code   RO        16548    i.fputc             mc_w.l(fputc.o)
    0x080065ae   0x080065ae   0x00000002   PAD
    0x080065b0   0x080065b0   0x00000050   Code   RO        16504    i.free              mc_w.l(malloc.o)
    0x08006600   0x08006600   0x000000de   Code   RO         5666    i.icmpProcessEchoRequest  icmp.o
    0x080066de   0x080066de   0x0000004c   Code   RO         5667    i.icmpProcessMessage  icmp.o
    0x0800672a   0x0800672a   0x000000f4   Code   RO         5668    i.icmpSendErrorMessage  icmp.o
    0x0800681e   0x0800681e   0x00000020   Code   RO         6220    i.icmpv6ProcessDestUnreachable  icmpv6.o
    0x0800683e   0x0800683e   0x000000ea   Code   RO         6221    i.icmpv6ProcessEchoRequest  icmpv6.o
    0x08006928   0x08006928   0x0000010e   Code   RO         6222    i.icmpv6ProcessMessage  icmpv6.o
    0x08006a36   0x08006a36   0x00000050   Code   RO         6223    i.icmpv6ProcessPacketTooBig  icmpv6.o
    0x08006a86   0x08006a86   0x00000140   Code   RO         6224    i.icmpv6SendErrorMessage  icmpv6.o
    0x08006bc6   0x08006bc6   0x00000002   PAD
    0x08006bc8   0x08006bc8   0x00000020   Code   RO         5728    i.igmpInit          igmp.o
    0x08006be8   0x08006be8   0x00000038   Code   RO         5729    i.igmpJoinGroup     igmp.o
    0x08006c20   0x08006c20   0x00000088   Code   RO         5731    i.igmpLinkChangeEvent  igmp.o
    0x08006ca8   0x08006ca8   0x0000005e   Code   RO         5732    i.igmpProcessMessage  igmp.o
    0x08006d06   0x08006d06   0x00000002   PAD
    0x08006d08   0x08006d08   0x00000098   Code   RO         5733    i.igmpProcessQueryMessage  igmp.o
    0x08006da0   0x08006da0   0x00000034   Code   RO         5734    i.igmpProcessReportMessage  igmp.o
    0x08006dd4   0x08006dd4   0x00000014   Code   RO         5735    i.igmpRand          igmp.o
    0x08006de8   0x08006de8   0x00000090   Code   RO         5737    i.igmpSendReportMessage  igmp.o
    0x08006e78   0x08006e78   0x00000058   Code   RO         5738    i.igmpTick          igmp.o
    0x08006ed0   0x08006ed0   0x00000016   Code   RO         8331    i.ipAllocBuffer     ip.o
    0x08006ee6   0x08006ee6   0x00000072   Code   RO         8332    i.ipCalcChecksum    ip.o
    0x08006f58   0x08006f58   0x00000076   Code   RO         8333    i.ipCalcChecksumEx  ip.o
    0x08006fce   0x08006fce   0x00000030   Code   RO         8335    i.ipCalcUpperLayerChecksumEx  ip.o
    0x08006ffe   0x08006ffe   0x00000026   Code   RO         8342    i.ipSendDatagram    ip.o
    0x08007024   0x08007024   0x00000034   Code   RO         5810    i.ipv4AddrToString  ipv4.o
    0x08007058   0x08007058   0x00000050   Code   RO         6124    i.ipv4CheckDestAddr  ipv4_misc.o
    0x080070a8   0x080070a8   0x0000001a   Code   RO         6125    i.ipv4CheckSourceAddr  ipv4_misc.o
    0x080070c2   0x080070c2   0x00000002   Code   RO         5811    i.ipv4DumpHeader    ipv4.o
    0x080070c4   0x080070c4   0x0000000a   Code   RO         5980    i.ipv4FindHole      ipv4_frag.o
    0x080070ce   0x080070ce   0x00000002   PAD
    0x080070d0   0x080070d0   0x00000022   Code   RO         5981    i.ipv4FlushFragQueue  ipv4_frag.o
    0x080070f2   0x080070f2   0x00000002   PAD
    0x080070f4   0x080070f4   0x00000078   Code   RO         5982    i.ipv4FragTick      ipv4_frag.o
    0x0800716c   0x0800716c   0x000000b0   Code   RO         5983    i.ipv4FragmentDatagram  ipv4_frag.o
    0x0800721c   0x0800721c   0x0000001c   Code   RO         6127    i.ipv4GetBroadcastAddr  ipv4_misc.o
    0x08007238   0x08007238   0x00000046   Code   RO         5819    i.ipv4Init          ipv4.o
    0x0800727e   0x0800727e   0x0000002e   Code   RO         6129    i.ipv4IsBroadcastAddr  ipv4_misc.o
    0x080072ac   0x080072ac   0x0000005c   Code   RO         6130    i.ipv4IsLocalHostAddr  ipv4_misc.o
    0x08007308   0x08007308   0x0000001e   Code   RO         6131    i.ipv4IsOnLink      ipv4_misc.o
    0x08007326   0x08007326   0x0000001a   Code   RO         6132    i.ipv4IsTentativeAddr  ipv4_misc.o
    0x08007340   0x08007340   0x00000098   Code   RO         5820    i.ipv4JoinMulticastGroup  ipv4.o
    0x080073d8   0x080073d8   0x00000032   Code   RO         5822    i.ipv4LinkChangeEvent  ipv4.o
    0x0800740a   0x0800740a   0x0000002a   Code   RO         6133    i.ipv4MapMulticastAddrToMac  ipv4_misc.o
    0x08007434   0x08007434   0x000000c2   Code   RO         5823    i.ipv4ProcessDatagram  ipv4.o
    0x080074f6   0x080074f6   0x000000be   Code   RO         5824    i.ipv4ProcessPacket  ipv4.o
    0x080075b4   0x080075b4   0x00000196   Code   RO         5984    i.ipv4ReassembleDatagram  ipv4_frag.o
    0x0800774a   0x0800774a   0x00000002   PAD
    0x0800774c   0x0800774c   0x000000cc   Code   RO         5985    i.ipv4SearchFragQueue  ipv4_frag.o
    0x08007818   0x08007818   0x00000034   Code   RO         6134    i.ipv4SelectSourceAddr  ipv4_misc.o
    0x0800784c   0x0800784c   0x00000058   Code   RO         5825    i.ipv4SendDatagram  ipv4.o
    0x080078a4   0x080078a4   0x00000168   Code   RO         5826    i.ipv4SendPacket    ipv4.o
    0x08007a0c   0x08007a0c   0x00000002   Code   RO         6135    i.ipv4UpdateErrorStats  ipv4_misc.o
    0x08007a0e   0x08007a0e   0x00000004   Code   RO         6136    i.ipv4UpdateInStats  ipv4_misc.o
    0x08007a12   0x08007a12   0x00000004   Code   RO         6137    i.ipv4UpdateOutStats  ipv4_misc.o
    0x08007a16   0x08007a16   0x0000006e   Code   RO         6716    i.ipv6AddDefaultRouter  ipv6_misc.o
    0x08007a84   0x08007a84   0x000000c0   Code   RO         6717    i.ipv6AddPrefix     ipv6_misc.o
    0x08007b44   0x08007b44   0x0000009c   Code   RO         6294    i.ipv6AddrToString  ipv6.o
    0x08007be0   0x08007be0   0x00000080   Code   RO         6718    i.ipv6CheckDestAddr  ipv6_misc.o
    0x08007c60   0x08007c60   0x0000000e   Code   RO         6719    i.ipv6CheckSourceAddr  ipv6_misc.o
    0x08007c6e   0x08007c6e   0x00000042   Code   RO         6720    i.ipv6CompPrefix    ipv6_misc.o
    0x08007cb0   0x08007cb0   0x00000030   Code   RO         6721    i.ipv6ComputeSolicitedNodeAddr  ipv6_misc.o
    0x08007ce0   0x08007ce0   0x00000002   Code   RO         6295    i.ipv6DumpHeader    ipv6.o
    0x08007ce2   0x08007ce2   0x0000000a   Code   RO         6584    i.ipv6FindHole      ipv6_frag.o
    0x08007cec   0x08007cec   0x0000003c   Code   RO         6722    i.ipv6FlushAddrList  ipv6_misc.o
    0x08007d28   0x08007d28   0x00000038   Code   RO         6723    i.ipv6FlushDefaultRouterList  ipv6_misc.o
    0x08007d60   0x08007d60   0x0000000a   Code   RO         6724    i.ipv6FlushDnsServerList  ipv6_misc.o
    0x08007d6a   0x08007d6a   0x00000002   PAD
    0x08007d6c   0x08007d6c   0x00000026   Code   RO         6585    i.ipv6FlushFragQueue  ipv6_frag.o
    0x08007d92   0x08007d92   0x00000002   PAD
    0x08007d94   0x08007d94   0x00000044   Code   RO         6725    i.ipv6FlushPrefixList  ipv6_misc.o
    0x08007dd8   0x08007dd8   0x0000007c   Code   RO         6586    i.ipv6FragTick      ipv6_frag.o
    0x08007e54   0x08007e54   0x000000bc   Code   RO         6587    i.ipv6FragmentDatagram  ipv6_frag.o
    0x08007f10   0x08007f10   0x00000020   Code   RO         6726    i.ipv6GenerateLinkLocalAddr  ipv6_misc.o
    0x08007f30   0x08007f30   0x00000050   Code   RO         6727    i.ipv6GetAddrScope  ipv6_misc.o
    0x08007f80   0x08007f80   0x00000040   Code   RO         6729    i.ipv6GetCommonPrefixLength  ipv6_misc.o
    0x08007fc0   0x08007fc0   0x0000000e   Code   RO         6730    i.ipv6GetMulticastAddrScope  ipv6_misc.o
    0x08007fce   0x08007fce   0x00000014   Code   RO         6888    i.ipv6GetPathMtu    ipv6_pmtu.o
    0x08007fe2   0x08007fe2   0x00000072   Code   RO         6303    i.ipv6Init          ipv6.o
    0x08008054   0x08008054   0x0000002c   Code   RO         6731    i.ipv6IsAnycastAddr  ipv6_misc.o
    0x08008080   0x08008080   0x00000074   Code   RO         6732    i.ipv6IsLocalHostAddr  ipv6_misc.o
    0x080080f4   0x080080f4   0x00000046   Code   RO         6733    i.ipv6IsOnLink      ipv6_misc.o
    0x0800813a   0x0800813a   0x00000034   Code   RO         6734    i.ipv6IsTentativeAddr  ipv6_misc.o
    0x0800816e   0x0800816e   0x0000009e   Code   RO         6304    i.ipv6JoinMulticastGroup  ipv6.o
    0x0800820c   0x0800820c   0x00000084   Code   RO         6305    i.ipv6LeaveMulticastGroup  ipv6.o
    0x08008290   0x08008290   0x0000007e   Code   RO         6306    i.ipv6LinkChangeEvent  ipv6.o
    0x0800830e   0x0800830e   0x00000024   Code   RO         6735    i.ipv6MapMulticastAddrToMac  ipv6_misc.o
    0x08008332   0x08008332   0x00000068   Code   RO         6308    i.ipv6ParseDestOptHeader  ipv6.o
    0x0800839a   0x0800839a   0x00000002   PAD
    0x0800839c   0x0800839c   0x00000204   Code   RO         6588    i.ipv6ParseFragmentHeader  ipv6_frag.o
    0x080085a0   0x080085a0   0x0000008a   Code   RO         6310    i.ipv6ParseHopByHopOptHeader  ipv6.o
    0x0800862a   0x0800862a   0x00000002   PAD
    0x0800862c   0x0800862c   0x00000094   Code   RO         6311    i.ipv6ParseOptions  ipv6.o
    0x080086c0   0x080086c0   0x0000006c   Code   RO         6312    i.ipv6ParseRoutingHeader  ipv6.o
    0x0800872c   0x0800872c   0x000001c8   Code   RO         6313    i.ipv6ProcessPacket  ipv6.o
    0x080088f4   0x080088f4   0x0000005c   Code   RO         6737    i.ipv6RemoveDefaultRouter  ipv6_misc.o
    0x08008950   0x08008950   0x0000005c   Code   RO         6738    i.ipv6RemovePrefix  ipv6_misc.o
    0x080089ac   0x080089ac   0x000000dc   Code   RO         6589    i.ipv6SearchFragQueue  ipv6_frag.o
    0x08008a88   0x08008a88   0x000000f8   Code   RO         6739    i.ipv6SelectSourceAddr  ipv6_misc.o
    0x08008b80   0x08008b80   0x00000066   Code   RO         6314    i.ipv6SendDatagram  ipv6.o
    0x08008be6   0x08008be6   0x00000002   PAD
    0x08008be8   0x08008be8   0x000001d8   Code   RO         6315    i.ipv6SendPacket    ipv6.o
    0x08008dc0   0x08008dc0   0x000000ec   Code   RO         6740    i.ipv6SetAddr       ipv6_misc.o
    0x08008eac   0x08008eac   0x00000002   Code   RO         6741    i.ipv6UpdateInStats  ipv6_misc.o
    0x08008eae   0x08008eae   0x00000002   Code   RO         6742    i.ipv6UpdateOutStats  ipv6_misc.o
    0x08008eb0   0x08008eb0   0x00000016   Code   RO         6889    i.ipv6UpdatePathMtu  ipv6_pmtu.o
    0x08008ec6   0x08008ec6   0x0000000c   Code   RO         4798    i.lan8720DisableIrq  lan8720_driver.o
    0x08008ed2   0x08008ed2   0x0000000c   Code   RO         4799    i.lan8720DumpPhyReg  lan8720_driver.o
    0x08008ede   0x08008ede   0x0000000c   Code   RO         4800    i.lan8720EnableIrq  lan8720_driver.o
    0x08008eea   0x08008eea   0x00000002   PAD
    0x08008eec   0x08008eec   0x000000bc   Code   RO         4801    i.lan8720EventHandler  lan8720_driver.o
    0x08008fa8   0x08008fa8   0x00000084   Code   RO         4802    i.lan8720Init       lan8720_driver.o
    0x0800902c   0x0800902c   0x0000000e   Code   RO         4803    i.lan8720ReadPhyReg  lan8720_driver.o
    0x0800903a   0x0800903a   0x00000002   PAD
    0x0800903c   0x0800903c   0x00000038   Code   RO         4804    i.lan8720Tick       lan8720_driver.o
    0x08009074   0x08009074   0x00000018   Code   RO         4805    i.lan8720WritePhyReg  lan8720_driver.o
    0x0800908c   0x0800908c   0x00000054   Code   RO         4517    i.led_blink_task    app_main.o
    0x080090e0   0x080090e0   0x00000108   Code   RO        10279    i.llmnrProcessQuery  llmnr_responder.o
    0x080091e8   0x080091e8   0x0000003c   Code   RO        10280    i.llmnrResponderInit  llmnr_responder.o
    0x08009224   0x08009224   0x00000144   Code   RO        10281    i.llmnrSendResponse  llmnr_responder.o
    0x08009368   0x08009368   0x00000028   Code   RO         8080    i.macAddrToEui64    ethernet.o
    0x08009390   0x08009390   0x00000084   Code   RO         8082    i.macStringToAddr   ethernet.o
    0x08009414   0x08009414   0x00000032   Code   RO           15    i.main              main.o
    0x08009446   0x08009446   0x00000002   PAD
    0x08009448   0x08009448   0x0000006c   Code   RO        16505    i.malloc            mc_w.l(malloc.o)
    0x080094b4   0x080094b4   0x00000040   Code   RO         8826    i.memPoolAlloc      net_mem.o
    0x080094f4   0x080094f4   0x00000004   Code   RO         8827    i.memPoolFree       net_mem.o
    0x080094f8   0x080094f8   0x00000004   Code   RO         8829    i.memPoolInit       net_mem.o
    0x080094fc   0x080094fc   0x00000004   Code   RO         6919    i.mldInit           mld.o
    0x08009500   0x08009500   0x00000078   Code   RO         6920    i.mldLinkChangeEvent  mld.o
    0x08009578   0x08009578   0x000000c4   Code   RO         6921    i.mldProcessListenerQuery  mld.o
    0x0800963c   0x0800963c   0x00000072   Code   RO         6922    i.mldProcessListenerReport  mld.o
    0x080096ae   0x080096ae   0x00000014   Code   RO         6923    i.mldRand           mld.o
    0x080096c2   0x080096c2   0x00000002   PAD
    0x080096c4   0x080096c4   0x000000b8   Code   RO         6924    i.mldSendListenerDone  mld.o
    0x0800977c   0x0800977c   0x000000b4   Code   RO         6925    i.mldSendListenerReport  mld.o
    0x08009830   0x08009830   0x00000048   Code   RO         6926    i.mldStartListening  mld.o
    0x08009878   0x08009878   0x00000018   Code   RO         6927    i.mldStopListening  mld.o
    0x08009890   0x08009890   0x00000048   Code   RO         6928    i.mldTick           mld.o
    0x080098d8   0x080098d8   0x00000088   Code   RO        10203    i.nbnsCompareName   nbns_common.o
    0x08009960   0x08009960   0x0000005e   Code   RO        10204    i.nbnsEncodeName    nbns_common.o
    0x080099be   0x080099be   0x00000002   PAD
    0x080099c0   0x080099c0   0x00000010   Code   RO        10205    i.nbnsInit          nbns_common.o
    0x080099d0   0x080099d0   0x00000076   Code   RO        10206    i.nbnsParseName     nbns_common.o
    0x08009a46   0x08009a46   0x0000005c   Code   RO        10207    i.nbnsProcessMessage  nbns_common.o
    0x08009aa2   0x08009aa2   0x0000007a   Code   RO        10239    i.nbnsProcessQuery  nbns_responder.o
    0x08009b1c   0x08009b1c   0x000000e0   Code   RO        10179    i.nbnsProcessResponse  nbns_client.o
    0x08009bfc   0x08009bfc   0x0000009c   Code   RO        10181    i.nbnsSendQuery     nbns_client.o
    0x08009c98   0x08009c98   0x000000b8   Code   RO        10240    i.nbnsSendResponse  nbns_responder.o
    0x08009d50   0x08009d50   0x00000046   Code   RO         7234    i.ndpAddOption      ndp_misc.o
    0x08009d96   0x08009d96   0x0000001c   Code   RO         7235    i.ndpCheckOptions   ndp_misc.o
    0x08009db2   0x08009db2   0x00000002   PAD
    0x08009db4   0x08009db4   0x00000060   Code   RO         7174    i.ndpCreateDestCacheEntry  ndp_cache.o
    0x08009e14   0x08009e14   0x00000056   Code   RO         7175    i.ndpCreateNeighborCacheEntry  ndp_cache.o
    0x08009e6a   0x08009e6a   0x0000008a   Code   RO         7000    i.ndpEnqueuePacket  ndp.o
    0x08009ef4   0x08009ef4   0x00000034   Code   RO         7176    i.ndpFindDestCacheEntry  ndp_cache.o
    0x08009f28   0x08009f28   0x0000003a   Code   RO         7177    i.ndpFindNeighborCacheEntry  ndp_cache.o
    0x08009f62   0x08009f62   0x0000000c   Code   RO         7178    i.ndpFlushDestCache  ndp_cache.o
    0x08009f6e   0x08009f6e   0x00000002   PAD
    0x08009f70   0x08009f70   0x0000002c   Code   RO         7179    i.ndpFlushNeighborCache  ndp_cache.o
    0x08009f9c   0x08009f9c   0x0000004a   Code   RO         7180    i.ndpFlushQueuedPackets  ndp_cache.o
    0x08009fe6   0x08009fe6   0x0000002a   Code   RO         7236    i.ndpGetOption      ndp_misc.o
    0x0800a010   0x0800a010   0x00000032   Code   RO         7001    i.ndpInit           ndp.o
    0x0800a042   0x0800a042   0x00000048   Code   RO         7237    i.ndpIsFirstHopRouter  ndp_misc.o
    0x0800a08a   0x0800a08a   0x0000003a   Code   RO         7002    i.ndpLinkChangeEvent  ndp.o
    0x0800a0c4   0x0800a0c4   0x0000007c   Code   RO         7238    i.ndpParsePrefixInfoOption  ndp_misc.o
    0x0800a140   0x0800a140   0x0000017c   Code   RO         7003    i.ndpProcessNeighborAdv  ndp.o
    0x0800a2bc   0x0800a2bc   0x00000180   Code   RO         7004    i.ndpProcessNeighborSol  ndp.o
    0x0800a43c   0x0800a43c   0x00000192   Code   RO         7005    i.ndpProcessRedirect  ndp.o
    0x0800a5ce   0x0800a5ce   0x00000002   PAD
    0x0800a5d0   0x0800a5d0   0x000001ec   Code   RO         7006    i.ndpProcessRouterAdv  ndp.o
    0x0800a7bc   0x0800a7bc   0x0000008c   Code   RO         7007    i.ndpResolve        ndp.o
    0x0800a848   0x0800a848   0x0000009c   Code   RO         7239    i.ndpSelectDefaultRouter  ndp_misc.o
    0x0800a8e4   0x0800a8e4   0x00000048   Code   RO         7240    i.ndpSelectNextHop  ndp_misc.o
    0x0800a92c   0x0800a92c   0x0000014c   Code   RO         7008    i.ndpSendNeighborAdv  ndp.o
    0x0800aa78   0x0800aa78   0x000000f0   Code   RO         7009    i.ndpSendNeighborSol  ndp.o
    0x0800ab68   0x0800ab68   0x0000006a   Code   RO         7181    i.ndpSendQueuedPackets  ndp_cache.o
    0x0800abd2   0x0800abd2   0x00000002   PAD
    0x0800abd4   0x0800abd4   0x000000e0   Code   RO         7011    i.ndpSendRouterSol  ndp.o
    0x0800acb4   0x0800acb4   0x00000080   Code   RO         7012    i.ndpTick           ndp.o
    0x0800ad34   0x0800ad34   0x00000104   Code   RO         7241    i.ndpUpdateAddrList  ndp_misc.o
    0x0800ae38   0x0800ae38   0x00000060   Code   RO         7242    i.ndpUpdateDefaultRouterList  ndp_misc.o
    0x0800ae98   0x0800ae98   0x000000e2   Code   RO         7182    i.ndpUpdateNeighborCache  ndp_cache.o
    0x0800af7a   0x0800af7a   0x00000002   PAD
    0x0800af7c   0x0800af7c   0x00000050   Code   RO         7243    i.ndpUpdateNextHop  ndp_misc.o
    0x0800afcc   0x0800afcc   0x00000044   Code   RO         7244    i.ndpUpdatePrefixList  ndp_misc.o
    0x0800b010   0x0800b010   0x0000003e   Code   RO         8830    i.netBufferAlloc    net_mem.o
    0x0800b04e   0x0800b04e   0x00000024   Code   RO         8831    i.netBufferAppend   net_mem.o
    0x0800b072   0x0800b072   0x00000028   Code   RO         8832    i.netBufferAt       net_mem.o
    0x0800b09a   0x0800b09a   0x00000002   PAD
    0x0800b09c   0x0800b09c   0x00000072   Code   RO         8833    i.netBufferConcat   net_mem.o
    0x0800b10e   0x0800b10e   0x00000002   PAD
    0x0800b110   0x0800b110   0x000000c4   Code   RO         8834    i.netBufferCopy     net_mem.o
    0x0800b1d4   0x0800b1d4   0x00000014   Code   RO         8835    i.netBufferFree     net_mem.o
    0x0800b1e8   0x0800b1e8   0x0000001c   Code   RO         8836    i.netBufferGetLength  net_mem.o
    0x0800b204   0x0800b204   0x00000050   Code   RO         8837    i.netBufferRead     net_mem.o
    0x0800b254   0x0800b254   0x000000b8   Code   RO         8838    i.netBufferSetLength  net_mem.o
    0x0800b30c   0x0800b30c   0x00000050   Code   RO         8839    i.netBufferWrite    net_mem.o
    0x0800b35c   0x0800b35c   0x000000e8   Code   RO         8457    i.netConfigInterface  net.o
    0x0800b444   0x0800b444   0x00000008   Code   RO         8459    i.netGetDefaultInterface  net.o
    0x0800b44c   0x0800b44c   0x0000003c   Code   RO         8463    i.netGetRand        net.o
    0x0800b488   0x0800b488   0x0000001e   Code   RO         8464    i.netGetRandRange   net.o
    0x0800b4a6   0x0800b4a6   0x00000002   PAD
    0x0800b4a8   0x0800b4a8   0x0000011c   Code   RO         8465    i.netInit           net.o
    0x0800b5c4   0x0800b5c4   0x00000010   Code   RO         8466    i.netInitRand       net.o
    0x0800b5d4   0x0800b5d4   0x00000048   Code   RO         8467    i.netInvokeLinkChangeCallback  net.o
    0x0800b61c   0x0800b61c   0x000001d8   Code   RO         8468    i.netProcessLinkChange  net.o
    0x0800b7f4   0x0800b7f4   0x00000024   Code   RO         8469    i.netSetDriver      net.o
    0x0800b818   0x0800b818   0x00000030   Code   RO         8472    i.netSetHostname    net.o
    0x0800b848   0x0800b848   0x00000030   Code   RO         8474    i.netSetInterfaceName  net.o
    0x0800b878   0x0800b878   0x00000038   Code   RO         8476    i.netSetMacAddr     net.o
    0x0800b8b0   0x0800b8b0   0x00000024   Code   RO         8479    i.netSetPhyDriver   net.o
    0x0800b8d4   0x0800b8d4   0x000000b8   Code   RO         8488    i.netTask           net.o
    0x0800b98c   0x0800b98c   0x0000012c   Code   RO         8489    i.netTick           net.o
    0x0800bab8   0x0800bab8   0x00000002   Code   RO         8915    i.nicGetLogicalInterface  nic.o
    0x0800baba   0x0800baba   0x00000002   Code   RO         8916    i.nicGetPhysicalInterface  nic.o
    0x0800babc   0x0800babc   0x0000000c   Code   RO         8920    i.nicIsParentInterface  nic.o
    0x0800bac8   0x0800bac8   0x00000048   Code   RO         8921    i.nicNotifyLinkChange  nic.o
    0x0800bb10   0x0800bb10   0x0000005e   Code   RO         8922    i.nicProcessPacket  nic.o
    0x0800bb6e   0x0800bb6e   0x00000058   Code   RO         8923    i.nicSendPacket     nic.o
    0x0800bbc6   0x0800bbc6   0x0000002e   Code   RO         8924    i.nicTick           nic.o
    0x0800bbf4   0x0800bbf4   0x0000002e   Code   RO         8925    i.nicUpdateMacAddrFilter  nic.o
    0x0800bc22   0x0800bc22   0x00000008   Code   RO        10423    i.osAcquireMutex    os_port_ucos2.o
    0x0800bc2a   0x0800bc2a   0x00000018   Code   RO        10424    i.osAllocMem        os_port_ucos2.o
    0x0800bc42   0x0800bc42   0x0000001e   Code   RO        10425    i.osCreateEvent     os_port_ucos2.o
    0x0800bc60   0x0800bc60   0x00000016   Code   RO        10426    i.osCreateMutex     os_port_ucos2.o
    0x0800bc76   0x0800bc76   0x00000002   PAD
    0x0800bc78   0x0800bc78   0x0000005c   Code   RO        10428    i.osCreateStaticTask  os_port_ucos2.o
    0x0800bcd4   0x0800bcd4   0x00000044   Code   RO        10429    i.osCreateTask      os_port_ucos2.o
    0x0800bd18   0x0800bd18   0x00000018   Code   RO        10431    i.osDeleteEvent     os_port_ucos2.o
    0x0800bd30   0x0800bd30   0x0000001a   Code   RO        10435    i.osFreeMem         os_port_ucos2.o
    0x0800bd4a   0x0800bd4a   0x00000004   Code   RO        10436    i.osGetSystemTime   os_port_ucos2.o
    0x0800bd4e   0x0800bd4e   0x00000004   Code   RO        10438    i.osReleaseMutex    os_port_ucos2.o
    0x0800bd52   0x0800bd52   0x00000002   PAD
    0x0800bd54   0x0800bd54   0x00000014   Code   RO        10441    i.osResumeAllTasks  os_port_ucos2.o
    0x0800bd68   0x0800bd68   0x00000010   Code   RO        10442    i.osSetEvent        os_port_ucos2.o
    0x0800bd78   0x0800bd78   0x00000012   Code   RO        10443    i.osSetEventFromIsr  os_port_ucos2.o
    0x0800bd8a   0x0800bd8a   0x00000002   PAD
    0x0800bd8c   0x0800bd8c   0x00000014   Code   RO        10445    i.osSuspendAllTasks  os_port_ucos2.o
    0x0800bda0   0x0800bda0   0x00000068   Code   RO        10447    i.osWaitForEvent    os_port_ucos2.o
    0x0800be08   0x0800be08   0x00000020   Code   RO         3928    i.remove_none_printable_char  os_debug.o
    0x0800be28   0x0800be28   0x00000022   Code   RO         3929    i.rt_hw_console_output  os_debug.o
    0x0800be4a   0x0800be4a   0x00000002   PAD
    0x0800be4c   0x0800be4c   0x00000070   Code   RO        13036    i.sha256Final       sha256.o
    0x0800bebc   0x0800bebc   0x0000004c   Code   RO        13038    i.sha256Init        sha256.o
    0x0800bf08   0x0800bf08   0x00000144   Code   RO        13039    i.sha256ProcessBlock  sha256.o
    0x0800c04c   0x0800c04c   0x00000058   Code   RO        13040    i.sha256Update      sha256.o
    0x0800c0a4   0x0800c0a4   0x000001dc   Code   RO         7312    i.slaacDumpConfig   slaac.o
    0x0800c280   0x0800c280   0x00000048   Code   RO         7313    i.slaacGenerateLinkLocalAddr  slaac.o
    0x0800c2c8   0x0800c2c8   0x00000014   Code   RO         7314    i.slaacGetDefaultSettings  slaac.o
    0x0800c2dc   0x0800c2dc   0x00000058   Code   RO         7315    i.slaacInit         slaac.o
    0x0800c334   0x0800c334   0x00000048   Code   RO         7316    i.slaacLinkChangeEvent  slaac.o
    0x0800c37c   0x0800c37c   0x000001a0   Code   RO         7317    i.slaacParsePrefixInfoOption  slaac.o
    0x0800c51c   0x0800c51c   0x000000ae   Code   RO         7318    i.slaacParseRouterAdv  slaac.o
    0x0800c5ca   0x0800c5ca   0x00000002   PAD
    0x0800c5cc   0x0800c5cc   0x00000068   Code   RO         7319    i.slaacStart        slaac.o
    0x0800c634   0x0800c634   0x00000050   Code   RO         9128    i.socketInit        socket.o
    0x0800c684   0x0800c684   0x00000038   Code   RO        10307    i.stm32f4xxEthCalcCrc  stm32f4xx_eth_driver.o
    0x0800c6bc   0x0800c6bc   0x0000001c   Code   RO        10308    i.stm32f4xxEthDisableIrq  stm32f4xx_eth_driver.o
    0x0800c6d8   0x0800c6d8   0x00000014   Code   RO        10309    i.stm32f4xxEthEnableIrq  stm32f4xx_eth_driver.o
    0x0800c6ec   0x0800c6ec   0x0000002c   Code   RO        10310    i.stm32f4xxEthEventHandler  stm32f4xx_eth_driver.o
    0x0800c718   0x0800c718   0x00000168   Code   RO        10311    i.stm32f4xxEthInit  stm32f4xx_eth_driver.o
    0x0800c880   0x0800c880   0x000000a4   Code   RO        10312    i.stm32f4xxEthInitDmaDesc  stm32f4xx_eth_driver.o
    0x0800c924   0x0800c924   0x000000f8   Code   RO        10313    i.stm32f4xxEthInitGpio  stm32f4xx_eth_driver.o
    0x0800ca1c   0x0800ca1c   0x0000003c   Code   RO        10314    i.stm32f4xxEthReadPhyReg  stm32f4xx_eth_driver.o
    0x0800ca58   0x0800ca58   0x0000005c   Code   RO        10315    i.stm32f4xxEthReceivePacket  stm32f4xx_eth_driver.o
    0x0800cab4   0x0800cab4   0x00000078   Code   RO        10316    i.stm32f4xxEthSendPacket  stm32f4xx_eth_driver.o
    0x0800cb2c   0x0800cb2c   0x00000006   Code   RO        10317    i.stm32f4xxEthTick  stm32f4xx_eth_driver.o
    0x0800cb32   0x0800cb32   0x00000002   PAD
    0x0800cb34   0x0800cb34   0x00000104   Code   RO        10318    i.stm32f4xxEthUpdateMacAddrFilter  stm32f4xx_eth_driver.o
    0x0800cc38   0x0800cc38   0x0000003c   Code   RO        10319    i.stm32f4xxEthUpdateMacConfig  stm32f4xx_eth_driver.o
    0x0800cc74   0x0800cc74   0x00000038   Code   RO        10320    i.stm32f4xxEthWritePhyReg  stm32f4xx_eth_driver.o
    0x0800ccac   0x0800ccac   0x00000034   Code   RO        10588    i.strSafeCopy       str.o
    0x0800cce0   0x0800cce0   0x00000004   Code   RO        10689    i.swapInt16         cpu_endian.o
    0x0800cce4   0x0800cce4   0x00000004   Code   RO        10690    i.swapInt32         cpu_endian.o
    0x0800cce8   0x0800cce8   0x00000064   Code   RO         9467    i.tcpAddOption      tcp_misc.o
    0x0800cd4c   0x0800cd4c   0x0000001e   Code   RO         9468    i.tcpChangeState    tcp_misc.o
    0x0800cd6a   0x0800cd6a   0x0000016e   Code   RO         9469    i.tcpCheckAck       tcp_misc.o
    0x0800ced8   0x0800ced8   0x00000068   Code   RO         9470    i.tcpCheckSequenceNumber  tcp_misc.o
    0x0800cf40   0x0800cf40   0x00000030   Code   RO         9471    i.tcpCheckSyn       tcp_misc.o
    0x0800cf70   0x0800cf70   0x00000094   Code   RO         9472    i.tcpComputeRto     tcp_misc.o
    0x0800d004   0x0800d004   0x00000026   Code   RO         9473    i.tcpDeleteControlBlock  tcp_misc.o
    0x0800d02a   0x0800d02a   0x00000002   Code   RO         9474    i.tcpDumpHeader     tcp_misc.o
    0x0800d02c   0x0800d02c   0x00000022   Code   RO         9475    i.tcpFastLossRecovery  tcp_misc.o
    0x0800d04e   0x0800d04e   0x0000004c   Code   RO         9476    i.tcpFastRecovery   tcp_misc.o
    0x0800d09a   0x0800d09a   0x00000042   Code   RO         9477    i.tcpFastRetransmit  tcp_misc.o
    0x0800d0dc   0x0800d0dc   0x00000026   Code   RO         9478    i.tcpFlushRetransmitQueue  tcp_misc.o
    0x0800d102   0x0800d102   0x0000001c   Code   RO         9479    i.tcpFlushSynQueue  tcp_misc.o
    0x0800d11e   0x0800d11e   0x00000046   Code   RO         9480    i.tcpGetOption      tcp_misc.o
    0x0800d164   0x0800d164   0x0000000c   Code   RO         9299    i.tcpInit           tcp.o
    0x0800d170   0x0800d170   0x0000002a   Code   RO         9481    i.tcpIsDuplicateAck  tcp_misc.o
    0x0800d19a   0x0800d19a   0x0000007a   Code   RO         9482    i.tcpIsDuplicateSyn  tcp_misc.o
    0x0800d214   0x0800d214   0x000000ce   Code   RO         9483    i.tcpNagleAlgo      tcp_misc.o
    0x0800d2e2   0x0800d2e2   0x00000002   PAD
    0x0800d2e4   0x0800d2e4   0x0000027c   Code   RO         9385    i.tcpProcessSegment  tcp_fsm.o
    0x0800d560   0x0800d560   0x0000009a   Code   RO         9484    i.tcpProcessSegmentData  tcp_misc.o
    0x0800d5fa   0x0800d5fa   0x00000054   Code   RO         9486    i.tcpReadTxBuffer   tcp_misc.o
    0x0800d64e   0x0800d64e   0x0000008a   Code   RO         9487    i.tcpRetransmitSegment  tcp_misc.o
    0x0800d6d8   0x0800d6d8   0x00000130   Code   RO         9488    i.tcpSendResetSegment  tcp_misc.o
    0x0800d808   0x0800d808   0x00000216   Code   RO         9489    i.tcpSendSegment    tcp_misc.o
    0x0800da1e   0x0800da1e   0x0000005c   Code   RO         9386    i.tcpStateCloseWait  tcp_fsm.o
    0x0800da7a   0x0800da7a   0x00000012   Code   RO         9387    i.tcpStateClosed    tcp_fsm.o
    0x0800da8c   0x0800da8c   0x0000005e   Code   RO         9388    i.tcpStateClosing   tcp_fsm.o
    0x0800daea   0x0800daea   0x000000a2   Code   RO         9389    i.tcpStateEstablished  tcp_fsm.o
    0x0800db8c   0x0800db8c   0x000000c0   Code   RO         9390    i.tcpStateFinWait1  tcp_fsm.o
    0x0800dc4c   0x0800dc4c   0x00000098   Code   RO         9391    i.tcpStateFinWait2  tcp_fsm.o
    0x0800dce4   0x0800dce4   0x00000040   Code   RO         9392    i.tcpStateLastAck   tcp_fsm.o
    0x0800dd24   0x0800dd24   0x00000106   Code   RO         9393    i.tcpStateListen    tcp_fsm.o
    0x0800de2a   0x0800de2a   0x0000008a   Code   RO         9394    i.tcpStateSynReceived  tcp_fsm.o
    0x0800deb4   0x0800deb4   0x00000102   Code   RO         9395    i.tcpStateSynSent   tcp_fsm.o
    0x0800dfb6   0x0800dfb6   0x00000070   Code   RO         9396    i.tcpStateTimeWait  tcp_fsm.o
    0x0800e026   0x0800e026   0x00000002   PAD
    0x0800e028   0x0800e028   0x00000220   Code   RO         9655    i.tcpTick           tcp_timer.o
    0x0800e248   0x0800e248   0x00000020   Code   RO         9656    i.tcpTimerElapsed   tcp_timer.o
    0x0800e268   0x0800e268   0x00000004   Code   RO         9658    i.tcpTimerRunning   tcp_timer.o
    0x0800e26c   0x0800e26c   0x00000014   Code   RO         9659    i.tcpTimerStart     tcp_timer.o
    0x0800e280   0x0800e280   0x00000006   Code   RO         9660    i.tcpTimerStop      tcp_timer.o
    0x0800e286   0x0800e286   0x00000002   PAD
    0x0800e288   0x0800e288   0x000000f6   Code   RO         9490    i.tcpUpdateEvents   tcp_misc.o
    0x0800e37e   0x0800e37e   0x00000002   PAD
    0x0800e380   0x0800e380   0x00000086   Code   RO         9492    i.tcpUpdateRetransmitQueue  tcp_misc.o
    0x0800e406   0x0800e406   0x00000002   PAD
    0x0800e408   0x0800e408   0x000000a0   Code   RO         9493    i.tcpUpdateSackBlocks  tcp_misc.o
    0x0800e4a8   0x0800e4a8   0x00000074   Code   RO         9494    i.tcpUpdateSendWindow  tcp_misc.o
    0x0800e51c   0x0800e51c   0x0000005a   Code   RO         9496    i.tcpWriteRxBuffer  tcp_misc.o
    0x0800e576   0x0800e576   0x00000002   PAD
    0x0800e578   0x0800e578   0x00000444   Code   RO         4518    i.tcp_task          app_main.o
    0x0800e9bc   0x0800e9bc   0x00000058   Code   RO         4519    i.uart_task         app_main.o
    0x0800ea14   0x0800ea14   0x00000024   Code   RO         3930    i.ucos_kprintf      os_debug.o
    0x0800ea38   0x0800ea38   0x000000b4   Code   RO         4520    i.ucos_show_version  app_main.o
    0x0800eaec   0x0800eaec   0x00000016   Code   RO         9695    i.udpAllocBuffer    udp.o
    0x0800eb02   0x0800eb02   0x00000002   PAD
    0x0800eb04   0x0800eb04   0x0000004c   Code   RO         9696    i.udpAttachRxCallback  udp.o
    0x0800eb50   0x0800eb50   0x0000004c   Code   RO         9697    i.udpDetachRxCallback  udp.o
    0x0800eb9c   0x0800eb9c   0x00000028   Code   RO         9700    i.udpInit           udp.o
    0x0800ebc4   0x0800ebc4   0x0000007c   Code   RO         9701    i.udpInvokeRxCallback  udp.o
    0x0800ec40   0x0800ec40   0x000001e0   Code   RO         9702    i.udpProcessDatagram  udp.o
    0x0800ee20   0x0800ee20   0x00000132   Code   RO         9705    i.udpSendDatagramEx  udp.o
    0x0800ef52   0x0800ef52   0x0000004c   Code   RO         9706    i.udpUpdateEvents   udp.o
    0x0800ef9e   0x0800ef9e   0x00000002   PAD
    0x0800efa0   0x0800efa0   0x00000014   Code   RO         9798    i.webSocketInit     web_socket.o
    0x0800efb4   0x0800efb4   0x0000006a   Code   RO        15383    i.yarrowFastReseed  yarrow.o
    0x0800f01e   0x0800f01e   0x0000002e   Code   RO        15385    i.yarrowInit        yarrow.o
    0x0800f04c   0x0800f04c   0x0000001e   Code   RO        15388    i.yarrowSeed        yarrow.o
    0x0800f06a   0x0800f06a   0x00000010   Data   RO         2589    .constdata          system_stm32f4xx.o
    0x0800f07a   0x0800f07a   0x00000008   Data   RO         2590    .constdata          system_stm32f4xx.o
    0x0800f082   0x0800f082   0x00000100   Data   RO         2974    .constdata          os_core.o
    0x0800f182   0x0800f182   0x00000002   PAD
    0x0800f184   0x0800f184   0x0000001c   Data   RO         4806    .constdata          lan8720_driver.o
    0x0800f1a0   0x0800f1a0   0x00000007   Data   RO         4886    .constdata          dhcp_client.o
    0x0800f1a7   0x0800f1a7   0x00000010   Data   RO         6325    .constdata          ipv6.o
    0x0800f1b7   0x0800f1b7   0x00000010   Data   RO         6326    .constdata          ipv6.o
    0x0800f1c7   0x0800f1c7   0x00000010   Data   RO         6327    .constdata          ipv6.o
    0x0800f1d7   0x0800f1d7   0x00000010   Data   RO         6328    .constdata          ipv6.o
    0x0800f1e7   0x0800f1e7   0x00000010   Data   RO         6329    .constdata          ipv6.o
    0x0800f1f7   0x0800f1f7   0x00000010   Data   RO         6330    .constdata          ipv6.o
    0x0800f207   0x0800f207   0x00000006   Data   RO         8084    .constdata          ethernet.o
    0x0800f20d   0x0800f20d   0x00000006   Data   RO         8085    .constdata          ethernet.o
    0x0800f213   0x0800f213   0x00000040   Data   RO         8264    .constdata          ethernet_misc.o
    0x0800f253   0x0800f253   0x00000010   Data   RO        10267    .constdata          llmnr_common.o
    0x0800f263   0x0800f263   0x00000001   PAD
    0x0800f264   0x0800f264   0x00000040   Data   RO        10322    .constdata          stm32f4xx_eth_driver.o
    0x0800f2a4   0x0800f2a4   0x00000140   Data   RO        13041    .constdata          sha256.o
    0x0800f3e4   0x0800f3e4   0x00000a2c   Data   RO        13579    .constdata          aes.o
    0x0800fe10   0x0800fe10   0x00000081   Data   RO        16181    .constdata          mc_w.l(ctype_o.o)
    0x0800fe91   0x0800fe91   0x00000003   PAD
    0x0800fe94   0x0800fe94   0x00000004   Data   RO        16182    .constdata          mc_w.l(ctype_o.o)
    0x0800fe98   0x0800fe98   0x00000060   Data   RO         4887    .conststring        dhcp_client.o
    0x0800fef8   0x0800fef8   0x00000020   Data   RO        16589    Region$$Table       anon$$obj.o


    Execution Region RW_IRAM1 (Exec base: 0x20000000, Load base: 0x0800ff18, Size: 0x0000d900, Max: 0x00020000, ABSOLUTE)

    Exec Addr    Load Addr    Size         Type   Attr      Idx    E Section Name        Object

    0x20000000   0x0800ff18   0x0000000c   Data   RW         1570    .data               stm32f4xx_hal.o
    0x2000000c   0x0800ff24   0x00000004   Data   RW         2591    .data               system_stm32f4xx.o
    0x20000010   0x0800ff28   0x00000008   Data   RW         2813    .data               os_cpu_c.o
    0x20000018   0x0800ff30   0x0000003c   Data   RW         2975    .data               os_core.o
    0x20000054   0x0800ff6c   0x00000004   Data   RW         2976    .data               os_core.o
    0x20000058   0x0800ff70   0x00000004   Data   RW         2977    .data               os_core.o
    0x2000005c   0x0800ff74   0x00000004   Data   RW         2978    .data               os_core.o
    0x20000060   0x0800ff78   0x00000002   Data   RW         2979    .data               os_core.o
    0x20000062   0x0800ff7a   0x00000002   Data   RW         2980    .data               os_core.o
    0x20000064   0x0800ff7c   0x00000004   Data   RW         2981    .data               os_core.o
    0x20000068   0x0800ff80   0x00000004   Data   RW         2982    .data               os_core.o
    0x2000006c   0x0800ff84   0x00000004   Data   RW         2983    .data               os_core.o
    0x20000070   0x0800ff88   0x00000004   Data   RW         2984    .data               os_core.o
    0x20000074   0x0800ff8c   0x00000008   Data   RW         4525    .data               app_main.o
    0x2000007c   0x0800ff94   0x00000024   Data   RW         4888    .data               dhcp_client.o
    0x200000a0   0x0800ffb8   0x00000004   Data   RW         4889    .data               dhcp_client.o
    0x200000a4   0x0800ffbc   0x00000004   Data   RW         5145    .data               dns_cache.o
    0x200000a8   0x0800ffc0   0x00000004   Data   RW         5494    .data               arp.o
    0x200000ac   0x0800ffc4   0x00000004   Data   RW         5739    .data               igmp.o
    0x200000b0   0x0800ffc8   0x00000004   Data   RW         5986    .data               ipv4_frag.o
    0x200000b4   0x0800ffcc   0x00000004   Data   RW         6590    .data               ipv6_frag.o
    0x200000b8   0x0800ffd0   0x00000004   Data   RW         6929    .data               mld.o
    0x200000bc   0x0800ffd4   0x00000004   Data   RW         7013    .data               ndp.o
    0x200000c0   0x0800ffd8   0x0000001c   Data   RW         8491    .data               net.o
    0x200000dc   0x0800fff4   0x00000004   Data   RW         8926    .data               nic.o
    0x200000e0   0x0800fff8   0x00000004   Data   RW         9305    .data               tcp.o
    0x200000e4   0x0800fffc   0x00000002   Data   RW         9306    .data               tcp.o
    0x200000e6   0x0800fffe   0x00000002   PAD
    0x200000e8   0x08010000   0x00000008   Data   RW         9708    .data               udp.o
    0x200000f0   0x08010008   0x0000000c   Data   RW        10323    .data               stm32f4xx_eth_driver.o
    0x200000fc   0x08010014   0x00000004   Data   RW        16177    .data               mc_w.l(stderr.o)
    0x20000100   0x08010018   0x00000004   Data   RW        16557    .data               mc_w.l(mvars.o)
    0x20000104   0x0801001c   0x00000004   Data   RW        16558    .data               mc_w.l(mvars.o)
    0x20000108        -       0x00000048   Zero   RW          224    .bss                eth.o
    0x20000150        -       0x00000010   Zero   RW          266    .bss                rng.o
    0x20000160        -       0x00000058   Zero   RW          308    .bss                spi.o
    0x200001b8        -       0x00000040   Zero   RW          377    .bss                usart.o
    0x200001f8        -       0x00000200   Zero   RW         2812    .bss                os_cpu_c.o
    0x200003f8        -       0x00000e70   Zero   RW         2967    .bss                os_core.o
    0x20001268        -       0x00000050   Zero   RW         2968    .bss                os_core.o
    0x200012b8        -       0x00000180   Zero   RW         2969    .bss                os_core.o
    0x20001438        -       0x00000060   Zero   RW         2970    .bss                os_core.o
    0x20001498        -       0x00000280   Zero   RW         2971    .bss                os_core.o
    0x20001718        -       0x00000200   Zero   RW         2972    .bss                os_core.o
    0x20001918        -       0x00000038   Zero   RW         2973    .bss                os_core.o
    0x20001950        -       0x000008b8   Zero   RW         3751    .bss                segger_rtt.o
    0x20002208        -       0x00000200   Zero   RW         3932    .bss                os_debug.o
    0x20002408        -       0x00002868   Zero   RW         4521    .bss                app_main.o
    0x20004c70        -       0x000003a0   Zero   RW         5144    .bss                dns_cache.o
    0x20005010        -       0x00000010   Zero   RW         5835    .bss                ipv4.o
    0x20005020        -       0x00000028   Zero   RW         6324    .bss                ipv6.o
    0x20005048        -       0x00000c60   Zero   RW         8490    .bss                net.o
    0x20005ca8        -       0x000016f8   Zero   RW         9144    .bss                socket.o
    0x200073a0        -       0x000000a0   Zero   RW         9707    .bss                udp.o
    0x20007440        -       0x00002720   Zero   RW         9819    .bss                web_socket.o
    0x20009b60        -       0x00003720   Zero   RW        10321    .bss                stm32f4xx_eth_driver.o
    0x2000d280        -       0x0000003f   Zero   RW        10449    .bss                os_port_ucos2.o
    0x2000d2bf        -       0x00000040   Zero   RW        10632    .bss                date_time.o
    0x2000d2ff   0x08010020   0x00000001   PAD
    0x2000d300        -       0x00000200   Zero   RW            2    HEAP                startup_stm32f407xx.o
    0x2000d500        -       0x00000400   Zero   RW            1    STACK               startup_stm32f407xx.o


==============================================================================

Image component sizes


      Code (inc. data)   RO Data    RW Data    ZI Data      Debug   Object Name

       916         20       2604          0          0       3404   aes.o
        16          0          0          0          0       3816   app_hooks.o
      1548        834          0          8      10344      62176   app_main.o
      1652         36          0          4          0      26413   arp.o
         8          0          0          0          0       1016   cpu_endian.o
       192         74          0          0         64       1892   date_time.o
      3888        418        103         40          0      34776   dhcp_client.o
       118          0          0          0          0       1888   dhcp_common.o
       272         16          0          4        928      36385   dns_cache.o
       336         46          0          0          0       1679   dns_client.o
       380          0          0          0          0      34546   dns_common.o
         0          0          0          0          0        880   dns_debug.o
       296         30          0          0         72       1735   eth.o
       756         10         12          0          0      22982   ethernet.o
       394         42         64          0          0       6769   ethernet_misc.o
       192         12          0          0          0        979   gpio.o
       542          0          0          0          0       5893   icmp.o
       936          0          0          0          0       8268   icmpv6.o
       774         22          0          4          0       8159   igmp.o
       340          0          0          0          0       4990   ip.o
      1158         20          0          0         16       8564   ipv4.o
       950          0          0          4          0      24542   ipv4_frag.o
       432         10          0          0          0       8879   ipv4_misc.o
      2216         18         96          0         40      33896   ipv6.o
      1096          0          0          4          0      25285   ipv6_frag.o
      1932         68          0          0          0      20024   ipv6_misc.o
        42          0          0          0          0       1817   ipv6_pmtu.o
       450         82         28          0          0       5565   lan8720_driver.o
         0          0          0          0          0        760   llmnr_client.o
         0          0         16          0          0        240   llmnr_common.o
       648         14          0          0          0       3625   llmnr_responder.o
       184          8          0          0          0     711244   main.o
       986         32          0          4          0       8705   mld.o
         0          0          0          0          0       3336   mqtt_client.o
       380          6          0          0          0       2274   nbns_client.o
       456          6          0          0          0       4679   nbns_common.o
       306          0          0          0          0       2466   nbns_responder.o
      2968         36          0          4          0      26067   ndp.o
       754          4          0          0          0       7520   ndp_cache.o
      1068         18          0          0          0       9683   ndp_misc.o
      1882        432          0         28       3168      81802   net.o
       912         34          0          0          0      10083   net_mem.o
       362          4          0          4          0      18186   nic.o
      1772        200        256         92       5464      25166   os_core.o
       220         36          0          0          0        408   os_cpu_a.o
       674        158          0          8        512      19716   os_cpu_c.o
       102          6          0          0        512       2453   os_debug.o
      1274         76          0          0          0       8858   os_flag.o
        76         12          0          0          0        581   os_mem.o
       480         28          0          0         63      11070   os_port_ucos2.o
       196         26          0          0          0       1491   os_q.o
       342         26          0          0          0       2650   os_sem.o
      1002        110          0          0          0       7196   os_task.o
       208         38          0          0          0       2048   os_time.o
       584        132          0          0          0       3835   os_tmr.o
        76         18          0          0         16       1411   rng.o
       456         40          0          0       2232      11383   segger_rtt.o
       600         44        320          0          0       4854   sha256.o
      1422        258          0          0          0       7160   slaac.o
        80          4          0          0       5880       5008   socket.o
       212         24          0          0         88       1629   spi.o
        36          8        392          0       1536        820   startup_stm32f407xx.o
      1662        212         64         12      14112      45394   stm32f4xx_eth_driver.o
       180         28          0         12          0       9265   stm32f4xx_hal.o
       198         14          0          0          0      33839   stm32f4xx_hal_cortex.o
        36          0          0          0          0       1179   stm32f4xx_hal_dma.o
      1036         68          0          0          0       5184   stm32f4xx_hal_eth.o
       464         46          0          0          0       2953   stm32f4xx_hal_gpio.o
        48          6          0          0          0        794   stm32f4xx_hal_msp.o
      1344         88          0          0          0       5588   stm32f4xx_hal_rcc.o
       166          0          0          0          0       1950   stm32f4xx_hal_rng.o
       128          0          0          0          0       1131   stm32f4xx_hal_spi.o
       968         16          0          0          0       7275   stm32f4xx_hal_uart.o
        66         12          0          0          0       4037   stm32f4xx_it.o
        52          0          0          0          0       1070   str.o
        28          6         24          4          0       1079   system_stm32f4xx.o
        12          4          0          6          0        687   tcp.o
      2180         16          0          0          0      11701   tcp_fsm.o
      3478         12          0          0          0      22828   tcp_misc.o
       606          6          0          0          0       3885   tcp_timer.o
      1200         42          0          8        160       9166   udp.o
       180         22          0          0         64       1618   usart.o
        20          4          0          0      10016       5736   web_socket.o
       182          0          0          0          0       3319   yarrow.o

    ----------------------------------------------------------------------
     56912       4198       4014        252      55288    1585303   Object Totals
         0          0         32          0          0          0   (incl. Generated)
       128          0          3          2          1          0   (incl. Padding)

    ----------------------------------------------------------------------

      Code (inc. data)   RO Data    RW Data    ZI Data      Debug   Library Member Name

         8          4        133          0          0         68   ctype_o.o
         0          0          0          0          0          0   entry.o
         0          0          0          0          0          0   entry10a.o
         0          0          0          0          0          0   entry11a.o
         8          4          0          0          0          0   entry2.o
         4          0          0          0          0          0   entry5.o
         0          0          0          0          0          0   entry7b.o
         0          0          0          0          0          0   entry8b.o
         8          4          0          0          0          0   entry9a.o
        18          0          0          0          0         80   fputc.o
        30          0          0          0          0          0   handlers.o
        36          8          0          0          0         68   init.o
         0          0          0          0          0          0   iusefp.o
         0          0          0          0          0          0   iusesemip.o
        30          0          0          0          0         68   llshl.o
        36          0          0          0          0         68   llsshr.o
        32          0          0          0          0         68   llushr.o
       188         20          0          0          0        160   malloc.o
        26          0          0          0          0         80   memcmp.o
        64          0          0          0          0         76   memmovea.o
        36          0          0          0          0        108   memseta.o
         0          0          0          8          0          0   mvars.o
      2370         96          0          0          0        752   printfa.o
         0          0          0          0          0          0   semi.o
         0          0          0          4          0          0   stderr.o
        18          0          0          0          0         68   strcpy.o
        14          0          0          0          0         68   strlen.o
        50          0          0          0          0         84   strncasecmp.o
        24          0          0          0          0         76   strncpy.o
        12          0          0          0          0         68   tolower.o
        12          0          0          0          0         68   toupper.o
        44          0          0          0          0         80   uidiv.o
        98          0          0          0          0         92   uldiv.o
        48          0          0          0          0         68   cdrcmple.o
       334          0          0          0          0        148   dadd.o
       222          0          0          0          0        100   ddiv.o
       186          0          0          0          0        176   depilogue.o
        48          0          0          0          0         68   dfixul.o
       228          0          0          0          0         96   dmul.o

    ----------------------------------------------------------------------
      4242        136        136         12          0       2856   Library Totals
        10          0          3          0          0          0   (incl. Padding)

    ----------------------------------------------------------------------

      Code (inc. data)   RO Data    RW Data    ZI Data      Debug   Library Name

      3166        136        133         12          0       2200   mc_w.l
      1066          0          0          0          0        656   mf_w.l

    ----------------------------------------------------------------------
      4242        136        136         12          0       2856   Library Totals

    ----------------------------------------------------------------------

==============================================================================


      Code (inc. data)   RO Data    RW Data    ZI Data      Debug   

     61154       4334       4150        264      55288    1536055   Grand Totals
     61154       4334       4150        264      55288    1536055   ELF Image Totals
     61154       4334       4150        264          0          0   ROM Totals

==============================================================================

    Total RO  Size (Code + RO Data)                65304 (  63.77kB)
    Total RW  Size (RW Data + ZI Data)             55552 (  54.25kB)
    Total ROM Size (Code + RO Data + RW Data)      65568 (  64.03kB)

==============================================================================

