Component: ARM Compiler 5.06 update 6 (build 750) Tool: armlink [4d35ed]

==============================================================================

Section Cross References

    startup_stm32f407xx.o(RESET) refers to startup_stm32f407xx.o(STACK) for __initial_sp
    startup_stm32f407xx.o(RESET) refers to startup_stm32f407xx.o(.text) for Reset_Handler
    startup_stm32f407xx.o(RESET) refers to stm32f4xx_it.o(i.NMI_Handler) for NMI_Handler
    startup_stm32f407xx.o(RESET) refers to stm32f4xx_it.o(i.HardFault_Handler) for HardFault_Handler
    startup_stm32f407xx.o(RESET) refers to stm32f4xx_it.o(i.MemManage_Handler) for MemManage_Handler
    startup_stm32f407xx.o(RESET) refers to stm32f4xx_it.o(i.BusFault_Handler) for BusFault_Handler
    startup_stm32f407xx.o(RESET) refers to stm32f4xx_it.o(i.UsageFault_Handler) for UsageFault_Handler
    startup_stm32f407xx.o(RESET) refers to stm32f4xx_it.o(i.SVC_Handler) for SVC_Handler
    startup_stm32f407xx.o(RESET) refers to stm32f4xx_it.o(i.DebugMon_Handler) for DebugMon_Handler
    startup_stm32f407xx.o(RESET) refers to os_cpu_a.o(.text) for PendSV_Handler
    startup_stm32f407xx.o(RESET) refers to stm32f4xx_it.o(i.SysTick_Handler) for SysTick_Handler
    startup_stm32f407xx.o(RESET) refers to stm32f4xx_it.o(i.USART1_IRQHandler) for USART1_IRQHandler
    startup_stm32f407xx.o(.text) refers to system_stm32f4xx.o(i.SystemInit) for SystemInit
    startup_stm32f407xx.o(.text) refers to entry.o(.ARM.Collect$$$$00000000) for __main
    main.o(i.SystemClock_Config) refers to memseta.o(.text) for __aeabi_memclr4
    main.o(i.SystemClock_Config) refers to stm32f4xx_hal_rcc.o(i.HAL_RCC_OscConfig) for HAL_RCC_OscConfig
    main.o(i.SystemClock_Config) refers to stm32f4xx_hal_rcc.o(i.HAL_RCC_ClockConfig) for HAL_RCC_ClockConfig
    main.o(i.main) refers to stm32f4xx_hal.o(i.HAL_Init) for HAL_Init
    main.o(i.main) refers to main.o(i.SystemClock_Config) for SystemClock_Config
    main.o(i.main) refers to gpio.o(i.MX_GPIO_Init) for MX_GPIO_Init
    main.o(i.main) refers to spi.o(i.MX_SPI1_Init) for MX_SPI1_Init
    main.o(i.main) refers to usart.o(i.MX_USART1_UART_Init) for MX_USART1_UART_Init
    main.o(i.main) refers to stm32f4xx_hal_rcc.o(i.HAL_RCC_GetHCLKFreq) for HAL_RCC_GetHCLKFreq
    main.o(i.main) refers to os_cpu_c.o(i.OS_CPU_SysTickInitFreq) for OS_CPU_SysTickInitFreq
    main.o(i.main) refers to os_core.o(i.OSInit) for OSInit
    main.o(i.main) refers to app_main.o(i.create_app_task) for create_app_task
    main.o(i.main) refers to os_core.o(i.OSStart) for OSStart
    gpio.o(i.MX_GPIO_Init) refers to memseta.o(.text) for __aeabi_memclr4
    gpio.o(i.MX_GPIO_Init) refers to stm32f4xx_hal_gpio.o(i.HAL_GPIO_WritePin) for HAL_GPIO_WritePin
    gpio.o(i.MX_GPIO_Init) refers to stm32f4xx_hal_gpio.o(i.HAL_GPIO_Init) for HAL_GPIO_Init
    spi.o(i.HAL_SPI_MspDeInit) refers to stm32f4xx_hal_gpio.o(i.HAL_GPIO_DeInit) for HAL_GPIO_DeInit
    spi.o(i.HAL_SPI_MspInit) refers to memseta.o(.text) for __aeabi_memclr4
    spi.o(i.HAL_SPI_MspInit) refers to stm32f4xx_hal_gpio.o(i.HAL_GPIO_Init) for HAL_GPIO_Init
    spi.o(i.MX_SPI1_Init) refers to stm32f4xx_hal_spi.o(i.HAL_SPI_Init) for HAL_SPI_Init
    spi.o(i.MX_SPI1_Init) refers to main.o(i.Error_Handler) for Error_Handler
    spi.o(i.MX_SPI1_Init) refers to spi.o(.bss) for .bss
    usart.o(i.HAL_UART_MspDeInit) refers to stm32f4xx_hal_gpio.o(i.HAL_GPIO_DeInit) for HAL_GPIO_DeInit
    usart.o(i.HAL_UART_MspDeInit) refers to stm32f4xx_hal_cortex.o(i.HAL_NVIC_DisableIRQ) for HAL_NVIC_DisableIRQ
    usart.o(i.HAL_UART_MspInit) refers to memseta.o(.text) for __aeabi_memclr4
    usart.o(i.HAL_UART_MspInit) refers to stm32f4xx_hal_gpio.o(i.HAL_GPIO_Init) for HAL_GPIO_Init
    usart.o(i.HAL_UART_MspInit) refers to stm32f4xx_hal_cortex.o(i.HAL_NVIC_SetPriority) for HAL_NVIC_SetPriority
    usart.o(i.HAL_UART_MspInit) refers to stm32f4xx_hal_cortex.o(i.HAL_NVIC_EnableIRQ) for HAL_NVIC_EnableIRQ
    usart.o(i.MX_USART1_UART_Init) refers to stm32f4xx_hal_uart.o(i.HAL_UART_Init) for HAL_UART_Init
    usart.o(i.MX_USART1_UART_Init) refers to main.o(i.Error_Handler) for Error_Handler
    usart.o(i.MX_USART1_UART_Init) refers to usart.o(.bss) for .bss
    stm32f4xx_it.o(i.SysTick_Handler) refers to os_cpu_a.o(.text) for OS_CPU_SR_Save
    stm32f4xx_it.o(i.SysTick_Handler) refers to os_core.o(i.OSTimeTick) for OSTimeTick
    stm32f4xx_it.o(i.SysTick_Handler) refers to os_core.o(i.OSIntExit) for OSIntExit
    stm32f4xx_it.o(i.SysTick_Handler) refers to stm32f4xx_hal.o(i.HAL_IncTick) for HAL_IncTick
    stm32f4xx_it.o(i.SysTick_Handler) refers to os_core.o(.data) for OSIntNesting
    stm32f4xx_it.o(i.USART1_IRQHandler) refers to stm32f4xx_hal_uart.o(i.HAL_UART_IRQHandler) for HAL_UART_IRQHandler
    stm32f4xx_it.o(i.USART1_IRQHandler) refers to usart.o(.bss) for huart1
    stm32f4xx_hal_spi.o(i.HAL_SPI_Abort) refers to stm32f4xx_hal_dma.o(i.HAL_DMA_Abort) for HAL_DMA_Abort
[...]
    Removing segger_rtt.o(i.SEGGER_RTT_Init), (4 bytes).
    Removing segger_rtt.o(i.SEGGER_RTT_PutChar), (92 bytes).
    Removing segger_rtt.o(i.SEGGER_RTT_PutCharSkip), (80 bytes).
    Removing segger_rtt.o(i.SEGGER_RTT_PutCharSkipNoLock), (52 bytes).
    Removing segger_rtt.o(i.SEGGER_RTT_Read), (24 bytes).
    Removing segger_rtt.o(i.SEGGER_RTT_ReadNoLock), (120 bytes).
    Removing segger_rtt.o(i.SEGGER_RTT_SetFlagsDownBuffer), (64 bytes).
    Removing segger_rtt.o(i.SEGGER_RTT_SetFlagsUpBuffer), (64 bytes).
    Removing segger_rtt.o(i.SEGGER_RTT_SetNameDownBuffer), (64 bytes).
    Removing segger_rtt.o(i.SEGGER_RTT_SetNameUpBuffer), (64 bytes).
    Removing segger_rtt.o(i.SEGGER_RTT_SetTerminal), (140 bytes).
    Removing segger_rtt.o(i.SEGGER_RTT_TerminalOut), (176 bytes).
    Removing segger_rtt.o(i.SEGGER_RTT_WaitKey), (14 bytes).
    Removing segger_rtt.o(i.SEGGER_RTT_WriteSkipNoLock), (112 bytes).
    Removing segger_rtt.o(i.SEGGER_RTT_WriteWithOverwriteNoLock), (148 bytes).
    Removing segger_rtt.o(i._PostTerminalSwitch), (32 bytes).
    Removing segger_rtt.o(.data), (17 bytes).
    Removing lib_ascii.o(i.ASCII_Cmp), (28 bytes).
    Removing lib_ascii.o(i.ASCII_IsAlpha), (22 bytes).
    Removing lib_ascii.o(i.ASCII_IsAlphaNum), (28 bytes).
    Removing lib_ascii.o(i.ASCII_IsBlank), (16 bytes).
    Removing lib_ascii.o(i.ASCII_IsCtrl), (22 bytes).
    Removing lib_ascii.o(i.ASCII_IsDig), (14 bytes).
    Removing lib_ascii.o(i.ASCII_IsDigHex), (28 bytes).
    Removing lib_ascii.o(i.ASCII_IsDigOct), (14 bytes).
    Removing lib_ascii.o(i.ASCII_IsGraph), (14 bytes).
    Removing lib_ascii.o(i.ASCII_IsLower), (14 bytes).
    Removing lib_ascii.o(i.ASCII_IsPrint), (14 bytes).
    Removing lib_ascii.o(i.ASCII_IsPunct), (58 bytes).
    Removing lib_ascii.o(i.ASCII_IsSpace), (32 bytes).
    Removing lib_ascii.o(i.ASCII_IsUpper), (14 bytes).
    Removing lib_ascii.o(i.ASCII_ToLower), (14 bytes).
    Removing lib_ascii.o(i.ASCII_ToUpper), (14 bytes).
    Removing lib_math.o(i.Math_Init), (6 bytes).
    Removing lib_math.o(i.Math_Rand), (36 bytes).
    Removing lib_math.o(i.Math_RandSeed), (20 bytes).
    Removing lib_math.o(i.Math_RandSetSeed), (24 bytes).
    Removing lib_math.o(.data), (4 bytes).
    Removing lib_mem.o(i.Mem_Clr), (8 bytes).
    Removing lib_mem.o(i.Mem_Cmp), (122 bytes).
    Removing lib_mem.o(i.Mem_DynPoolBlkFree), (60 bytes).
    Removing lib_mem.o(i.Mem_DynPoolBlkGet), (100 bytes).
    Removing lib_mem.o(i.Mem_DynPoolBlkNbrAvailGet), (44 bytes).
    Removing lib_mem.o(i.Mem_DynPoolCreate), (44 bytes).
    Removing lib_mem.o(i.Mem_DynPoolCreateHW), (44 bytes).
    Removing lib_mem.o(i.Mem_DynPoolCreateInternal), (178 bytes).
    Removing lib_mem.o(i.Mem_HeapAlloc), (48 bytes).
    Removing lib_mem.o(i.Mem_HeapGetSizeRem), (36 bytes).
    Removing lib_mem.o(i.Mem_Init), (64 bytes).
    Removing lib_mem.o(i.Mem_Move), (110 bytes).
    Removing lib_mem.o(i.Mem_PoolBlkFree), (54 bytes).
    Removing lib_mem.o(i.Mem_PoolBlkGet), (58 bytes).
    Removing lib_mem.o(i.Mem_PoolBlkGetNbrAvail), (26 bytes).
    Removing lib_mem.o(i.Mem_PoolClr), (22 bytes).
    Removing lib_mem.o(i.Mem_PoolCreate), (380 bytes).
    Removing lib_mem.o(i.Mem_SegAlloc), (28 bytes).
    Removing lib_mem.o(i.Mem_SegAllocExt), (28 bytes).
    Removing lib_mem.o(i.Mem_SegAllocExtCritical), (88 bytes).
    Removing lib_mem.o(i.Mem_SegAllocHW), (28 bytes).
    Removing lib_mem.o(i.Mem_SegAllocInternal), (70 bytes).
    Removing lib_mem.o(i.Mem_SegClr), (26 bytes).
    Removing lib_mem.o(i.Mem_SegCreate), (54 bytes).
    Removing lib_mem.o(i.Mem_SegCreateCritical), (28 bytes).
    Removing lib_mem.o(i.Mem_SegRemSizeGet), (84 bytes).
    Removing lib_mem.o(i.Mem_Set), (68 bytes).
    Removing lib_mem.o(.bss), (1044 bytes).
    Removing lib_mem.o(.data), (4 bytes).
    Removing lib_str.o(i.Str_Cat), (8 bytes).
    Removing lib_str.o(i.Str_Cat_N), (62 bytes).
    Removing lib_str.o(i.Str_Char), (10 bytes).
    Removing lib_str.o(i.Str_Char_Last), (10 bytes).
    Removing lib_str.o(i.Str_Char_Last_N), (44 bytes).
    Removing lib_str.o(i.Str_Char_N), (46 bytes).
    Removing lib_str.o(i.Str_Char_Replace), (8 bytes).
    Removing lib_str.o(i.Str_Char_Replace_N), (40 bytes).
    Removing lib_str.o(i.Str_Cmp), (8 bytes).
    Removing lib_str.o(i.Str_CmpIgnoreCase), (8 bytes).
    Removing lib_str.o(i.Str_CmpIgnoreCase_N), (148 bytes).
    Removing lib_str.o(i.Str_Cmp_N), (90 bytes).
    Removing lib_str.o(i.Str_Copy), (8 bytes).
    Removing lib_str.o(i.Str_Copy_N), (50 bytes).
    Removing lib_str.o(i.Str_FmtNbr_Int32), (324 bytes).
    Removing lib_str.o(i.Str_FmtNbr_Int32S), (42 bytes).
    Removing lib_str.o(i.Str_FmtNbr_Int32U), (24 bytes).
    Removing lib_str.o(i.Str_Len), (8 bytes).
    Removing lib_str.o(i.Str_Len_N), (22 bytes).
    Removing lib_str.o(i.Str_ParseNbr_Int32), (332 bytes).
    Removing lib_str.o(i.Str_ParseNbr_Int32S), (42 bytes).
    Removing lib_str.o(i.Str_ParseNbr_Int32U), (12 bytes).
    Removing lib_str.o(i.Str_Str), (8 bytes).
    Removing lib_str.o(i.Str_Str_N), (100 bytes).
    Removing lib_str.o(.constdata), (148 bytes).
    Removing lib_mem_a.o(.text), (544 bytes).
    Removing app_hooks.o(.rev16_text), (4 bytes).
    Removing app_hooks.o(.revsh_text), (4 bytes).
    Removing app_hooks.o(.rrx_text), (6 bytes).
    Removing app_main.o(.rev16_text), (4 bytes).
    Removing app_main.o(.revsh_text), (4 bytes).
    Removing app_main.o(.rrx_text), (6 bytes).

519 unused section(s) (total 35999 bytes) removed from the image.

==============================================================================

Image Symbol Table

    Local Symbols

    Symbol Name                              Value     Ov Type        Size  Object(Section)

    ../Drivers/STM32F4xx_HAL_Driver/Src/stm32f4xx_hal.c 0x00000000   Number         0  stm32f4xx_hal.o ABSOLUTE
    ../Drivers/STM32F4xx_HAL_Driver/Src/stm32f4xx_hal_cortex.c 0x00000000   Number         0  stm32f4xx_hal_cortex.o ABSOLUTE
    ../Drivers/STM32F4xx_HAL_Driver/Src/stm32f4xx_hal_dma.c 0x00000000   Number         0  stm32f4xx_hal_dma.o ABSOLUTE
    ../Drivers/STM32F4xx_HAL_Driver/Src/stm32f4xx_hal_dma_ex.c 0x00000000   Number         0  stm32f4xx_hal_dma_ex.o ABSOLUTE
    ../Drivers/STM32F4xx_HAL_Driver/Src/stm32f4xx_hal_exti.c 0x00000000   Number         0  stm32f4xx_hal_exti.o ABSOLUTE
    ../Drivers/STM32F4xx_HAL_Driver/Src/stm32f4xx_hal_flash.c 0x00000000   Number         0  stm32f4xx_hal_flash.o ABSOLUTE
    ../Drivers/STM32F4xx_HAL_Driver/Src/stm32f4xx_hal_flash_ex.c 0x00000000   Number         0  stm32f4xx_hal_flash_ex.o ABSOLUTE
    ../Drivers/STM32F4xx_HAL_Driver/Src/stm32f4xx_hal_flash_ramfunc.c 0x00000000   Number         0  stm32f4xx_hal_flash_ramfunc.o ABSOLUTE
    ../Drivers/STM32F4xx_HAL_Driver/Src/stm32f4xx_hal_gpio.c 0x00000000   Number         0  stm32f4xx_hal_gpio.o ABSOLUTE
    ../Drivers/STM32F4xx_HAL_Driver/Src/stm32f4xx_hal_pwr.c 0x00000000   Number         0  stm32f4xx_hal_pwr.o ABSOLUTE
    ../Drivers/STM32F4xx_HAL_Driver/Src/stm32f4xx_hal_pwr_ex.c 0x00000000   Number         0  stm32f4xx_hal_pwr_ex.o ABSOLUTE
    ../Drivers/STM32F4xx_HAL_Driver/Src/stm32f4xx_hal_rcc.c 0x00000000   Number         0  stm32f4xx_hal_rcc.o ABSOLUTE
    ../Drivers/STM32F4xx_HAL_Driver/Src/stm32f4xx_hal_rcc_ex.c 0x00000000   Number         0  stm32f4xx_hal_rcc_ex.o ABSOLUTE
    ../Drivers/STM32F4xx_HAL_Driver/Src/stm32f4xx_hal_spi.c 0x00000000   Number         0  stm32f4xx_hal_spi.o ABSOLUTE
    ../Drivers/STM32F4xx_HAL_Driver/Src/stm32f4xx_hal_tim.c 0x00000000   Number         0  stm32f4xx_hal_tim.o ABSOLUTE
    ../Drivers/STM32F4xx_HAL_Driver/Src/stm32f4xx_hal_tim_ex.c 0x00000000   Number         0  stm32f4xx_hal_tim_ex.o ABSOLUTE
    ../Drivers/STM32F4xx_HAL_Driver/Src/stm32f4xx_hal_uart.c 0x00000000   Number         0  stm32f4xx_hal_uart.o ABSOLUTE
    ../Src/gpio.c                            0x00000000   Number         0  gpio.o ABSOLUTE
    ../Src/main.c                            0x00000000   Number         0  main.o ABSOLUTE
    ../Src/spi.c                             0x00000000   Number         0  spi.o ABSOLUTE
    ../Src/stm32f4xx_hal_msp.c               0x00000000   Number         0  stm32f4xx_hal_msp.o ABSOLUTE
    ../Src/stm32f4xx_it.c                    0x00000000   Number         0  stm32f4xx_it.o ABSOLUTE
    ../Src/sys.c                             0x00000000   Number         0  sys.o ABSOLUTE
    ../Src/system_stm32f4xx.c                0x00000000   Number         0  system_stm32f4xx.o ABSOLUTE
    ../Src/usart.c                           0x00000000   Number         0  usart.o ABSOLUTE
    ../clib/microlib/division.c              0x00000000   Number         0  uidiv.o ABSOLUTE
    ../clib/microlib/division.c              0x00000000   Number         0  uldiv.o ABSOLUTE
    ../clib/microlib/init/entry.s            0x00000000   Number         0  entry11b.o ABSOLUTE
    ../clib/microlib/init/entry.s            0x00000000   Number         0  entry10a.o ABSOLUTE
    ../clib/microlib/init/entry.s            0x00000000   Number         0  entry.o ABSOLUTE
    ../clib/microlib/init/entry.s            0x00000000   Number         0  entry7b.o ABSOLUTE
    ../clib/microlib/init/entry.s            0x00000000   Number         0  entry8b.o ABSOLUTE
    ../clib/microlib/init/entry.s            0x00000000   Number         0  entry7a.o ABSOLUTE
    ../clib/microlib/init/entry.s            0x00000000   Number         0  entry2.o ABSOLUTE
    ../clib/microlib/init/entry.s            0x00000000   Number         0  entry5.o ABSOLUTE
    ../clib/microlib/init/entry.s            0x00000000   Number         0  entry9b.o ABSOLUTE
    ../clib/microlib/init/entry.s            0x00000000   Number         0  entry10b.o ABSOLUTE
    ../clib/microlib/init/entry.s            0x00000000   Number         0  entry11a.o ABSOLUTE
    ../clib/microlib/init/entry.s            0x00000000   Number         0  entry8a.o ABSOLUTE
    ../clib/microlib/init/entry.s            0x00000000   Number         0  entry9a.o ABSOLUTE
    ../clib/microlib/longlong.c              0x00000000   Number         0  llshl.o ABSOLUTE
    ../clib/microlib/longlong.c              0x00000000   Number         0  llushr.o ABSOLUTE
    ../clib/microlib/longlong.c              0x00000000   Number         0  llsshr.o ABSOLUTE
    ../clib/microlib/printf/printf.c         0x00000000   Number         0  printfa.o ABSOLUTE
    ../clib/microlib/stdio/fputc.c           0x00000000   Number         0  fputc.o ABSOLUTE
    ../clib/microlib/stdio/semi.s            0x00000000   Number         0  semi.o ABSOLUTE
    ../clib/microlib/stdio/streams.c         0x00000000   Number         0  stdout.o ABSOLUTE
    ../clib/microlib/string/memcpy.c         0x00000000   Number         0  memcpyb.o ABSOLUTE
    ../clib/microlib/string/memcpy.c         0x00000000   Number         0  memcpya.o ABSOLUTE
    ../clib/microlib/string/memset.c         0x00000000   Number         0  memseta.o ABSOLUTE
    ../clib/microlib/string/strcpy.c         0x00000000   Number         0  strcpy.o ABSOLUTE
    ../clib/microlib/string/strlen.c         0x00000000   Number         0  strlen.o ABSOLUTE
    ../clib/microlib/stubs.s                 0x00000000   Number         0  iusesemip.o ABSOLUTE
    ../clib/microlib/stubs.s                 0x00000000   Number         0  iusefp.o ABSOLUTE
    ../fplib/microlib/fpadd.c                0x00000000   Number         0  dadd.o ABSOLUTE
    ../fplib/microlib/fpdiv.c                0x00000000   Number         0  ddiv.o ABSOLUTE
    ../fplib/microlib/fpepilogue.c           0x00000000   Number         0  depilogue.o ABSOLUTE
    ../fplib/microlib/fpfix.c                0x00000000   Number         0  dfixul.o ABSOLUTE
    ../fplib/microlib/fpmul.c                0x00000000   Number         0  dmul.o ABSOLUTE
    ..\App\app_main.c                        0x00000000   Number         0  app_main.o ABSOLUTE
    ..\Drivers\STM32F4xx_HAL_Driver\Src\stm32f4xx_hal.c 0x00000000   Number         0  stm32f4xx_hal.o ABSOLUTE
    ..\Drivers\STM32F4xx_HAL_Driver\Src\stm32f4xx_hal_cortex.c 0x00000000   Number         0  stm32f4xx_hal_cortex.o ABSOLUTE
    ..\Drivers\STM32F4xx_HAL_Driver\Src\stm32f4xx_hal_dma.c 0x00000000   Number         0  stm32f4xx_hal_dma.o ABSOLUTE
    ..\Drivers\STM32F4xx_HAL_Driver\Src\stm32f4xx_hal_dma_ex.c 0x00000000   Number         0  stm32f4xx_hal_dma_ex.o ABSOLUTE
    ..\Drivers\STM32F4xx_HAL_Driver\Src\stm32f4xx_hal_exti.c 0x00000000   Number         0  stm32f4xx_hal_exti.o ABSOLUTE
    ..\Drivers\STM32F4xx_HAL_Driver\Src\stm32f4xx_hal_flash.c 0x00000000   Number         0  stm32f4xx_hal_flash.o ABSOLUTE
    ..\Drivers\STM32F4xx_HAL_Driver\Src\stm32f4xx_hal_flash_ex.c 0x00000000   Number         0  stm32f4xx_hal_flash_ex.o ABSOLUTE
    ..\Drivers\STM32F4xx_HAL_Driver\Src\stm32f4xx_hal_flash_ramfunc.c 0x00000000   Number         0  stm32f4xx_hal_flash_ramfunc.o ABSOLUTE
    ..\Drivers\STM32F4xx_HAL_Driver\Src\stm32f4xx_hal_gpio.c 0x00000000   Number         0  stm32f4xx_hal_gpio.o ABSOLUTE
    ..\Drivers\STM32F4xx_HAL_Driver\Src\stm32f4xx_hal_pwr.c 0x00000000   Number         0  stm32f4xx_hal_pwr.o ABSOLUTE
    ..\Drivers\STM32F4xx_HAL_Driver\Src\stm32f4xx_hal_pwr_ex.c 0x00000000   Number         0  stm32f4xx_hal_pwr_ex.o ABSOLUTE
    ..\Drivers\STM32F4xx_HAL_Driver\Src\stm32f4xx_hal_rcc.c 0x00000000   Number         0  stm32f4xx_hal_rcc.o ABSOLUTE
    ..\Drivers\STM32F4xx_HAL_Driver\Src\stm32f4xx_hal_rcc_ex.c 0x00000000   Number         0  stm32f4xx_hal_rcc_ex.o ABSOLUTE
    ..\Drivers\STM32F4xx_HAL_Driver\Src\stm32f4xx_hal_spi.c 0x00000000   Number         0  stm32f4xx_hal_spi.o ABSOLUTE
    ..\Drivers\STM32F4xx_HAL_Driver\Src\stm32f4xx_hal_tim.c 0x00000000   Number         0  stm32f4xx_hal_tim.o ABSOLUTE
    ..\Drivers\STM32F4xx_HAL_Driver\Src\stm32f4xx_hal_tim_ex.c 0x00000000   Number         0  stm32f4xx_hal_tim_ex.o ABSOLUTE
    ..\Drivers\STM32F4xx_HAL_Driver\Src\stm32f4xx_hal_uart.c 0x00000000   Number         0  stm32f4xx_hal_uart.o ABSOLUTE
    ..\Src\gpio.c                            0x00000000   Number         0  gpio.o ABSOLUTE
    ..\Src\main.c                            0x00000000   Number         0  main.o ABSOLUTE
    ..\Src\spi.c                             0x00000000   Number         0  spi.o ABSOLUTE
    ..\Src\stm32f4xx_hal_msp.c               0x00000000   Number         0  stm32f4xx_hal_msp.o ABSOLUTE
    ..\Src\stm32f4xx_it.c                    0x00000000   Number         0  stm32f4xx_it.o ABSOLUTE
    ..\Src\sys.c                             0x00000000   Number         0  sys.o ABSOLUTE
    ..\Src\system_stm32f4xx.c                0x00000000   Number         0  system_stm32f4xx.o ABSOLUTE
    ..\Src\usart.c                           0x00000000   Number         0  usart.o ABSOLUTE
    ..\\App\\app_main.c                      0x00000000   Number         0  app_main.o ABSOLUTE
    ..\\ucosii_kernel\\ucos_cfg\\app_hooks.c 0x00000000   Number         0  app_hooks.o ABSOLUTE
    ..\\ucosii_kernel\\ucos_debug\\debug.c   0x00000000   Number         0  debug.o ABSOLUTE
    ..\\ucosii_kernel\\ucosii\\Ports\\ARM-Cortex-M4\\Generic\\RealView\\os_cpu_c.c 0x00000000   Number         0  os_cpu_c.o ABSOLUTE
    ..\ucosii_kernel\ucos_cfg\app_hooks.c    0x00000000   Number         0  app_hooks.o ABSOLUTE
    ..\ucosii_kernel\ucos_cpu\ARM-Cortex-M4\RealView\cpu_a.asm 0x00000000   Number         0  cpu_a.o ABSOLUTE
    ..\ucosii_kernel\ucos_cpu\ARM-Cortex-M4\RealView\cpu_c.c 0x00000000   Number         0  cpu_c.o ABSOLUTE
    ..\ucosii_kernel\ucos_cpu\cpu_core.c     0x00000000   Number         0  cpu_core.o ABSOLUTE
    ..\ucosii_kernel\ucos_debug\RTT\SEGGER_RTT.c 0x00000000   Number         0  segger_rtt.o ABSOLUTE
    ..\ucosii_kernel\ucos_debug\debug.c      0x00000000   Number         0  debug.o ABSOLUTE
    ..\ucosii_kernel\ucos_lib\Ports\ARM-Cortex-M4\RealView\lib_mem_a.asm 0x00000000   Number         0  lib_mem_a.o ABSOLUTE
    ..\ucosii_kernel\ucos_lib\lib_ascii.c    0x00000000   Number         0  lib_ascii.o ABSOLUTE
    ..\ucosii_kernel\ucos_lib\lib_math.c     0x00000000   Number         0  lib_math.o ABSOLUTE
    ..\ucosii_kernel\ucos_lib\lib_mem.c      0x00000000   Number         0  lib_mem.o ABSOLUTE
    ..\ucosii_kernel\ucos_lib\lib_str.c      0x00000000   Number         0  lib_str.o ABSOLUTE
    ..\ucosii_kernel\ucosii\Ports\ARM-Cortex-M4\Generic\RealView\os_cpu_a.asm 0x00000000   Number         0  os_cpu_a.o ABSOLUTE
    ..\ucosii_kernel\ucosii\Ports\ARM-Cortex-M4\Generic\RealView\os_cpu_c.c 0x00000000   Number         0  os_cpu_c.o ABSOLUTE
    ..\ucosii_kernel\ucosii\Source\os_core.c 0x00000000   Number         0  os_core.o ABSOLUTE
    ..\ucosii_kernel\ucosii\Source\os_flag.c 0x00000000   Number         0  os_flag.o ABSOLUTE
    ..\ucosii_kernel\ucosii\Source\os_mbox.c 0x00000000   Number         0  os_mbox.o ABSOLUTE
    ..\ucosii_kernel\ucosii\Source\os_mem.c  0x00000000   Number         0  os_mem.o ABSOLUTE
    ..\ucosii_kernel\ucosii\Source\os_mutex.c 0x00000000   Number         0  os_mutex.o ABSOLUTE
    ..\ucosii_kernel\ucosii\Source\os_q.c    0x00000000   Number         0  os_q.o ABSOLUTE
    ..\ucosii_kernel\ucosii\Source\os_sem.c  0x00000000   Number         0  os_sem.o ABSOLUTE
    ..\ucosii_kernel\ucosii\Source\os_task.c 0x00000000   Number         0  os_task.o ABSOLUTE
    ..\ucosii_kernel\ucosii\Source\os_time.c 0x00000000   Number         0  os_time.o ABSOLUTE
    ..\ucosii_kernel\ucosii\Source\os_tmr.c  0x00000000   Number         0  os_tmr.o ABSOLUTE
    cdrcmple.s                               0x00000000   Number         0  cdrcmple.o ABSOLUTE
    dc.s                                     0x00000000   Number         0  dc.o ABSOLUTE
    handlers.s                               0x00000000   Number         0  handlers.o ABSOLUTE
    init.s                                   0x00000000   Number         0  init.o ABSOLUTE
    startup_stm32f407xx.s                    0x00000000   Number         0  startup_stm32f407xx.o ABSOLUTE
    RESET                                    0x08000000   Section      392  startup_stm32f407xx.o(RESET)
    .ARM.Collect$$$$00000000                 0x08000188   Section        0  entry.o(.ARM.Collect$$$$00000000)
    .ARM.Collect$$$$00000001                 0x08000188   Section        4  entry2.o(.ARM.Collect$$$$00000001)
    .ARM.Collect$$$$00000004                 0x0800018c   Section        4  entry5.o(.ARM.Collect$$$$00000004)
    .ARM.Collect$$$$00000008                 0x08000190   Section        0  entry7b.o(.ARM.Collect$$$$00000008)
    .ARM.Collect$$$$0000000A                 0x08000190   Section        0  entry8b.o(.ARM.Collect$$$$0000000A)
    .ARM.Collect$$$$0000000B                 0x08000190   Section        8  entry9a.o(.ARM.Collect$$$$0000000B)
    .ARM.Collect$$$$0000000D                 0x08000198   Section        0  entry10a.o(.ARM.Collect$$$$0000000D)
    .ARM.Collect$$$$0000000F                 0x08000198   Section        0  entry11a.o(.ARM.Collect$$$$0000000F)
    .ARM.Collect$$$$00002712                 0x08000198   Section        4  entry2.o(.ARM.Collect$$$$00002712)
    __lit__00000000                          0x08000198   Data           4  entry2.o(.ARM.Collect$$$$00002712)
    .text                                    0x0800019c   Section       36  startup_stm32f407xx.o(.text)
    $v0                                      0x0800019c   Number         0  startup_stm32f407xx.o(.text)
    .text                                    0x080001c0   Section      220  os_cpu_a.o(.text)
    $v0                                      0x080001c0   Number         0  os_cpu_a.o(.text)
    .text                                    0x0800029c   Section        0  uldiv.o(.text)
    .text                                    0x080002fe   Section        0  memcpya.o(.text)
    .text                                    0x08000322   Section        0  memseta.o(.text)
    .text                                    0x08000346   Section        0  strlen.o(.text)
    .text                                    0x08000354   Section        0  strcpy.o(.text)
    .text                                    0x08000366   Section        0  uidiv.o(.text)
    .text                                    0x08000392   Section        0  llshl.o(.text)
    .text                                    0x080003b0   Section        0  llushr.o(.text)
    .text                                    0x080003d0   Section        0  dadd.o(.text)
    .text                                    0x080003d0   Section        0  iusefp.o(.text)
    .text                                    0x0800051e   Section        0  dmul.o(.text)
    .text                                    0x08000602   Section        0  ddiv.o(.text)
    .text                                    0x080006e0   Section        0  dfixul.o(.text)
    .text                                    0x08000710   Section       48  cdrcmple.o(.text)
    .text                                    0x08000740   Section       36  init.o(.text)
    .text                                    0x08000764   Section        0  llsshr.o(.text)
    .text                                    0x08000788   Section        0  depilogue.o(.text)
    i.App_TCBInitHook                        0x08000842   Section        0  app_hooks.o(i.App_TCBInitHook)
    i.App_TaskCreateHook                     0x08000844   Section        0  app_hooks.o(i.App_TaskCreateHook)
    i.App_TaskDelHook                        0x08000846   Section        0  app_hooks.o(i.App_TaskDelHook)
    i.App_TaskIdleHook                       0x08000848   Section        0  app_hooks.o(i.App_TaskIdleHook)
    i.App_TaskReturnHook                     0x0800084a   Section        0  app_hooks.o(i.App_TaskReturnHook)
    i.App_TaskStatHook                       0x0800084c   Section        0  app_hooks.o(i.App_TaskStatHook)
    i.App_TaskSwHook                         0x0800084e   Section        0  app_hooks.o(i.App_TaskSwHook)
    i.App_TimeTickHook                       0x08000850   Section        0  app_hooks.o(i.App_TimeTickHook)
    i.BusFault_Handler                       0x08000852   Section        0  stm32f4xx_it.o(i.BusFault_Handler)
    i.DebugMon_Handler                       0x08000854   Section        0  stm32f4xx_it.o(i.DebugMon_Handler)
    i.Error_Handler                          0x08000856   Section        0  main.o(i.Error_Handler)
    i.HAL_DMA_Abort_IT                       0x08000858   Section        0  stm32f4xx_hal_dma.o(i.HAL_DMA_Abort_IT)
    i.HAL_GPIO_Init                          0x0800087c   Section        0  stm32f4xx_hal_gpio.o(i.HAL_GPIO_Init)
    i.HAL_GPIO_TogglePin                     0x08000a34   Section        0  stm32f4xx_hal_gpio.o(i.HAL_GPIO_TogglePin)
    i.HAL_GPIO_WritePin                      0x08000a42   Section        0  stm32f4xx_hal_gpio.o(i.HAL_GPIO_WritePin)
    i.HAL_GetTick                            0x08000a4c   Section        0  stm32f4xx_hal.o(i.HAL_GetTick)
    i.HAL_IncTick                            0x08000a58   Section        0  stm32f4xx_hal.o(i.HAL_IncTick)
    i.HAL_Init                               0x08000a68   Section        0  stm32f4xx_hal.o(i.HAL_Init)
    i.HAL_InitTick                           0x08000a9c   Section        0  stm32f4xx_hal.o(i.HAL_InitTick)
    i.HAL_MspInit                            0x08000adc   Section        0  stm32f4xx_hal_msp.o(i.HAL_MspInit)
    i.HAL_NVIC_EnableIRQ                     0x08000b0c   Section        0  stm32f4xx_hal_cortex.o(i.HAL_NVIC_EnableIRQ)
    i.HAL_NVIC_SetPriority                   0x08000b28   Section        0  stm32f4xx_hal_cortex.o(i.HAL_NVIC_SetPriority)
    i.HAL_NVIC_SetPriorityGrouping           0x08000b68   Section        0  stm32f4xx_hal_cortex.o(i.HAL_NVIC_SetPriorityGrouping)
    i.HAL_RCC_ClockConfig                    0x08000b8c   Section        0  stm32f4xx_hal_rcc.o(i.HAL_RCC_ClockConfig)
    i.HAL_RCC_GetHCLKFreq                    0x08000cc0   Section        0  stm32f4xx_hal_rcc.o(i.HAL_RCC_GetHCLKFreq)
    i.HAL_RCC_GetPCLK1Freq                   0x08000ccc   Section        0  stm32f4xx_hal_rcc.o(i.HAL_RCC_GetPCLK1Freq)
    i.HAL_RCC_GetPCLK2Freq                   0x08000cec   Section        0  stm32f4xx_hal_rcc.o(i.HAL_RCC_GetPCLK2Freq)
    i.HAL_RCC_GetSysClockFreq                0x08000d0c   Section        0  stm32f4xx_hal_rcc.o(i.HAL_RCC_GetSysClockFreq)
    i.HAL_RCC_OscConfig                      0x08000d70   Section        0  stm32f4xx_hal_rcc.o(i.HAL_RCC_OscConfig)
    i.HAL_SPI_Init                           0x080010cc   Section        0  stm32f4xx_hal_spi.o(i.HAL_SPI_Init)
    i.HAL_SPI_MspInit                        0x0800114c   Section        0  spi.o(i.HAL_SPI_MspInit)
    i.HAL_SYSTICK_Config                     0x080011b4   Section        0  stm32f4xx_hal_cortex.o(i.HAL_SYSTICK_Config)
    i.HAL_UART_ErrorCallback                 0x080011dc   Section        0  stm32f4xx_hal_uart.o(i.HAL_UART_ErrorCallback)
    i.HAL_UART_IRQHandler                    0x080011e0   Section        0  stm32f4xx_hal_uart.o(i.HAL_UART_IRQHandler)
    i.HAL_UART_Init                          0x080012f4   Section        0  stm32f4xx_hal_uart.o(i.HAL_UART_Init)
    i.HAL_UART_MspInit                       0x08001358   Section        0  usart.o(i.HAL_UART_MspInit)
    i.HAL_UART_RxCpltCallback                0x080013d4   Section        0  stm32f4xx_hal_uart.o(i.HAL_UART_RxCpltCallback)
    i.HAL_UART_TxCpltCallback                0x080013d6   Section        0  stm32f4xx_hal_uart.o(i.HAL_UART_TxCpltCallback)
    i.HardFault_Handler                      0x080013d8   Section        0  stm32f4xx_it.o(i.HardFault_Handler)
    i.MX_GPIO_Init                           0x080013dc   Section        0  gpio.o(i.MX_GPIO_Init)
    i.MX_SPI1_Init                           0x0800143c   Section        0  spi.o(i.MX_SPI1_Init)
    i.MX_USART1_UART_Init                    0x08001480   Section        0  usart.o(i.MX_USART1_UART_Init)
    i.MemManage_Handler                      0x080014b8   Section        0  stm32f4xx_it.o(i.MemManage_Handler)
    i.NMI_Handler                            0x080014ba   Section        0  stm32f4xx_it.o(i.NMI_Handler)
    i.OSInit                                 0x080014bc   Section        0  os_core.o(i.OSInit)
    i.OSInitHookBegin                        0x0800158c   Section        0  os_cpu_c.o(i.OSInitHookBegin)
    i.OSInitHookEnd                          0x080015b0   Section        0  os_cpu_c.o(i.OSInitHookEnd)
    i.OSIntExit                              0x080015b4   Section        0  os_core.o(i.OSIntExit)
    i.OSStart                                0x08001610   Section        0  os_core.o(i.OSStart)
    i.OSTCBInitHook                          0x08001640   Section        0  os_cpu_c.o(i.OSTCBInitHook)
    i.OSTaskCreate                           0x08001644   Section        0  os_task.o(i.OSTaskCreate)
    i.OSTaskCreateExt                        0x080016cc   Section        0  os_task.o(i.OSTaskCreateExt)
    i.OSTaskCreateHook                       0x08001768   Section        0  os_cpu_c.o(i.OSTaskCreateHook)
    i.OSTaskDel                              0x0800176c   Section        0  os_task.o(i.OSTaskDel)
    i.OSTaskDelHook                          0x080018ac   Section        0  os_cpu_c.o(i.OSTaskDelHook)
    i.OSTaskIdleHook                         0x080018b0   Section        0  os_cpu_c.o(i.OSTaskIdleHook)
    i.OSTaskNameSet                          0x080018b4   Section        0  os_task.o(i.OSTaskNameSet)
    i.OSTaskReturnHook                       0x0800190c   Section        0  os_cpu_c.o(i.OSTaskReturnHook)
    i.OSTaskStatHook                         0x08001910   Section        0  os_cpu_c.o(i.OSTaskStatHook)
    i.OSTaskStkChk                           0x08001914   Section        0  os_task.o(i.OSTaskStkChk)
    i.OSTaskStkInit                          0x08001984   Section        0  os_cpu_c.o(i.OSTaskStkInit)
    i.OSTaskSuspend                          0x08001b34   Section        0  os_task.o(i.OSTaskSuspend)
    i.OSTaskSwHook                           0x08001bc4   Section        0  os_cpu_c.o(i.OSTaskSwHook)
    i.OSTimeDly                              0x08001bf8   Section        0  os_time.o(i.OSTimeDly)
    i.OSTimeDlyHMSM                          0x08001c60   Section        0  os_time.o(i.OSTimeDlyHMSM)
    i.OSTimeTick                             0x08001cb0   Section        0  os_core.o(i.OSTimeTick)
    i.OSTimeTickHook                         0x08001d50   Section        0  os_cpu_c.o(i.OSTimeTickHook)
    i.OS_CPU_SysTickInit                     0x08001d54   Section        0  os_cpu_c.o(i.OS_CPU_SysTickInit)
    i.OS_CPU_SysTickInitFreq                 0x08001d7c   Section        0  os_cpu_c.o(i.OS_CPU_SysTickInitFreq)
    i.OS_Dummy                               0x08001d88   Section        0  os_core.o(i.OS_Dummy)
    i.OS_EventTaskRemove                     0x08001d8a   Section        0  os_core.o(i.OS_EventTaskRemove)
    i.OS_EventTaskRemoveMulti                0x08001dae   Section        0  os_core.o(i.OS_EventTaskRemoveMulti)
    i.OS_FlagInit                            0x08001dd8   Section        0  os_flag.o(i.OS_FlagInit)
    i.OS_FlagUnlink                          0x08001e20   Section        0  os_flag.o(i.OS_FlagUnlink)
    i.OS_InitEventList                       0x08001e40   Section        0  os_core.o(i.OS_InitEventList)
    OS_InitEventList                         0x08001e41   Thumb Code    74  os_core.o(i.OS_InitEventList)
    i.OS_InitMisc                            0x08001e98   Section        0  os_core.o(i.OS_InitMisc)
    OS_InitMisc                              0x08001e99   Thumb Code    28  os_core.o(i.OS_InitMisc)
    i.OS_InitTCBList                         0x08001eb8   Section        0  os_core.o(i.OS_InitTCBList)
    OS_InitTCBList                           0x08001eb9   Thumb Code    92  os_core.o(i.OS_InitTCBList)
    i.OS_MemClr                              0x08001f24   Section        0  os_core.o(i.OS_MemClr)
    i.OS_QInit                               0x08001f38   Section        0  os_q.o(i.OS_QInit)
    i.OS_Sched                               0x08001f78   Section        0  os_core.o(i.OS_Sched)
    i.OS_SchedNew                            0x08001fc0   Section        0  os_core.o(i.OS_SchedNew)
    OS_SchedNew                              0x08001fc1   Thumb Code    24  os_core.o(i.OS_SchedNew)
    i.OS_TCBInit                             0x08001fe0   Section        0  os_core.o(i.OS_TCBInit)
    i.OS_TaskIdle                            0x080020d4   Section        0  os_core.o(i.OS_TaskIdle)
    i.OS_TaskReturn                          0x080020f0   Section        0  os_task.o(i.OS_TaskReturn)
    i.OS_TaskStat                            0x08002108   Section        0  os_core.o(i.OS_TaskStat)
    i.OS_TaskStatStkChk                      0x08002170   Section        0  os_core.o(i.OS_TaskStatStkChk)
    i.OS_TaskStkClr                          0x080021a8   Section        0  os_task.o(i.OS_TaskStkClr)
    i.SEGGER_RTT_Write                       0x080021c0   Section        0  segger_rtt.o(i.SEGGER_RTT_Write)
    i.SEGGER_RTT_WriteNoLock                 0x080021f8   Section        0  segger_rtt.o(i.SEGGER_RTT_WriteNoLock)
    i.SEGGER_RTT_WriteString                 0x08002254   Section        0  segger_rtt.o(i.SEGGER_RTT_WriteString)
    i.SVC_Handler                            0x0800226e   Section        0  stm32f4xx_it.o(i.SVC_Handler)
    i.SysTick_Handler                        0x08002270   Section        0  stm32f4xx_it.o(i.SysTick_Handler)
    i.SystemClock_Config                     0x08002298   Section        0  main.o(i.SystemClock_Config)
    i.SystemInit                             0x0800231c   Section        0  system_stm32f4xx.o(i.SystemInit)
    i.UART_DMAAbortOnError                   0x08002338   Section        0  stm32f4xx_hal_uart.o(i.UART_DMAAbortOnError)
    UART_DMAAbortOnError                     0x08002339   Thumb Code    16  stm32f4xx_hal_uart.o(i.UART_DMAAbortOnError)
    i.UART_EndRxTransfer                     0x08002348   Section        0  stm32f4xx_hal_uart.o(i.UART_EndRxTransfer)
    UART_EndRxTransfer                       0x08002349   Thumb Code    28  stm32f4xx_hal_uart.o(i.UART_EndRxTransfer)
    i.UART_Receive_IT                        0x08002364   Section        0  stm32f4xx_hal_uart.o(i.UART_Receive_IT)
    UART_Receive_IT                          0x08002365   Thumb Code   150  stm32f4xx_hal_uart.o(i.UART_Receive_IT)
    i.UART_SetConfig                         0x080023fc   Section        0  stm32f4xx_hal_uart.o(i.UART_SetConfig)
    UART_SetConfig                           0x080023fd   Thumb Code   286  stm32f4xx_hal_uart.o(i.UART_SetConfig)
    i.UART_Transmit_IT                       0x08002524   Section        0  stm32f4xx_hal_uart.o(i.UART_Transmit_IT)
    UART_Transmit_IT                         0x08002525   Thumb Code    98  stm32f4xx_hal_uart.o(i.UART_Transmit_IT)
    i.USART1_IRQHandler                      0x08002588   Section        0  stm32f4xx_it.o(i.USART1_IRQHandler)
    i.UsageFault_Handler                     0x08002594   Section        0  stm32f4xx_it.o(i.UsageFault_Handler)
    i._DoInit                                0x08002598   Section        0  segger_rtt.o(i._DoInit)
    _DoInit                                  0x08002599   Thumb Code    76  segger_rtt.o(i._DoInit)
    i._GetAvailWriteSpace                    0x08002600   Section        0  segger_rtt.o(i._GetAvailWriteSpace)
    _GetAvailWriteSpace                      0x08002601   Thumb Code    22  segger_rtt.o(i._GetAvailWriteSpace)
    i._WriteBlocking                         0x08002616   Section        0  segger_rtt.o(i._WriteBlocking)
    _WriteBlocking                           0x08002617   Thumb Code    90  segger_rtt.o(i._WriteBlocking)
    i._WriteNoCheck                          0x08002670   Section        0  segger_rtt.o(i._WriteNoCheck)
    _WriteNoCheck                            0x08002671   Thumb Code    66  segger_rtt.o(i._WriteNoCheck)
    i.__0vsnprintf                           0x080026b4   Section        0  printfa.o(i.__0vsnprintf)
    i.__NVIC_SetPriority                     0x080026e0   Section        0  stm32f4xx_hal_cortex.o(i.__NVIC_SetPriority)
    __NVIC_SetPriority                       0x080026e1   Thumb Code    32  stm32f4xx_hal_cortex.o(i.__NVIC_SetPriority)
    i.__scatterload_copy                     0x08002700   Section       14  handlers.o(i.__scatterload_copy)
    i.__scatterload_null                     0x0800270e   Section        2  handlers.o(i.__scatterload_null)
    i.__scatterload_zeroinit                 0x08002710   Section       14  handlers.o(i.__scatterload_zeroinit)
    i._fp_digits                             0x08002720   Section        0  printfa.o(i._fp_digits)
    _fp_digits                               0x08002721   Thumb Code   366  printfa.o(i._fp_digits)
    i._printf_core                           0x080028a4   Section        0  printfa.o(i._printf_core)
    _printf_core                             0x080028a5   Thumb Code  1744  printfa.o(i._printf_core)
    i._printf_post_padding                   0x08002f80   Section        0  printfa.o(i._printf_post_padding)
    _printf_post_padding                     0x08002f81   Thumb Code    36  printfa.o(i._printf_post_padding)
    i._printf_pre_padding                    0x08002fa4   Section        0  printfa.o(i._printf_pre_padding)
    _printf_pre_padding                      0x08002fa5   Thumb Code    46  printfa.o(i._printf_pre_padding)
    i._snputc                                0x08002fd2   Section        0  printfa.o(i._snputc)
    _snputc                                  0x08002fd3   Thumb Code    22  printfa.o(i._snputc)
    i.create_app_task                        0x08002fe8   Section        0  app_main.o(i.create_app_task)
    i.led_blink_task                         0x0800303c   Section        0  app_main.o(i.led_blink_task)
    i.main                                   0x08003058   Section        0  main.o(i.main)
    i.remove_none_printable_char             0x08003082   Section        0  debug.o(i.remove_none_printable_char)
    i.rt_hw_console_output                   0x080030a2   Section        0  debug.o(i.rt_hw_console_output)
    i.uart_task                              0x080030c4   Section        0  app_main.o(i.uart_task)
    i.ucos_kprintf                           0x080030e8   Section        0  debug.o(i.ucos_kprintf)
    i.ucos_show_version                      0x0800310c   Section        0  app_main.o(i.ucos_show_version)
    .constdata                               0x080031c0   Section       16  system_stm32f4xx.o(.constdata)
    .constdata                               0x080031d0   Section        8  system_stm32f4xx.o(.constdata)
    .constdata                               0x080031d8   Section      256  os_core.o(.constdata)
    .data                                    0x20000000   Section       12  stm32f4xx_hal.o(.data)
    .data                                    0x2000000c   Section        4  system_stm32f4xx.o(.data)
    .data                                    0x20000010   Section        4  os_cpu_c.o(.data)
    .data                                    0x20000014   Section       60  os_core.o(.data)
    .data                                    0x20000050   Section        4  os_core.o(.data)
    .data                                    0x20000054   Section        4  os_core.o(.data)
    .bss                                     0x20000058   Section       88  spi.o(.bss)
    .bss                                     0x200000b0   Section       64  usart.o(.bss)
    .bss                                     0x200000f0   Section      512  os_cpu_c.o(.bss)
    .bss                                     0x200002f0   Section     3696  os_core.o(.bss)
    .bss                                     0x20001160   Section       80  os_core.o(.bss)
    .bss                                     0x200011b0   Section       96  os_core.o(.bss)
    .bss                                     0x20001210   Section      512  debug.o(.bss)
    rt_log_buf                               0x20001210   Data         512  debug.o(.bss)
    .bss                                     0x20001410   Section     2232  segger_rtt.o(.bss)
    _acUpBuffer                              0x200014b8   Data        2048  segger_rtt.o(.bss)
    _acDownBuffer                            0x20001cb8   Data          16  segger_rtt.o(.bss)
    .bss                                     0x20001cc8   Section     1024  app_main.o(.bss)
    STACK                                    0x200020c8   Section     1024  startup_stm32f407xx.o(STACK)

    Global Symbols

    Symbol Name                              Value     Ov Type        Size  Object(Section)

    BuildAttributes$$THM_ISAv4$E$P$D$K$B$S$7EM$VFPi3$EXTD16$VFPS$VFMA$PE$A:L22UL41UL21$X:L11$S22US41US21$IEEE1$IW$USESV6$~STKCKD$USESV7$~SHL$OSPACE$ROPI$EBA8$MICROLIB$REQ8$PRES8$EABIv2 0x00000000   Number         0  anon$$obj.o ABSOLUTE
    __ARM_use_no_argv                        0x00000000   Number         0  main.o ABSOLUTE
    __cpp_initialize__aeabi_                  - Undefined Weak Reference
    __cxa_finalize                            - Undefined Weak Reference
    __decompress                              - Undefined Weak Reference
    _clock_init                               - Undefined Weak Reference
    _microlib_exit                            - Undefined Weak Reference
    __Vectors_Size                           0x00000188   Number         0  startup_stm32f407xx.o ABSOLUTE
    __Vectors                                0x08000000   Data           4  startup_stm32f407xx.o(RESET)
    __Vectors_End                            0x08000188   Data           0  startup_stm32f407xx.o(RESET)
    __main                                   0x08000189   Thumb Code     0  entry.o(.ARM.Collect$$$$00000000)
    _main_stk                                0x08000189   Thumb Code     0  entry2.o(.ARM.Collect$$$$00000001)
    _main_scatterload                        0x0800018d   Thumb Code     0  entry5.o(.ARM.Collect$$$$00000004)
    __main_after_scatterload                 0x08000191   Thumb Code     0  entry5.o(.ARM.Collect$$$$00000004)
    _main_clock                              0x08000191   Thumb Code     0  entry7b.o(.ARM.Collect$$$$00000008)
    _main_cpp_init                           0x08000191   Thumb Code     0  entry8b.o(.ARM.Collect$$$$0000000A)
    _main_init                               0x08000191   Thumb Code     0  entry9a.o(.ARM.Collect$$$$0000000B)
    __rt_final_cpp                           0x08000199   Thumb Code     0  entry10a.o(.ARM.Collect$$$$0000000D)
    __rt_final_exit                          0x08000199   Thumb Code     0  entry11a.o(.ARM.Collect$$$$0000000F)
    Reset_Handler                            0x0800019d   Thumb Code     8  startup_stm32f407xx.o(.text)
    ADC_IRQHandler                           0x080001b7   Thumb Code     0  startup_stm32f407xx.o(.text)
    CAN1_RX0_IRQHandler                      0x080001b7   Thumb Code     0  startup_stm32f407xx.o(.text)
    CAN1_RX1_IRQHandler                      0x080001b7   Thumb Code     0  startup_stm32f407xx.o(.text)
    CAN1_SCE_IRQHandler                      0x080001b7   Thumb Code     0  startup_stm32f407xx.o(.text)
    CAN1_TX_IRQHandler                       0x080001b7   Thumb Code     0  startup_stm32f407xx.o(.text)
    CAN2_RX0_IRQHandler                      0x080001b7   Thumb Code     0  startup_stm32f407xx.o(.text)
    CAN2_RX1_IRQHandler                      0x080001b7   Thumb Code     0  startup_stm32f407xx.o(.text)
    CAN2_SCE_IRQHandler                      0x080001b7   Thumb Code     0  startup_stm32f407xx.o(.text)
    CAN2_TX_IRQHandler                       0x080001b7   Thumb Code     0  startup_stm32f407xx.o(.text)
    DCMI_IRQHandler                          0x080001b7   Thumb Code     0  startup_stm32f407xx.o(.text)
    DMA1_Stream0_IRQHandler                  0x080001b7   Thumb Code     0  startup_stm32f407xx.o(.text)
    DMA1_Stream1_IRQHandler                  0x080001b7   Thumb Code     0  startup_stm32f407xx.o(.text)
    DMA1_Stream2_IRQHandler                  0x080001b7   Thumb Code     0  startup_stm32f407xx.o(.text)
    DMA1_Stream3_IRQHandler                  0x080001b7   Thumb Code     0  startup_stm32f407xx.o(.text)
    DMA1_Stream4_IRQHandler                  0x080001b7   Thumb Code     0  startup_stm32f407xx.o(.text)
    DMA1_Stream5_IRQHandler                  0x080001b7   Thumb Code     0  startup_stm32f407xx.o(.text)
    DMA1_Stream6_IRQHandler                  0x080001b7   Thumb Code     0  startup_stm32f407xx.o(.text)
    DMA1_Stream7_IRQHandler                  0x080001b7   Thumb Code     0  startup_stm32f407xx.o(.text)
    DMA2_Stream0_IRQHandler                  0x080001b7   Thumb Code     0  startup_stm32f407xx.o(.text)
    DMA2_Stream1_IRQHandler                  0x080001b7   Thumb Code     0  startup_stm32f407xx.o(.text)
    DMA2_Stream2_IRQHandler                  0x080001b7   Thumb Code     0  startup_stm32f407xx.o(.text)
    DMA2_Stream3_IRQHandler                  0x080001b7   Thumb Code     0  startup_stm32f407xx.o(.text)
    DMA2_Stream4_IRQHandler                  0x080001b7   Thumb Code     0  startup_stm32f407xx.o(.text)
    DMA2_Stream5_IRQHandler                  0x080001b7   Thumb Code     0  startup_stm32f407xx.o(.text)
    DMA2_Stream6_IRQHandler                  0x080001b7   Thumb Code     0  startup_stm32f407xx.o(.text)
    DMA2_Stream7_IRQHandler                  0x080001b7   Thumb Code     0  startup_stm32f407xx.o(.text)
    ETH_IRQHandler                           0x080001b7   Thumb Code     0  startup_stm32f407xx.o(.text)
    ETH_WKUP_IRQHandler                      0x080001b7   Thumb Code     0  startup_stm32f407xx.o(.text)
    EXTI0_IRQHandler                         0x080001b7   Thumb Code     0  startup_stm32f407xx.o(.text)
    EXTI15_10_IRQHandler                     0x080001b7   Thumb Code     0  startup_stm32f407xx.o(.text)
    EXTI1_IRQHandler                         0x080001b7   Thumb Code     0  startup_stm32f407xx.o(.text)
    EXTI2_IRQHandler                         0x080001b7   Thumb Code     0  startup_stm32f407xx.o(.text)
    EXTI3_IRQHandler                         0x080001b7   Thumb Code     0  startup_stm32f407xx.o(.text)
    EXTI4_IRQHandler                         0x080001b7   Thumb Code     0  startup_stm32f407xx.o(.text)
    EXTI9_5_IRQHandler                       0x080001b7   Thumb Code     0  startup_stm32f407xx.o(.text)
    FLASH_IRQHandler                         0x080001b7   Thumb Code     0  startup_stm32f407xx.o(.text)
    FMC_IRQHandler                           0x080001b7   Thumb Code     0  startup_stm32f407xx.o(.text)
    FPU_IRQHandler                           0x080001b7   Thumb Code     0  startup_stm32f407xx.o(.text)
    HASH_RNG_IRQHandler                      0x080001b7   Thumb Code     0  startup_stm32f407xx.o(.text)
    I2C1_ER_IRQHandler                       0x080001b7   Thumb Code     0  startup_stm32f407xx.o(.text)
    I2C1_EV_IRQHandler                       0x080001b7   Thumb Code     0  startup_stm32f407xx.o(.text)
    I2C2_ER_IRQHandler                       0x080001b7   Thumb Code     0  startup_stm32f407xx.o(.text)
    I2C2_EV_IRQHandler                       0x080001b7   Thumb Code     0  startup_stm32f407xx.o(.text)
    I2C3_ER_IRQHandler                       0x080001b7   Thumb Code     0  startup_stm32f407xx.o(.text)
    I2C3_EV_IRQHandler                       0x080001b7   Thumb Code     0  startup_stm32f407xx.o(.text)
    OTG_FS_IRQHandler                        0x080001b7   Thumb Code     0  startup_stm32f407xx.o(.text)
    OTG_FS_WKUP_IRQHandler                   0x080001b7   Thumb Code     0  startup_stm32f407xx.o(.text)
    OTG_HS_EP1_IN_IRQHandler                 0x080001b7   Thumb Code     0  startup_stm32f407xx.o(.text)
    OTG_HS_EP1_OUT_IRQHandler                0x080001b7   Thumb Code     0  startup_stm32f407xx.o(.text)
    OTG_HS_IRQHandler                        0x080001b7   Thumb Code     0  startup_stm32f407xx.o(.text)
    OTG_HS_WKUP_IRQHandler                   0x080001b7   Thumb Code     0  startup_stm32f407xx.o(.text)
    PVD_IRQHandler                           0x080001b7   Thumb Code     0  startup_stm32f407xx.o(.text)
    RCC_IRQHandler                           0x080001b7   Thumb Code     0  startup_stm32f407xx.o(.text)
    RTC_Alarm_IRQHandler                     0x080001b7   Thumb Code     0  startup_stm32f407xx.o(.text)
    RTC_WKUP_IRQHandler                      0x080001b7   Thumb Code     0  startup_stm32f407xx.o(.text)
    SDIO_IRQHandler                          0x080001b7   Thumb Code     0  startup_stm32f407xx.o(.text)
    SPI1_IRQHandler                          0x080001b7   Thumb Code     0  startup_stm32f407xx.o(.text)
    SPI2_IRQHandler                          0x080001b7   Thumb Code     0  startup_stm32f407xx.o(.text)
    SPI3_IRQHandler                          0x080001b7   Thumb Code     0  startup_stm32f407xx.o(.text)
    TAMP_STAMP_IRQHandler                    0x080001b7   Thumb Code     0  startup_stm32f407xx.o(.text)
    TIM1_BRK_TIM9_IRQHandler                 0x080001b7   Thumb Code     0  startup_stm32f407xx.o(.text)
    TIM1_CC_IRQHandler                       0x080001b7   Thumb Code     0  startup_stm32f407xx.o(.text)
    TIM1_TRG_COM_TIM11_IRQHandler            0x080001b7   Thumb Code     0  startup_stm32f407xx.o(.text)
    TIM1_UP_TIM10_IRQHandler                 0x080001b7   Thumb Code     0  startup_stm32f407xx.o(.text)
    TIM2_IRQHandler                          0x080001b7   Thumb Code     0  startup_stm32f407xx.o(.text)
    TIM3_IRQHandler                          0x080001b7   Thumb Code     0  startup_stm32f407xx.o(.text)
    TIM4_IRQHandler                          0x080001b7   Thumb Code     0  startup_stm32f407xx.o(.text)
    TIM5_IRQHandler                          0x080001b7   Thumb Code     0  startup_stm32f407xx.o(.text)
    TIM6_DAC_IRQHandler                      0x080001b7   Thumb Code     0  startup_stm32f407xx.o(.text)
    TIM7_IRQHandler                          0x080001b7   Thumb Code     0  startup_stm32f407xx.o(.text)
    TIM8_BRK_TIM12_IRQHandler                0x080001b7   Thumb Code     0  startup_stm32f407xx.o(.text)
    TIM8_CC_IRQHandler                       0x080001b7   Thumb Code     0  startup_stm32f407xx.o(.text)
    TIM8_TRG_COM_TIM14_IRQHandler            0x080001b7   Thumb Code     0  startup_stm32f407xx.o(.text)
    TIM8_UP_TIM13_IRQHandler                 0x080001b7   Thumb Code     0  startup_stm32f407xx.o(.text)
    UART4_IRQHandler                         0x080001b7   Thumb Code     0  startup_stm32f407xx.o(.text)
    UART5_IRQHandler                         0x080001b7   Thumb Code     0  startup_stm32f407xx.o(.text)
    USART2_IRQHandler                        0x080001b7   Thumb Code     0  startup_stm32f407xx.o(.text)
    USART3_IRQHandler                        0x080001b7   Thumb Code     0  startup_stm32f407xx.o(.text)
    USART6_IRQHandler                        0x080001b7   Thumb Code     0  startup_stm32f407xx.o(.text)
    WWDG_IRQHandler                          0x080001b7   Thumb Code     0  startup_stm32f407xx.o(.text)
    OS_CPU_FP_Reg_Push                       0x080001c1   Thumb Code     0  os_cpu_a.o(.text)
    OS_CPU_FP_Reg_Pop                        0x080001db   Thumb Code     0  os_cpu_a.o(.text)
    OS_CPU_SR_Save                           0x080001ed   Thumb Code     0  os_cpu_a.o(.text)
    OS_CPU_SR_Restore                        0x080001f5   Thumb Code     0  os_cpu_a.o(.text)
    OSStartHighRdy                           0x080001fb   Thumb Code     0  os_cpu_a.o(.text)
    OSCtxSw                                  0x08000223   Thumb Code     0  os_cpu_a.o(.text)
    OSIntCtxSw                               0x0800022d   Thumb Code     0  os_cpu_a.o(.text)
    PendSV_Handler                           0x08000237   Thumb Code     0  os_cpu_a.o(.text)
    __aeabi_uldivmod                         0x0800029d   Thumb Code    98  uldiv.o(.text)
    __aeabi_memcpy                           0x080002ff   Thumb Code    36  memcpya.o(.text)
    __aeabi_memcpy4                          0x080002ff   Thumb Code     0  memcpya.o(.text)
    __aeabi_memcpy8                          0x080002ff   Thumb Code     0  memcpya.o(.text)
    __aeabi_memset                           0x08000323   Thumb Code    14  memseta.o(.text)
    __aeabi_memset4                          0x08000323   Thumb Code     0  memseta.o(.text)
    __aeabi_memset8                          0x08000323   Thumb Code     0  memseta.o(.text)
    __aeabi_memclr                           0x08000331   Thumb Code     4  memseta.o(.text)
    __aeabi_memclr4                          0x08000331   Thumb Code     0  memseta.o(.text)
    __aeabi_memclr8                          0x08000331   Thumb Code     0  memseta.o(.text)
    _memset$wrapper                          0x08000335   Thumb Code    18  memseta.o(.text)
    strlen                                   0x08000347   Thumb Code    14  strlen.o(.text)
    strcpy                                   0x08000355   Thumb Code    18  strcpy.o(.text)
    __aeabi_uidiv                            0x08000367   Thumb Code     0  uidiv.o(.text)
    __aeabi_uidivmod                         0x08000367   Thumb Code    44  uidiv.o(.text)
    __aeabi_llsl                             0x08000393   Thumb Code    30  llshl.o(.text)
    _ll_shift_l                              0x08000393   Thumb Code     0  llshl.o(.text)
    __aeabi_llsr                             0x080003b1   Thumb Code    32  llushr.o(.text)
    _ll_ushift_r                             0x080003b1   Thumb Code     0  llushr.o(.text)
    __I$use$fp                               0x080003d1   Thumb Code     0  iusefp.o(.text)
    __aeabi_dadd                             0x080003d1   Thumb Code   322  dadd.o(.text)
    __aeabi_dsub                             0x08000513   Thumb Code     6  dadd.o(.text)
    __aeabi_drsub                            0x08000519   Thumb Code     6  dadd.o(.text)
    __aeabi_dmul                             0x0800051f   Thumb Code   228  dmul.o(.text)
    __aeabi_ddiv                             0x08000603   Thumb Code   222  ddiv.o(.text)
    __aeabi_d2ulz                            0x080006e1   Thumb Code    48  dfixul.o(.text)
    __aeabi_cdrcmple                         0x08000711   Thumb Code    48  cdrcmple.o(.text)
    __scatterload                            0x08000741   Thumb Code    28  init.o(.text)
    __scatterload_rt2                        0x08000741   Thumb Code     0  init.o(.text)
    __aeabi_lasr                             0x08000765   Thumb Code    36  llsshr.o(.text)
    _ll_sshift_r                             0x08000765   Thumb Code     0  llsshr.o(.text)
    _double_round                            0x08000789   Thumb Code    30  depilogue.o(.text)
    _double_epilogue                         0x080007a7   Thumb Code   156  depilogue.o(.text)
    App_TCBInitHook                          0x08000843   Thumb Code     2  app_hooks.o(i.App_TCBInitHook)
    App_TaskCreateHook                       0x08000845   Thumb Code     2  app_hooks.o(i.App_TaskCreateHook)
    App_TaskDelHook                          0x08000847   Thumb Code     2  app_hooks.o(i.App_TaskDelHook)
    App_TaskIdleHook                         0x08000849   Thumb Code     2  app_hooks.o(i.App_TaskIdleHook)
    App_TaskReturnHook                       0x0800084b   Thumb Code     2  app_hooks.o(i.App_TaskReturnHook)
    App_TaskStatHook                         0x0800084d   Thumb Code     2  app_hooks.o(i.App_TaskStatHook)
    App_TaskSwHook                           0x0800084f   Thumb Code     2  app_hooks.o(i.App_TaskSwHook)
    App_TimeTickHook                         0x08000851   Thumb Code     2  app_hooks.o(i.App_TimeTickHook)
    BusFault_Handler                         0x08000853   Thumb Code     2  stm32f4xx_it.o(i.BusFault_Handler)
    DebugMon_Handler                         0x08000855   Thumb Code     2  stm32f4xx_it.o(i.DebugMon_Handler)
    Error_Handler                            0x08000857   Thumb Code     2  main.o(i.Error_Handler)
    HAL_DMA_Abort_IT                         0x08000859   Thumb Code    36  stm32f4xx_hal_dma.o(i.HAL_DMA_Abort_IT)
    HAL_GPIO_Init                            0x0800087d   Thumb Code   394  stm32f4xx_hal_gpio.o(i.HAL_GPIO_Init)
    HAL_GPIO_TogglePin                       0x08000a35   Thumb Code    14  stm32f4xx_hal_gpio.o(i.HAL_GPIO_TogglePin)
    HAL_GPIO_WritePin                        0x08000a43   Thumb Code    10  stm32f4xx_hal_gpio.o(i.HAL_GPIO_WritePin)
    HAL_GetTick                              0x08000a4d   Thumb Code     6  stm32f4xx_hal.o(i.HAL_GetTick)
    HAL_IncTick                              0x08000a59   Thumb Code    12  stm32f4xx_hal.o(i.HAL_IncTick)
    HAL_Init                                 0x08000a69   Thumb Code    48  stm32f4xx_hal.o(i.HAL_Init)
    HAL_InitTick                             0x08000a9d   Thumb Code    54  stm32f4xx_hal.o(i.HAL_InitTick)
    HAL_MspInit                              0x08000add   Thumb Code    42  stm32f4xx_hal_msp.o(i.HAL_MspInit)
    HAL_NVIC_EnableIRQ                       0x08000b0d   Thumb Code    26  stm32f4xx_hal_cortex.o(i.HAL_NVIC_EnableIRQ)
    HAL_NVIC_SetPriority                     0x08000b29   Thumb Code    60  stm32f4xx_hal_cortex.o(i.HAL_NVIC_SetPriority)
    HAL_NVIC_SetPriorityGrouping             0x08000b69   Thumb Code    26  stm32f4xx_hal_cortex.o(i.HAL_NVIC_SetPriorityGrouping)
    HAL_RCC_ClockConfig                      0x08000b8d   Thumb Code   288  stm32f4xx_hal_rcc.o(i.HAL_RCC_ClockConfig)
    HAL_RCC_GetHCLKFreq                      0x08000cc1   Thumb Code     6  stm32f4xx_hal_rcc.o(i.HAL_RCC_GetHCLKFreq)
    HAL_RCC_GetPCLK1Freq                     0x08000ccd   Thumb Code    20  stm32f4xx_hal_rcc.o(i.HAL_RCC_GetPCLK1Freq)
    HAL_RCC_GetPCLK2Freq                     0x08000ced   Thumb Code    20  stm32f4xx_hal_rcc.o(i.HAL_RCC_GetPCLK2Freq)
    HAL_RCC_GetSysClockFreq                  0x08000d0d   Thumb Code    88  stm32f4xx_hal_rcc.o(i.HAL_RCC_GetSysClockFreq)
    HAL_RCC_OscConfig                        0x08000d71   Thumb Code   834  stm32f4xx_hal_rcc.o(i.HAL_RCC_OscConfig)
    HAL_SPI_Init                             0x080010cd   Thumb Code   128  stm32f4xx_hal_spi.o(i.HAL_SPI_Init)
    HAL_SPI_MspInit                          0x0800114d   Thumb Code    92  spi.o(i.HAL_SPI_MspInit)
    HAL_SYSTICK_Config                       0x080011b5   Thumb Code    40  stm32f4xx_hal_cortex.o(i.HAL_SYSTICK_Config)
    HAL_UART_ErrorCallback                   0x080011dd   Thumb Code     2  stm32f4xx_hal_uart.o(i.HAL_UART_ErrorCallback)
    HAL_UART_IRQHandler                      0x080011e1   Thumb Code   270  stm32f4xx_hal_uart.o(i.HAL_UART_IRQHandler)
    HAL_UART_Init                            0x080012f5   Thumb Code    98  stm32f4xx_hal_uart.o(i.HAL_UART_Init)
    HAL_UART_MspInit                         0x08001359   Thumb Code   110  usart.o(i.HAL_UART_MspInit)
    HAL_UART_RxCpltCallback                  0x080013d5   Thumb Code     2  stm32f4xx_hal_uart.o(i.HAL_UART_RxCpltCallback)
    HAL_UART_TxCpltCallback                  0x080013d7   Thumb Code     2  stm32f4xx_hal_uart.o(i.HAL_UART_TxCpltCallback)
    HardFault_Handler                        0x080013d9   Thumb Code     2  stm32f4xx_it.o(i.HardFault_Handler)
    MX_GPIO_Init                             0x080013dd   Thumb Code    86  gpio.o(i.MX_GPIO_Init)
    MX_SPI1_Init                             0x0800143d   Thumb Code    60  spi.o(i.MX_SPI1_Init)
    MX_USART1_UART_Init                      0x08001481   Thumb Code    48  usart.o(i.MX_USART1_UART_Init)
    MemManage_Handler                        0x080014b9   Thumb Code     2  stm32f4xx_it.o(i.MemManage_Handler)
    NMI_Handler                              0x080014bb   Thumb Code     2  stm32f4xx_it.o(i.NMI_Handler)
    OSInit                                   0x080014bd   Thumb Code   150  os_core.o(i.OSInit)
    OSInitHookBegin                          0x0800158d   Thumb Code    24  os_cpu_c.o(i.OSInitHookBegin)
    OSInitHookEnd                            0x080015b1   Thumb Code     2  os_cpu_c.o(i.OSInitHookEnd)
    OSIntExit                                0x080015b5   Thumb Code    82  os_core.o(i.OSIntExit)
    OSStart                                  0x08001611   Thumb Code    38  os_core.o(i.OSStart)
    OSTCBInitHook                            0x08001641   Thumb Code     4  os_cpu_c.o(i.OSTCBInitHook)
    OSTaskCreate                             0x08001645   Thumb Code   124  os_task.o(i.OSTaskCreate)
    OSTaskCreateExt                          0x080016cd   Thumb Code   144  os_task.o(i.OSTaskCreateExt)
    OSTaskCreateHook                         0x08001769   Thumb Code     4  os_cpu_c.o(i.OSTaskCreateHook)
    OSTaskDel                                0x0800176d   Thumb Code   274  os_task.o(i.OSTaskDel)
    OSTaskDelHook                            0x080018ad   Thumb Code     4  os_cpu_c.o(i.OSTaskDelHook)
    OSTaskIdleHook                           0x080018b1   Thumb Code     4  os_cpu_c.o(i.OSTaskIdleHook)
    OSTaskNameSet                            0x080018b5   Thumb Code    76  os_task.o(i.OSTaskNameSet)
    OSTaskReturnHook                         0x0800190d   Thumb Code     4  os_cpu_c.o(i.OSTaskReturnHook)
    OSTaskStatHook                           0x08001911   Thumb Code     4  os_cpu_c.o(i.OSTaskStatHook)
    OSTaskStkChk                             0x08001915   Thumb Code   104  os_task.o(i.OSTaskStkChk)
    OSTaskStkInit                            0x08001985   Thumb Code   324  os_cpu_c.o(i.OSTaskStkInit)
    OSTaskSuspend                            0x08001b35   Thumb Code   128  os_task.o(i.OSTaskSuspend)
    OSTaskSwHook                             0x08001bc5   Thumb Code    42  os_cpu_c.o(i.OSTaskSwHook)
    OSTimeDly                                0x08001bf9   Thumb Code    82  os_time.o(i.OSTimeDly)
    OSTimeDlyHMSM                            0x08001c61   Thumb Code    70  os_time.o(i.OSTimeDlyHMSM)
    OSTimeTick                               0x08001cb1   Thumb Code   154  os_core.o(i.OSTimeTick)
    OSTimeTickHook                           0x08001d51   Thumb Code     4  os_cpu_c.o(i.OSTimeTickHook)
    OS_CPU_SysTickInit                       0x08001d55   Thumb Code    36  os_cpu_c.o(i.OS_CPU_SysTickInit)
    OS_CPU_SysTickInitFreq                   0x08001d7d   Thumb Code    12  os_cpu_c.o(i.OS_CPU_SysTickInitFreq)
    OS_Dummy                                 0x08001d89   Thumb Code     2  os_core.o(i.OS_Dummy)
    OS_EventTaskRemove                       0x08001d8b   Thumb Code    36  os_core.o(i.OS_EventTaskRemove)
    OS_EventTaskRemoveMulti                  0x08001daf   Thumb Code    40  os_core.o(i.OS_EventTaskRemoveMulti)
    OS_FlagInit                              0x08001dd9   Thumb Code    60  os_flag.o(i.OS_FlagInit)
    OS_FlagUnlink                            0x08001e21   Thumb Code    32  os_flag.o(i.OS_FlagUnlink)
    OS_MemClr                                0x08001f25   Thumb Code    18  os_core.o(i.OS_MemClr)
    OS_QInit                                 0x08001f39   Thumb Code    56  os_q.o(i.OS_QInit)
    OS_Sched                                 0x08001f79   Thumb Code    64  os_core.o(i.OS_Sched)
    OS_TCBInit                               0x08001fe1   Thumb Code   230  os_core.o(i.OS_TCBInit)
    OS_TaskIdle                              0x080020d5   Thumb Code    24  os_core.o(i.OS_TaskIdle)
    OS_TaskReturn                            0x080020f1   Thumb Code    20  os_task.o(i.OS_TaskReturn)
    OS_TaskStat                              0x08002109   Thumb Code   100  os_core.o(i.OS_TaskStat)
    OS_TaskStatStkChk                        0x08002171   Thumb Code    50  os_core.o(i.OS_TaskStatStkChk)
    OS_TaskStkClr                            0x080021a9   Thumb Code    22  os_task.o(i.OS_TaskStkClr)
    SEGGER_RTT_Write                         0x080021c1   Thumb Code    50  segger_rtt.o(i.SEGGER_RTT_Write)
    SEGGER_RTT_WriteNoLock                   0x080021f9   Thumb Code    86  segger_rtt.o(i.SEGGER_RTT_WriteNoLock)
    SEGGER_RTT_WriteString                   0x08002255   Thumb Code    26  segger_rtt.o(i.SEGGER_RTT_WriteString)
    SVC_Handler                              0x0800226f   Thumb Code     2  stm32f4xx_it.o(i.SVC_Handler)
    SysTick_Handler                          0x08002271   Thumb Code    34  stm32f4xx_it.o(i.SysTick_Handler)
    SystemClock_Config                       0x08002299   Thumb Code   124  main.o(i.SystemClock_Config)
    SystemInit                               0x0800231d   Thumb Code    22  system_stm32f4xx.o(i.SystemInit)
    USART1_IRQHandler                        0x08002589   Thumb Code     6  stm32f4xx_it.o(i.USART1_IRQHandler)
    UsageFault_Handler                       0x08002595   Thumb Code     2  stm32f4xx_it.o(i.UsageFault_Handler)
    __0vsnprintf                             0x080026b5   Thumb Code    40  printfa.o(i.__0vsnprintf)
    __1vsnprintf                             0x080026b5   Thumb Code     0  printfa.o(i.__0vsnprintf)
    __2vsnprintf                             0x080026b5   Thumb Code     0  printfa.o(i.__0vsnprintf)
    __c89vsnprintf                           0x080026b5   Thumb Code     0  printfa.o(i.__0vsnprintf)
    vsnprintf                                0x080026b5   Thumb Code     0  printfa.o(i.__0vsnprintf)
    __scatterload_copy                       0x08002701   Thumb Code    14  handlers.o(i.__scatterload_copy)
    __scatterload_null                       0x0800270f   Thumb Code     2  handlers.o(i.__scatterload_null)
    __scatterload_zeroinit                   0x08002711   Thumb Code    14  handlers.o(i.__scatterload_zeroinit)
    create_app_task                          0x08002fe9   Thumb Code    40  app_main.o(i.create_app_task)
    led_blink_task                           0x0800303d   Thumb Code    22  app_main.o(i.led_blink_task)
    main                                     0x08003059   Thumb Code    42  main.o(i.main)
    remove_none_printable_char               0x08003083   Thumb Code    32  debug.o(i.remove_none_printable_char)
    rt_hw_console_output                     0x080030a3   Thumb Code    34  debug.o(i.rt_hw_console_output)
    uart_task                                0x080030c5   Thumb Code    32  app_main.o(i.uart_task)
    ucos_kprintf                             0x080030e9   Thumb Code    30  debug.o(i.ucos_kprintf)
    ucos_show_version                        0x0800310d   Thumb Code    40  app_main.o(i.ucos_show_version)
    AHBPrescTable                            0x080031c0   Data          16  system_stm32f4xx.o(.constdata)
    APBPrescTable                            0x080031d0   Data           8  system_stm32f4xx.o(.constdata)
    OSUnMapTbl                               0x080031d8   Data         256  os_core.o(.constdata)
    Region$$Table$$Base                      0x080032d8   Number         0  anon$$obj.o(Region$$Table)
    Region$$Table$$Limit                     0x080032f8   Number         0  anon$$obj.o(Region$$Table)
    uwTickFreq                               0x20000000   Data           1  stm32f4xx_hal.o(.data)
    uwTickPrio                               0x20000004   Data           4  stm32f4xx_hal.o(.data)
    uwTick                                   0x20000008   Data           4  stm32f4xx_hal.o(.data)
    SystemCoreClock                          0x2000000c   Data           4  system_stm32f4xx.o(.data)
    OS_CPU_ExceptStkBase                     0x20000010   Data           4  os_cpu_c.o(.data)
    OSCPUUsage                               0x20000014   Data           1  os_core.o(.data)
    OSStatRdy                                0x20000015   Data           1  os_core.o(.data)
    OSIntNesting                             0x20000016   Data           1  os_core.o(.data)
    OSLockNesting                            0x20000017   Data           1  os_core.o(.data)
    OSPrioCur                                0x20000018   Data           1  os_core.o(.data)
    OSPrioHighRdy                            0x20000019   Data           1  os_core.o(.data)
    OSRdyGrp                                 0x2000001a   Data           1  os_core.o(.data)
    OSRunning                                0x2000001b   Data           1  os_core.o(.data)
    OSTaskCtr                                0x2000001c   Data           1  os_core.o(.data)
    OSTickStepState                          0x2000001d   Data           1  os_core.o(.data)
    OSTaskRegNextAvailID                     0x2000001e   Data           1  os_core.o(.data)
    OSCtxSwCtr                               0x20000020   Data           4  os_core.o(.data)
    OSEventFreeList                          0x20000024   Data           4  os_core.o(.data)
    OSIdleCtrMax                             0x20000028   Data           4  os_core.o(.data)
    OSIdleCtrRun                             0x2000002c   Data           4  os_core.o(.data)
    OSIdleCtr                                0x20000030   Data           4  os_core.o(.data)
    OSTCBCur                                 0x20000034   Data           4  os_core.o(.data)
    OSTCBFreeList                            0x20000038   Data           4  os_core.o(.data)
    OSTCBHighRdy                             0x2000003c   Data           4  os_core.o(.data)
    OSTCBList                                0x20000040   Data           4  os_core.o(.data)
    OSTime                                   0x20000044   Data           4  os_core.o(.data)
    OSRdyTbl                                 0x20000048   Data           8  os_core.o(.data)
    OSFlagFreeList                           0x20000050   Data           4  os_core.o(.data)
    OSQFreeList                              0x20000054   Data           4  os_core.o(.data)
    hspi1                                    0x20000058   Data          88  spi.o(.bss)
    huart1                                   0x200000b0   Data          64  usart.o(.bss)
    OS_CPU_ExceptStk                         0x200000f0   Data         512  os_cpu_c.o(.bss)
    OSEventTbl                               0x200002f0   Data         480  os_core.o(.bss)
    OSTaskStatStk                            0x200004d0   Data         512  os_core.o(.bss)
    OSTaskIdleStk                            0x200006d0   Data         512  os_core.o(.bss)
    OSTCBPrioTbl                             0x200008d0   Data         256  os_core.o(.bss)
    OSTCBTbl                                 0x200009d0   Data        1936  os_core.o(.bss)
    OSFlagTbl                                0x20001160   Data          80  os_core.o(.bss)
    OSQTbl                                   0x200011b0   Data          96  os_core.o(.bss)
    _SEGGER_RTT                              0x20001410   Data         168  segger_rtt.o(.bss)
    led_blink_stake                          0x20001cc8   Data         512  app_main.o(.bss)
    uart_stake                               0x20001ec8   Data         512  app_main.o(.bss)
    __initial_sp                             0x200024c8   Data           0  startup_stm32f407xx.o(STACK)



==============================================================================

Memory Map of the image

  Image Entry point : 0x08000189

  Load Region LR_IROM1 (Base: 0x08000000, Size: 0x00003350, Max: 0x00100000, ABSOLUTE)

    Execution Region ER_IROM1 (Exec base: 0x08000000, Load base: 0x08000000, Size: 0x000032f8, Max: 0x00100000, ABSOLUTE)

    Exec Addr    Load Addr    Size         Type   Attr      Idx    E Section Name        Object

    0x08000000   0x08000000   0x00000188   Data   RO            3    RESET               startup_stm32f407xx.o
    0x08000188   0x08000188   0x00000000   Code   RO         4072  * .ARM.Collect$$$$00000000  mc_w.l(entry.o)
    0x08000188   0x08000188   0x00000004   Code   RO         4115    .ARM.Collect$$$$00000001  mc_w.l(entry2.o)
    0x0800018c   0x0800018c   0x00000004   Code   RO         4118    .ARM.Collect$$$$00000004  mc_w.l(entry5.o)
    0x08000190   0x08000190   0x00000000   Code   RO         4120    .ARM.Collect$$$$00000008  mc_w.l(entry7b.o)
    0x08000190   0x08000190   0x00000000   Code   RO         4122    .ARM.Collect$$$$0000000A  mc_w.l(entry8b.o)
    0x08000190   0x08000190   0x00000008   Code   RO         4123    .ARM.Collect$$$$0000000B  mc_w.l(entry9a.o)
    0x08000198   0x08000198   0x00000000   Code   RO         4125    .ARM.Collect$$$$0000000D  mc_w.l(entry10a.o)
    0x08000198   0x08000198   0x00000000   Code   RO         4127    .ARM.Collect$$$$0000000F  mc_w.l(entry11a.o)
    0x08000198   0x08000198   0x00000004   Code   RO         4116    .ARM.Collect$$$$00002712  mc_w.l(entry2.o)
    0x0800019c   0x0800019c   0x00000024   Code   RO            4    .text               startup_stm32f407xx.o
    0x080001c0   0x080001c0   0x000000dc   Code   RO         2571    .text               os_cpu_a.o
    0x0800029c   0x0800029c   0x00000062   Code   RO         4075    .text               mc_w.l(uldiv.o)
    0x080002fe   0x080002fe   0x00000024   Code   RO         4077    .text               mc_w.l(memcpya.o)
    0x08000322   0x08000322   0x00000024   Code   RO         4079    .text               mc_w.l(memseta.o)
    0x08000346   0x08000346   0x0000000e   Code   RO         4081    .text               mc_w.l(strlen.o)
    0x08000354   0x08000354   0x00000012   Code   RO         4083    .text               mc_w.l(strcpy.o)
    0x08000366   0x08000366   0x0000002c   Code   RO         4132    .text               mc_w.l(uidiv.o)
    0x08000392   0x08000392   0x0000001e   Code   RO         4134    .text               mc_w.l(llshl.o)
    0x080003b0   0x080003b0   0x00000020   Code   RO         4136    .text               mc_w.l(llushr.o)
    0x080003d0   0x080003d0   0x00000000   Code   RO         4138    .text               mc_w.l(iusefp.o)
    0x080003d0   0x080003d0   0x0000014e   Code   RO         4139    .text               mf_w.l(dadd.o)
    0x0800051e   0x0800051e   0x000000e4   Code   RO         4141    .text               mf_w.l(dmul.o)
    0x08000602   0x08000602   0x000000de   Code   RO         4143    .text               mf_w.l(ddiv.o)
    0x080006e0   0x080006e0   0x00000030   Code   RO         4145    .text               mf_w.l(dfixul.o)
    0x08000710   0x08000710   0x00000030   Code   RO         4147    .text               mf_w.l(cdrcmple.o)
    0x08000740   0x08000740   0x00000024   Code   RO         4149    .text               mc_w.l(init.o)
    0x08000764   0x08000764   0x00000024   Code   RO         4152    .text               mc_w.l(llsshr.o)
    0x08000788   0x08000788   0x000000ba   Code   RO         4155    .text               mf_w.l(depilogue.o)
    0x08000842   0x08000842   0x00000002   Code   RO         3964    i.App_TCBInitHook   app_hooks.o
    0x08000844   0x08000844   0x00000002   Code   RO         3965    i.App_TaskCreateHook  app_hooks.o
    0x08000846   0x08000846   0x00000002   Code   RO         3966    i.App_TaskDelHook   app_hooks.o
    0x08000848   0x08000848   0x00000002   Code   RO         3967    i.App_TaskIdleHook  app_hooks.o
    0x0800084a   0x0800084a   0x00000002   Code   RO         3968    i.App_TaskReturnHook  app_hooks.o
    0x0800084c   0x0800084c   0x00000002   Code   RO         3969    i.App_TaskStatHook  app_hooks.o
    0x0800084e   0x0800084e   0x00000002   Code   RO         3970    i.App_TaskSwHook    app_hooks.o
    0x08000850   0x08000850   0x00000002   Code   RO         3971    i.App_TimeTickHook  app_hooks.o
    0x08000852   0x08000852   0x00000002   Code   RO          303    i.BusFault_Handler  stm32f4xx_it.o
    0x08000854   0x08000854   0x00000002   Code   RO          304    i.DebugMon_Handler  stm32f4xx_it.o
    0x08000856   0x08000856   0x00000002   Code   RO           13    i.Error_Handler     main.o
    0x08000858   0x08000858   0x00000024   Code   RO         1188    i.HAL_DMA_Abort_IT  stm32f4xx_hal_dma.o
    0x0800087c   0x0800087c   0x000001b8   Code   RO         1080    i.HAL_GPIO_Init     stm32f4xx_hal_gpio.o
    0x08000a34   0x08000a34   0x0000000e   Code   RO         1083    i.HAL_GPIO_TogglePin  stm32f4xx_hal_gpio.o
    0x08000a42   0x08000a42   0x0000000a   Code   RO         1084    i.HAL_GPIO_WritePin  stm32f4xx_hal_gpio.o
    0x08000a4c   0x08000a4c   0x0000000c   Code   RO         1612    i.HAL_GetTick       stm32f4xx_hal.o
    0x08000a58   0x08000a58   0x00000010   Code   RO         1618    i.HAL_IncTick       stm32f4xx_hal.o
    0x08000a68   0x08000a68   0x00000034   Code   RO         1619    i.HAL_Init          stm32f4xx_hal.o
    0x08000a9c   0x08000a9c   0x00000040   Code   RO         1620    i.HAL_InitTick      stm32f4xx_hal.o
    0x08000adc   0x08000adc   0x00000030   Code   RO          379    i.HAL_MspInit       stm32f4xx_hal_msp.o
    0x08000b0c   0x08000b0c   0x0000001a   Code   RO         1469    i.HAL_NVIC_EnableIRQ  stm32f4xx_hal_cortex.o
    0x08000b26   0x08000b26   0x00000002   PAD
    0x08000b28   0x08000b28   0x00000040   Code   RO         1475    i.HAL_NVIC_SetPriority  stm32f4xx_hal_cortex.o
    0x08000b68   0x08000b68   0x00000024   Code   RO         1476    i.HAL_NVIC_SetPriorityGrouping  stm32f4xx_hal_cortex.o
    0x08000b8c   0x08000b8c   0x00000134   Code   RO          726    i.HAL_RCC_ClockConfig  stm32f4xx_hal_rcc.o
    0x08000cc0   0x08000cc0   0x0000000c   Code   RO          731    i.HAL_RCC_GetHCLKFreq  stm32f4xx_hal_rcc.o
    0x08000ccc   0x08000ccc   0x00000020   Code   RO          733    i.HAL_RCC_GetPCLK1Freq  stm32f4xx_hal_rcc.o
    0x08000cec   0x08000cec   0x00000020   Code   RO          734    i.HAL_RCC_GetPCLK2Freq  stm32f4xx_hal_rcc.o
    0x08000d0c   0x08000d0c   0x00000064   Code   RO          735    i.HAL_RCC_GetSysClockFreq  stm32f4xx_hal_rcc.o
    0x08000d70   0x08000d70   0x0000035c   Code   RO          738    i.HAL_RCC_OscConfig  stm32f4xx_hal_rcc.o
    0x080010cc   0x080010cc   0x00000080   Code   RO          414    i.HAL_SPI_Init      stm32f4xx_hal_spi.o
    0x0800114c   0x0800114c   0x00000068   Code   RO          193    i.HAL_SPI_MspInit   spi.o
    0x080011b4   0x080011b4   0x00000028   Code   RO         1480    i.HAL_SYSTICK_Config  stm32f4xx_hal_cortex.o
    0x080011dc   0x080011dc   0x00000002   Code   RO         1914    i.HAL_UART_ErrorCallback  stm32f4xx_hal_uart.o
    0x080011de   0x080011de   0x00000002   PAD
    0x080011e0   0x080011e0   0x00000114   Code   RO         1917    i.HAL_UART_IRQHandler  stm32f4xx_hal_uart.o
    0x080012f4   0x080012f4   0x00000062   Code   RO         1918    i.HAL_UART_Init     stm32f4xx_hal_uart.o
    0x08001356   0x08001356   0x00000002   PAD
    0x08001358   0x08001358   0x0000007c   Code   RO          262    i.HAL_UART_MspInit  usart.o
    0x080013d4   0x080013d4   0x00000002   Code   RO         1924    i.HAL_UART_RxCpltCallback  stm32f4xx_hal_uart.o
    0x080013d6   0x080013d6   0x00000002   Code   RO         1929    i.HAL_UART_TxCpltCallback  stm32f4xx_hal_uart.o
    0x080013d8   0x080013d8   0x00000002   Code   RO          305    i.HardFault_Handler  stm32f4xx_it.o
    0x080013da   0x080013da   0x00000002   PAD
    0x080013dc   0x080013dc   0x00000060   Code   RO          168    i.MX_GPIO_Init      gpio.o
    0x0800143c   0x0800143c   0x00000044   Code   RO          194    i.MX_SPI1_Init      spi.o
    0x08001480   0x08001480   0x00000038   Code   RO          263    i.MX_USART1_UART_Init  usart.o
    0x080014b8   0x080014b8   0x00000002   Code   RO          306    i.MemManage_Handler  stm32f4xx_it.o
    0x080014ba   0x080014ba   0x00000002   Code   RO          307    i.NMI_Handler       stm32f4xx_it.o
    0x080014bc   0x080014bc   0x000000d0   Code   RO         2577    i.OSInit            os_core.o
    0x0800158c   0x0800158c   0x00000024   Code   RO         2439    i.OSInitHookBegin   os_cpu_c.o
    0x080015b0   0x080015b0   0x00000002   Code   RO         2440    i.OSInitHookEnd     os_cpu_c.o
    0x080015b2   0x080015b2   0x00000002   PAD
    0x080015b4   0x080015b4   0x0000005c   Code   RO         2579    i.OSIntExit         os_core.o
    0x08001610   0x08001610   0x00000030   Code   RO         2582    i.OSStart           os_core.o
    0x08001640   0x08001640   0x00000004   Code   RO         2441    i.OSTCBInitHook     os_cpu_c.o
    0x08001644   0x08001644   0x00000088   Code   RO         3088    i.OSTaskCreate      os_task.o
    0x080016cc   0x080016cc   0x0000009c   Code   RO         3089    i.OSTaskCreateExt   os_task.o
    0x08001768   0x08001768   0x00000004   Code   RO         2442    i.OSTaskCreateHook  os_cpu_c.o
    0x0800176c   0x0800176c   0x00000140   Code   RO         3090    i.OSTaskDel         os_task.o
    0x080018ac   0x080018ac   0x00000004   Code   RO         2443    i.OSTaskDelHook     os_cpu_c.o
    0x080018b0   0x080018b0   0x00000004   Code   RO         2444    i.OSTaskIdleHook    os_cpu_c.o
    0x080018b4   0x080018b4   0x00000058   Code   RO         3093    i.OSTaskNameSet     os_task.o
    0x0800190c   0x0800190c   0x00000004   Code   RO         2445    i.OSTaskReturnHook  os_cpu_c.o
    0x08001910   0x08001910   0x00000004   Code   RO         2446    i.OSTaskStatHook    os_cpu_c.o
    0x08001914   0x08001914   0x00000070   Code   RO         3099    i.OSTaskStkChk      os_task.o
    0x08001984   0x08001984   0x000001b0   Code   RO         2447    i.OSTaskStkInit     os_cpu_c.o
    0x08001b34   0x08001b34   0x00000090   Code   RO         3100    i.OSTaskSuspend     os_task.o
    0x08001bc4   0x08001bc4   0x00000034   Code   RO         2448    i.OSTaskSwHook      os_cpu_c.o
    0x08001bf8   0x08001bf8   0x00000068   Code   RO         3189    i.OSTimeDly         os_time.o
    0x08001c60   0x08001c60   0x00000050   Code   RO         3190    i.OSTimeDlyHMSM     os_time.o
    0x08001cb0   0x08001cb0   0x000000a0   Code   RO         2584    i.OSTimeTick        os_core.o
    0x08001d50   0x08001d50   0x00000004   Code   RO         2449    i.OSTimeTickHook    os_cpu_c.o
    0x08001d54   0x08001d54   0x00000028   Code   RO         2451    i.OS_CPU_SysTickInit  os_cpu_c.o
    0x08001d7c   0x08001d7c   0x0000000c   Code   RO         2452    i.OS_CPU_SysTickInitFreq  os_cpu_c.o
    0x08001d88   0x08001d88   0x00000002   Code   RO         2586    i.OS_Dummy          os_core.o
    0x08001d8a   0x08001d8a   0x00000024   Code   RO         2588    i.OS_EventTaskRemove  os_core.o
    0x08001dae   0x08001dae   0x00000028   Code   RO         2589    i.OS_EventTaskRemoveMulti  os_core.o
    0x08001dd6   0x08001dd6   0x00000002   PAD
    0x08001dd8   0x08001dd8   0x00000048   Code   RO         2782    i.OS_FlagInit       os_flag.o
    0x08001e20   0x08001e20   0x00000020   Code   RO         2784    i.OS_FlagUnlink     os_flag.o
    0x08001e40   0x08001e40   0x00000058   Code   RO         2593    i.OS_InitEventList  os_core.o
    0x08001e98   0x08001e98   0x00000020   Code   RO         2594    i.OS_InitMisc       os_core.o
    0x08001eb8   0x08001eb8   0x0000006c   Code   RO         2595    i.OS_InitTCBList    os_core.o
    0x08001f24   0x08001f24   0x00000012   Code   RO         2596    i.OS_MemClr         os_core.o
    0x08001f36   0x08001f36   0x00000002   PAD
    0x08001f38   0x08001f38   0x00000040   Code   RO         2971    i.OS_QInit          os_q.o
    0x08001f78   0x08001f78   0x00000048   Code   RO         2598    i.OS_Sched          os_core.o
    0x08001fc0   0x08001fc0   0x00000020   Code   RO         2599    i.OS_SchedNew       os_core.o
    0x08001fe0   0x08001fe0   0x000000f4   Code   RO         2601    i.OS_TCBInit        os_core.o
    0x080020d4   0x080020d4   0x0000001c   Code   RO         2602    i.OS_TaskIdle       os_core.o
    0x080020f0   0x080020f0   0x00000018   Code   RO         3101    i.OS_TaskReturn     os_task.o
    0x08002108   0x08002108   0x00000068   Code   RO         2603    i.OS_TaskStat       os_core.o
    0x08002170   0x08002170   0x00000038   Code   RO         2604    i.OS_TaskStatStkChk  os_core.o
    0x080021a8   0x080021a8   0x00000016   Code   RO         3102    i.OS_TaskStkClr     os_task.o
    0x080021be   0x080021be   0x00000002   PAD
    0x080021c0   0x080021c0   0x00000038   Code   RO         3320    i.SEGGER_RTT_Write  segger_rtt.o
    0x080021f8   0x080021f8   0x0000005c   Code   RO         3321    i.SEGGER_RTT_WriteNoLock  segger_rtt.o
    0x08002254   0x08002254   0x0000001a   Code   RO         3323    i.SEGGER_RTT_WriteString  segger_rtt.o
    0x0800226e   0x0800226e   0x00000002   Code   RO          308    i.SVC_Handler       stm32f4xx_it.o
    0x08002270   0x08002270   0x00000028   Code   RO          309    i.SysTick_Handler   stm32f4xx_it.o
    0x08002298   0x08002298   0x00000084   Code   RO           14    i.SystemClock_Config  main.o
    0x0800231c   0x0800231c   0x0000001c   Code   RO         2220    i.SystemInit        system_stm32f4xx.o
    0x08002338   0x08002338   0x00000010   Code   RO         1931    i.UART_DMAAbortOnError  stm32f4xx_hal_uart.o
    0x08002348   0x08002348   0x0000001c   Code   RO         1941    i.UART_EndRxTransfer  stm32f4xx_hal_uart.o
    0x08002364   0x08002364   0x00000096   Code   RO         1943    i.UART_Receive_IT   stm32f4xx_hal_uart.o
    0x080023fa   0x080023fa   0x00000002   PAD
    0x080023fc   0x080023fc   0x00000128   Code   RO         1944    i.UART_SetConfig    stm32f4xx_hal_uart.o
    0x08002524   0x08002524   0x00000062   Code   RO         1945    i.UART_Transmit_IT  stm32f4xx_hal_uart.o
    0x08002586   0x08002586   0x00000002   PAD
    0x08002588   0x08002588   0x0000000c   Code   RO          310    i.USART1_IRQHandler  stm32f4xx_it.o
    0x08002594   0x08002594   0x00000002   Code   RO          311    i.UsageFault_Handler  stm32f4xx_it.o
    0x08002596   0x08002596   0x00000002   PAD
    0x08002598   0x08002598   0x00000068   Code   RO         3325    i._DoInit           segger_rtt.o
    0x08002600   0x08002600   0x00000016   Code   RO         3326    i._GetAvailWriteSpace  segger_rtt.o
    0x08002616   0x08002616   0x0000005a   Code   RO         3328    i._WriteBlocking    segger_rtt.o
    0x08002670   0x08002670   0x00000042   Code   RO         3329    i._WriteNoCheck     segger_rtt.o
    0x080026b2   0x080026b2   0x00000002   PAD
    0x080026b4   0x080026b4   0x0000002c   Code   RO         4093    i.__0vsnprintf      mc_w.l(printfa.o)
    0x080026e0   0x080026e0   0x00000020   Code   RO         1482    i.__NVIC_SetPriority  stm32f4xx_hal_cortex.o
    0x08002700   0x08002700   0x0000000e   Code   RO         4159    i.__scatterload_copy  mc_w.l(handlers.o)
    0x0800270e   0x0800270e   0x00000002   Code   RO         4160    i.__scatterload_null  mc_w.l(handlers.o)
    0x08002710   0x08002710   0x0000000e   Code   RO         4161    i.__scatterload_zeroinit  mc_w.l(handlers.o)
    0x0800271e   0x0800271e   0x00000002   PAD
    0x08002720   0x08002720   0x00000184   Code   RO         4095    i._fp_digits        mc_w.l(printfa.o)
    0x080028a4   0x080028a4   0x000006dc   Code   RO         4096    i._printf_core      mc_w.l(printfa.o)
    0x08002f80   0x08002f80   0x00000024   Code   RO         4097    i._printf_post_padding  mc_w.l(printfa.o)
    0x08002fa4   0x08002fa4   0x0000002e   Code   RO         4098    i._printf_pre_padding  mc_w.l(printfa.o)
    0x08002fd2   0x08002fd2   0x00000016   Code   RO         4099    i._snputc           mc_w.l(printfa.o)
    0x08002fe8   0x08002fe8   0x00000054   Code   RO         4030    i.create_app_task   app_main.o
    0x0800303c   0x0800303c   0x0000001c   Code   RO         4031    i.led_blink_task    app_main.o
    0x08003058   0x08003058   0x0000002a   Code   RO           15    i.main              main.o
    0x08003082   0x08003082   0x00000020   Code   RO         3234    i.remove_none_printable_char  debug.o
    0x080030a2   0x080030a2   0x00000022   Code   RO         3235    i.rt_hw_console_output  debug.o
    0x080030c4   0x080030c4   0x00000024   Code   RO         4032    i.uart_task         app_main.o
    0x080030e8   0x080030e8   0x00000024   Code   RO         3236    i.ucos_kprintf      debug.o
    0x0800310c   0x0800310c   0x000000b4   Code   RO         4033    i.ucos_show_version  app_main.o
    0x080031c0   0x080031c0   0x00000010   Data   RO         2221    .constdata          system_stm32f4xx.o
    0x080031d0   0x080031d0   0x00000008   Data   RO         2222    .constdata          system_stm32f4xx.o
    0x080031d8   0x080031d8   0x00000100   Data   RO         2608    .constdata          os_core.o
    0x080032d8   0x080032d8   0x00000020   Data   RO         4157    Region$$Table       anon$$obj.o


    Execution Region RW_IRAM1 (Exec base: 0x20000000, Load base: 0x080032f8, Size: 0x000024c8, Max: 0x00020000, ABSOLUTE)

    Exec Addr    Load Addr    Size         Type   Attr      Idx    E Section Name        Object

    0x20000000   0x080032f8   0x0000000c   Data   RW         1626    .data               stm32f4xx_hal.o
    0x2000000c   0x08003304   0x00000004   Data   RW         2223    .data               system_stm32f4xx.o
    0x20000010   0x08003308   0x00000004   Data   RW         2454    .data               os_cpu_c.o
    0x20000014   0x0800330c   0x0000003c   Data   RW         2609    .data               os_core.o
    0x20000050   0x08003348   0x00000004   Data   RW         2610    .data               os_core.o
    0x20000054   0x0800334c   0x00000004   Data   RW         2611    .data               os_core.o
    0x20000058        -       0x00000058   Zero   RW          195    .bss                spi.o
    0x200000b0        -       0x00000040   Zero   RW          264    .bss                usart.o
    0x200000f0        -       0x00000200   Zero   RW         2453    .bss                os_cpu_c.o
    0x200002f0        -       0x00000e70   Zero   RW         2605    .bss                os_core.o
    0x20001160        -       0x00000050   Zero   RW         2606    .bss                os_core.o
    0x200011b0        -       0x00000060   Zero   RW         2607    .bss                os_core.o
    0x20001210        -       0x00000200   Zero   RW         3238    .bss                debug.o
    0x20001410        -       0x000008b8   Zero   RW         3330    .bss                segger_rtt.o
    0x20001cc8        -       0x00000400   Zero   RW         4034    .bss                app_main.o
    0x200020c8        -       0x00000400   Zero   RW            1    STACK               startup_stm32f407xx.o


==============================================================================

Image component sizes


      Code (inc. data)   RO Data    RW Data    ZI Data      Debug   Object Name

        16          0          0          0          0       3816   app_hooks.o
       328        194          0          0       1024       2528   app_main.o
       102          6          0          0        512       2985   debug.o
        96         10          0          0          0        819   gpio.o
       176          8          0          0          0     671921   main.o
      1368        162        256         68       3872      19539   os_core.o
       220         36          0          0          0        408   os_cpu_a.o
       602        134          0          4        512      18445   os_cpu_c.o
       104         12          0          0          0       1682   os_flag.o
        64          8          0          0          0        639   os_q.o
      1002        110          0          0          0       7196   os_task.o
       184         32          0          0          0       1468   os_time.o
       456         40          0          0       2232       9347   segger_rtt.o
       172         20          0          0         88       1581   spi.o
        36          8        392          0       1024        820   startup_stm32f407xx.o
       144         24          0         12          0       8645   stm32f4xx_hal.o
       198         14          0          0          0      33839   stm32f4xx_hal_cortex.o
        36          0          0          0          0       1179   stm32f4xx_hal_dma.o
       464         46          0          0          0       2953   stm32f4xx_hal_gpio.o
        48          6          0          0          0        794   stm32f4xx_hal_msp.o
      1344         88          0          0          0       5588   stm32f4xx_hal_rcc.o
       128          0          0          0          0       1131   stm32f4xx_hal_spi.o
       968         16          0          0          0       7275   stm32f4xx_hal_uart.o
        66         12          0          0          0       4037   stm32f4xx_it.o
        28          6         24          4          0       1079   system_stm32f4xx.o
       180         22          0          0         64       1618   usart.o

    ----------------------------------------------------------------------
      8554       1014        704         88       9328     811332   Object Totals
         0          0         32          0          0          0   (incl. Generated)
        24          0          0          0          0          0   (incl. Padding)

    ----------------------------------------------------------------------

      Code (inc. data)   RO Data    RW Data    ZI Data      Debug   Library Member Name

         0          0          0          0          0          0   entry.o
         0          0          0          0          0          0   entry10a.o
         0          0          0          0          0          0   entry11a.o
         8          4          0          0          0          0   entry2.o
         4          0          0          0          0          0   entry5.o
         0          0          0          0          0          0   entry7b.o
         0          0          0          0          0          0   entry8b.o
         8          4          0          0          0          0   entry9a.o
        30          0          0          0          0          0   handlers.o
        36          8          0          0          0         68   init.o
         0          0          0          0          0          0   iusefp.o
        30          0          0          0          0         68   llshl.o
        36          0          0          0          0         68   llsshr.o
        32          0          0          0          0         68   llushr.o
        36          0          0          0          0         68   memcpya.o
        36          0          0          0          0        108   memseta.o
      2292         84          0          0          0        516   printfa.o
        18          0          0          0          0         68   strcpy.o
        14          0          0          0          0         68   strlen.o
        44          0          0          0          0         80   uidiv.o
        98          0          0          0          0         92   uldiv.o
        48          0          0          0          0         68   cdrcmple.o
       334          0          0          0          0        148   dadd.o
       222          0          0          0          0        100   ddiv.o
       186          0          0          0          0        176   depilogue.o
        48          0          0          0          0         68   dfixul.o
       228          0          0          0          0         96   dmul.o

    ----------------------------------------------------------------------
      3790        100          0          0          0       1928   Library Totals
         2          0          0          0          0          0   (incl. Padding)

    ----------------------------------------------------------------------

      Code (inc. data)   RO Data    RW Data    ZI Data      Debug   Library Name

      2722        100          0          0          0       1272   mc_w.l
      1066          0          0          0          0        656   mf_w.l

    ----------------------------------------------------------------------
      3790        100          0          0          0       1928   Library Totals

    ----------------------------------------------------------------------

==============================================================================


      Code (inc. data)   RO Data    RW Data    ZI Data      Debug   

     12344       1114        704         88       9328     801976   Grand Totals
     12344       1114        704         88       9328     801976   ELF Image Totals
     12344       1114        704         88          0          0   ROM Totals

==============================================================================

    Total RO  Size (Code + RO Data)                13048 (  12.74kB)
    Total RW  Size (RW Data + ZI Data)              9416 (   9.20kB)
    Total ROM Size (Code + RO Data + RW Data)      13136 (  12.83kB)

==============================================================================

